Component: ARM Compiler 5.06 update 7 (build 960) Tool: armlink [4d3601]

==============================================================================

Section Cross References

    startup_stm32f407xx.o(RESET) refers to startup_stm32f407xx.o(STACK) for __initial_sp
    startup_stm32f407xx.o(RESET) refers to startup_stm32f407xx.o(.text) for Reset_Handler
    startup_stm32f407xx.o(RESET) refers to stm32f4xx_it.o(i.NMI_Handler) for NMI_Handler
    startup_stm32f407xx.o(RESET) refers to stm32f4xx_it.o(i.HardFault_Handler) for HardFault_Handler
    startup_stm32f407xx.o(RESET) refers to stm32f4xx_it.o(i.MemManage_Handler) for MemManage_Handler
    startup_stm32f407xx.o(RESET) refers to stm32f4xx_it.o(i.BusFault_Handler) for BusFault_Handler
    startup_stm32f407xx.o(RESET) refers to stm32f4xx_it.o(i.UsageFault_Handler) for UsageFault_Handler
    startup_stm32f407xx.o(RESET) refers to stm32f4xx_it.o(i.SVC_Handler) for SVC_Handler
    startup_stm32f407xx.o(RESET) refers to stm32f4xx_it.o(i.DebugMon_Handler) for DebugMon_Handler
    startup_stm32f407xx.o(RESET) refers to stm32f4xx_it.o(i.PendSV_Handler) for PendSV_Handler
    startup_stm32f407xx.o(RESET) refers to stm32f4xx_it.o(i.SysTick_Handler) for SysTick_Handler
    startup_stm32f407xx.o(RESET) refers to stm32f4xx_it.o(i.OTG_FS_IRQHandler) for OTG_FS_IRQHandler
    startup_stm32f407xx.o(.text) refers to system_stm32f4xx.o(i.SystemInit) for SystemInit
    startup_stm32f407xx.o(.text) refers to entry.o(.ARM.Collect$$$$00000000) for __main
    vatek_transform.o(i.transform_ctrl) refers to vatek_hms.o(i.vatek_hms_write_hal) for vatek_hms_write_hal
    vatek_transform.o(i.transform_ctrl) refers to vatek_system.o(i.vatek_system_delay) for vatek_system_delay
    vatek_transform.o(i.transform_ctrl) refers to vatek_hms.o(i.vatek_hms_read_hal) for vatek_hms_read_hal
    vatek_transform.o(i.transform_getstatus) refers to vatek_hms.o(i.vatek_hms_read_hal) for vatek_hms_read_hal
    vatek_transform.o(i.transform_reset) refers to vatek_system.o(i.vatek_system_gettick) for vatek_system_gettick
    vatek_transform.o(i.transform_reset) refers to printf8.o(i.__0printf$8) for __2printf
    vatek_transform.o(i.transform_reset) refers to vatek_hms.o(i.vatek_hms_reset) for vatek_hms_reset
    vatek_transform.o(i.transform_reset) refers to vatek_system.o(i.vatek_system_delay) for vatek_system_delay
    vatek_transform.o(i.transform_reset) refers to vatek_hms.o(i.vatek_hms_issystemidle) for vatek_hms_issystemidle
    vatek_transform.o(i.transform_reset) refers to vatek_transform.o(.constdata) for __func__
    vatek_transform.o(i.vatek_transform_bcstatus) refers to vatek_transform.o(i.transform_getstatus) for transform_getstatus
    vatek_transform.o(i.vatek_transform_capture) refers to vatek_capture.o(i.vatek_capture_reset) for vatek_capture_reset
    vatek_transform.o(i.vatek_transform_capture) refers to vatek_capture.o(i.vatek_capture_create) for vatek_capture_create
    vatek_transform.o(i.vatek_transform_capture) refers to vatek_capture.o(i.vatek_capture_gettable) for vatek_capture_gettable
    vatek_transform.o(i.vatek_transform_capture) refers to vatek_capture.o(i.vatek_capture_destroy) for vatek_capture_destroy
    vatek_transform.o(i.vatek_transform_chipstatus) refers to vatek_hms.o(i.vatek_hms_read_hal) for vatek_hms_read_hal
    vatek_transform.o(i.vatek_transform_create) refers to vatek_hms.o(i.vatek_hms_create) for vatek_hms_create
    vatek_transform.o(i.vatek_transform_create) refers to vatek_transform.o(i.transform_reset) for transform_reset
    vatek_transform.o(i.vatek_transform_destroy) refers to vatek_hms.o(i.vatek_hms_destroy) for vatek_hms_destroy
    vatek_transform.o(i.vatek_transform_enum_getlist) refers to vatek_enum.o(i.vatek_enum_reset) for vatek_enum_reset
    vatek_transform.o(i.vatek_transform_enum_getlist) refers to vatek_enum.o(i.vatek_enum_create) for vatek_enum_create
    vatek_transform.o(i.vatek_transform_enum_getlist) refers to vatek_enum.o(i.vatek_enum_getlist) for vatek_enum_getlist
    vatek_transform.o(i.vatek_transform_enum_getlist) refers to vatek_enum.o(i.vatek_enum_destroy) for vatek_enum_destroy
    vatek_transform.o(i.vatek_transform_modulator_setparm) refers to vatek_modulator.o(i.vatek_modulator_setparm) for vatek_modulator_setparm
    vatek_transform.o(i.vatek_transform_psispec_default_channel_config) refers to vatek_psispec_default.o(i.vatek_psispec_default_ch_config) for vatek_psispec_default_ch_config
    vatek_transform.o(i.vatek_transform_psispec_default_init) refers to vatek_psispec_default.o(i.vatek_psispec_default_init_tr) for vatek_psispec_default_init_tr
    vatek_transform.o(i.vatek_transform_psispec_default_program_add) refers to vatek_psispec_default.o(i.vatek_psispec_default_program_add) for vatek_psispec_default_program_add
    vatek_transform.o(i.vatek_transform_psispec_default_program_end) refers to vatek_psispec_default.o(i.vatek_psispec_default_program_end) for vatek_psispec_default_program_end
[...]
    OTG_FS_IRQHandler                        0x08007171   Thumb Code    10  stm32f4xx_it.o(i.OTG_FS_IRQHandler)
    PendSV_Handler                           0x08007443   Thumb Code     2  stm32f4xx_it.o(i.PendSV_Handler)
    RTC_EnterInitMode                        0x08007445   Thumb Code    62  stm32f4xx_hal_rtc.o(i.RTC_EnterInitMode)
    ResetPER_Demod                           0x08007485   Thumb Code   434  avl_demod_commoninternal.o(i.ResetPER_Demod)
    SVC_Handler                              0x0800763d   Thumb Code     2  stm32f4xx_it.o(i.SVC_Handler)
    SetGPIOStatus_Demod                      0x08007641   Thumb Code   402  avl_demod_commoninternal.o(i.SetGPIOStatus_Demod)
    SetInternalFunc_Demod                    0x080077d9   Thumb Code   116  avl_demod_commoninternal.o(i.SetInternalFunc_Demod)
    SetPLL0_Demod                            0x08007865   Thumb Code  1354  avl_demod_commoninternal.o(i.SetPLL0_Demod)
    SetPLL_Demod                             0x08007db9   Thumb Code    44  avl_demod_commoninternal.o(i.SetPLL_Demod)
    SetTSErrorBit_Demod                      0x08007ded   Thumb Code    26  avl_demod_commoninternal.o(i.SetTSErrorBit_Demod)
    SetTSErrorPola_Demod                     0x08007e0d   Thumb Code    72  avl_demod_commoninternal.o(i.SetTSErrorPola_Demod)
    SetTSMode_Demod                          0x08007e59   Thumb Code   754  avl_demod_commoninternal.o(i.SetTSMode_Demod)
    SetTSPacketLen_Demod                     0x08008151   Thumb Code    72  avl_demod_commoninternal.o(i.SetTSPacketLen_Demod)
    SetTSParallelOrder_Demod                 0x0800819d   Thumb Code    72  avl_demod_commoninternal.o(i.SetTSParallelOrder_Demod)
    SetTSParallelPhase_Demod                 0x080081e9   Thumb Code    72  avl_demod_commoninternal.o(i.SetTSParallelPhase_Demod)
    SetTSSerialOrder_Demod                   0x08008235   Thumb Code    72  avl_demod_commoninternal.o(i.SetTSSerialOrder_Demod)
    SetTSSerialPin_Demod                     0x08008281   Thumb Code    72  avl_demod_commoninternal.o(i.SetTSSerialPin_Demod)
    SetTSSerialSyncPulse_Demod               0x080082cd   Thumb Code    72  avl_demod_commoninternal.o(i.SetTSSerialSyncPulse_Demod)
    SetTSValidPola_Demod                     0x08008319   Thumb Code    72  avl_demod_commoninternal.o(i.SetTSValidPola_Demod)
    SysTick_Handler                          0x08008365   Thumb Code     8  stm32f4xx_it.o(i.SysTick_Handler)
    SystemClock_Config                       0x0800836d   Thumb Code   202  main.o(i.SystemClock_Config)
    SystemInit                               0x08008441   Thumb Code    24  system_stm32f4xx.o(i.SystemInit)
    TunerI2C_Initialize_Demod                0x0800845d   Thumb Code   298  avl_demod_commoninternal.o(i.TunerI2C_Initialize_Demod)
    USBD_CUSTOM_HID_RegisterInterface        0x08008b19   Thumb Code    14  usbd_customhid.o(i.USBD_CUSTOM_HID_RegisterInterface)
    USBD_ClrClassConfig                      0x08008c99   Thumb Code    22  usbd_core.o(i.USBD_ClrClassConfig)
    USBD_CtlContinueRx                       0x08008ced   Thumb Code    24  usbd_ioreq.o(i.USBD_CtlContinueRx)
    USBD_CtlContinueSendData                 0x08008d05   Thumb Code    24  usbd_ioreq.o(i.USBD_CtlContinueSendData)
    USBD_CtlError                            0x08008d1d   Thumb Code    24  usbd_ctlreq.o(i.USBD_CtlError)
    USBD_CtlPrepareRx                        0x08008d35   Thumb Code    40  usbd_ioreq.o(i.USBD_CtlPrepareRx)
    USBD_CtlReceiveStatus                    0x08008d5d   Thumb Code    26  usbd_ioreq.o(i.USBD_CtlReceiveStatus)
    USBD_CtlSendData                         0x08008d77   Thumb Code    34  usbd_ioreq.o(i.USBD_CtlSendData)
    USBD_CtlSendStatus                       0x08008d99   Thumb Code    26  usbd_ioreq.o(i.USBD_CtlSendStatus)
    USBD_FS_ConfigStrDescriptor              0x08008db5   Thumb Code    34  usbd_desc.o(i.USBD_FS_ConfigStrDescriptor)
    USBD_FS_DeviceDescriptor                 0x08008df1   Thumb Code    10  usbd_desc.o(i.USBD_FS_DeviceDescriptor)
    USBD_FS_InterfaceStrDescriptor           0x08008e01   Thumb Code    34  usbd_desc.o(i.USBD_FS_InterfaceStrDescriptor)
    USBD_FS_LangIDStrDescriptor              0x08008e41   Thumb Code    10  usbd_desc.o(i.USBD_FS_LangIDStrDescriptor)
    USBD_FS_ManufacturerStrDescriptor        0x08008e51   Thumb Code    20  usbd_desc.o(i.USBD_FS_ManufacturerStrDescriptor)
    USBD_FS_ProductStrDescriptor             0x08008e7d   Thumb Code    34  usbd_desc.o(i.USBD_FS_ProductStrDescriptor)
    USBD_FS_SerialStrDescriptor              0x08008ec5   Thumb Code    18  usbd_desc.o(i.USBD_FS_SerialStrDescriptor)
    USBD_GetString                           0x080090f3   Thumb Code    82  usbd_ctlreq.o(i.USBD_GetString)
    USBD_Get_USB_Status                      0x08009145   Thumb Code    44  usbd_conf.o(i.USBD_Get_USB_Status)
    USBD_Init                                0x08009171   Thumb Code    50  usbd_core.o(i.USBD_Init)
    USBD_LL_ClearStallEP                     0x080091a3   Thumb Code    38  usbd_conf.o(i.USBD_LL_ClearStallEP)
    USBD_LL_CloseEP                          0x080091c9   Thumb Code    38  usbd_conf.o(i.USBD_LL_CloseEP)
    USBD_LL_DataInStage                      0x080091ef   Thumb Code   256  usbd_core.o(i.USBD_LL_DataInStage)
    USBD_LL_DataOutStage                     0x080092ef   Thumb Code   166  usbd_core.o(i.USBD_LL_DataOutStage)
    USBD_LL_DevConnected                     0x08009395   Thumb Code     6  usbd_core.o(i.USBD_LL_DevConnected)
    USBD_LL_DevDisconnected                  0x0800939b   Thumb Code    26  usbd_core.o(i.USBD_LL_DevDisconnected)
    USBD_LL_Init                             0x080093b5   Thumb Code   100  usbd_conf.o(i.USBD_LL_Init)
    USBD_LL_IsStallEP                        0x0800941d   Thumb Code    56  usbd_conf.o(i.USBD_LL_IsStallEP)
    USBD_LL_IsoINIncomplete                  0x08009455   Thumb Code     6  usbd_core.o(i.USBD_LL_IsoINIncomplete)
    USBD_LL_IsoOUTIncomplete                 0x0800945b   Thumb Code     6  usbd_core.o(i.USBD_LL_IsoOUTIncomplete)
    USBD_LL_OpenEP                           0x08009461   Thumb Code    48  usbd_conf.o(i.USBD_LL_OpenEP)
    USBD_LL_PrepareReceive                   0x08009491   Thumb Code    48  usbd_conf.o(i.USBD_LL_PrepareReceive)
    USBD_LL_Reset                            0x080094c1   Thumb Code    92  usbd_core.o(i.USBD_LL_Reset)
    USBD_LL_Resume                           0x0800951d   Thumb Code    14  usbd_core.o(i.USBD_LL_Resume)
    USBD_LL_SOF                              0x0800952b   Thumb Code    34  usbd_core.o(i.USBD_LL_SOF)
    USBD_LL_SetSpeed                         0x0800954d   Thumb Code     8  usbd_core.o(i.USBD_LL_SetSpeed)
    USBD_LL_SetUSBAddress                    0x08009555   Thumb Code    38  usbd_conf.o(i.USBD_LL_SetUSBAddress)
    USBD_LL_SetupStage                       0x0800957b   Thumb Code   110  usbd_core.o(i.USBD_LL_SetupStage)
    USBD_LL_StallEP                          0x080095e9   Thumb Code    38  usbd_conf.o(i.USBD_LL_StallEP)
    USBD_LL_Start                            0x0800960f   Thumb Code    30  usbd_conf.o(i.USBD_LL_Start)
    USBD_LL_Suspend                          0x0800962d   Thumb Code    20  usbd_core.o(i.USBD_LL_Suspend)
    USBD_LL_Transmit                         0x08009641   Thumb Code    48  usbd_conf.o(i.USBD_LL_Transmit)
    USBD_ParseSetupRequest                   0x08009671   Thumb Code    40  usbd_ctlreq.o(i.USBD_ParseSetupRequest)
    USBD_RegisterClass                       0x08009699   Thumb Code    16  usbd_core.o(i.USBD_RegisterClass)
    USBD_RunTestMode                         0x080096a9   Thumb Code     6  usbd_core.o(i.USBD_RunTestMode)
    USBD_SetClassConfig                      0x08009709   Thumb Code    34  usbd_core.o(i.USBD_SetClassConfig)
    USBD_Start                               0x0800982d   Thumb Code    14  usbd_core.o(i.USBD_Start)
    USBD_StdDevReq                           0x0800983b   Thumb Code   162  usbd_ctlreq.o(i.USBD_StdDevReq)
    USBD_StdEPReq                            0x080098dd   Thumb Code   568  usbd_ctlreq.o(i.USBD_StdEPReq)
    USBD_StdItfReq                           0x08009b15   Thumb Code   126  usbd_ctlreq.o(i.USBD_StdItfReq)
    USB_ActivateEndpoint                     0x08009b95   Thumb Code   202  stm32f4xx_ll_usb.o(i.USB_ActivateEndpoint)
    USB_ActivateSetup                        0x08009c65   Thumb Code    70  stm32f4xx_ll_usb.o(i.USB_ActivateSetup)
    USB_CoreInit                             0x08009cad   Thumb Code   128  stm32f4xx_ll_usb.o(i.USB_CoreInit)
    USB_DeactivateEndpoint                   0x08009d7d   Thumb Code   182  stm32f4xx_ll_usb.o(i.USB_DeactivateEndpoint)
    USB_DevConnect                           0x08009e41   Thumb Code    32  stm32f4xx_ll_usb.o(i.USB_DevConnect)
    USB_DevDisconnect                        0x08009e61   Thumb Code    32  stm32f4xx_ll_usb.o(i.USB_DevDisconnect)
    USB_DevInit                              0x08009e81   Thumb Code   482  stm32f4xx_ll_usb.o(i.USB_DevInit)
    USB_DisableGlobalInt                     0x0800a075   Thumb Code    14  stm32f4xx_ll_usb.o(i.USB_DisableGlobalInt)
    USB_EP0StartXfer                         0x0800a085   Thumb Code   468  stm32f4xx_ll_usb.o(i.USB_EP0StartXfer)
    USB_EP0_OutStart                         0x0800a25d   Thumb Code   106  stm32f4xx_ll_usb.o(i.USB_EP0_OutStart)
    USB_EPClearStall                         0x0800a2cd   Thumb Code   142  stm32f4xx_ll_usb.o(i.USB_EPClearStall)
    USB_EPSetStall                           0x0800a35b   Thumb Code   154  stm32f4xx_ll_usb.o(i.USB_EPSetStall)
    USB_EPStartXfer                          0x0800a3f5   Thumb Code   832  stm32f4xx_ll_usb.o(i.USB_EPStartXfer)
    USB_EnableGlobalInt                      0x0800a739   Thumb Code    14  stm32f4xx_ll_usb.o(i.USB_EnableGlobalInt)
    USB_FlushRxFifo                          0x0800a749   Thumb Code    38  stm32f4xx_ll_usb.o(i.USB_FlushRxFifo)
    USB_FlushTxFifo                          0x0800a775   Thumb Code    44  stm32f4xx_ll_usb.o(i.USB_FlushTxFifo)
    USB_GetDevSpeed                          0x0800a7a5   Thumb Code    38  stm32f4xx_ll_usb.o(i.USB_GetDevSpeed)
    USB_GetMode                              0x0800a7cb   Thumb Code    10  stm32f4xx_ll_usb.o(i.USB_GetMode)
    USB_ReadDevAllInEpInterrupt              0x0800a7d5   Thumb Code    20  stm32f4xx_ll_usb.o(i.USB_ReadDevAllInEpInterrupt)
    USB_ReadDevAllOutEpInterrupt             0x0800a7e9   Thumb Code    20  stm32f4xx_ll_usb.o(i.USB_ReadDevAllOutEpInterrupt)
    USB_ReadDevInEPInterrupt                 0x0800a7fd   Thumb Code    50  stm32f4xx_ll_usb.o(i.USB_ReadDevInEPInterrupt)
    USB_ReadDevOutEPInterrupt                0x0800a82f   Thumb Code    26  stm32f4xx_ll_usb.o(i.USB_ReadDevOutEPInterrupt)
    USB_ReadInterrupts                       0x0800a849   Thumb Code    10  stm32f4xx_ll_usb.o(i.USB_ReadInterrupts)
    USB_ReadPacket                           0x0800a853   Thumb Code    34  stm32f4xx_ll_usb.o(i.USB_ReadPacket)
    USB_SetCurrentMode                       0x0800a875   Thumb Code    54  stm32f4xx_ll_usb.o(i.USB_SetCurrentMode)
    USB_SetDevAddress                        0x0800a8ab   Thumb Code    42  stm32f4xx_ll_usb.o(i.USB_SetDevAddress)
    USB_SetDevSpeed                          0x0800a8d5   Thumb Code    18  stm32f4xx_ll_usb.o(i.USB_SetDevSpeed)
    USB_SetTurnaroundTime                    0x0800a8e9   Thumb Code   192  stm32f4xx_ll_usb.o(i.USB_SetTurnaroundTime)
    USB_WritePacket                          0x0800a9d1   Thumb Code    60  stm32f4xx_ll_usb.o(i.USB_WritePacket)
    UsageFault_Handler                       0x0800aa0d   Thumb Code     4  stm32f4xx_it.o(i.UsageFault_Handler)
    __0printf$8                              0x0800aa11   Thumb Code    22  printf8.o(i.__0printf$8)
    __1printf$8                              0x0800aa11   Thumb Code     0  printf8.o(i.__0printf$8)
    __2printf                                0x0800aa11   Thumb Code     0  printf8.o(i.__0printf$8)
    free                                     0x0800aa69   Thumb Code    88  mallocr.o(i.__free$realloc)
    malloc                                   0x0800aac5   Thumb Code    64  mallocr.o(i.__malloc$realloc)
    __scatterload_copy                       0x0800ab15   Thumb Code    14  handlers.o(i.__scatterload_copy)
    __scatterload_null                       0x0800ab23   Thumb Code     2  handlers.o(i.__scatterload_null)
    __scatterload_zeroinit                   0x0800ab25   Thumb Code    14  handlers.o(i.__scatterload_zeroinit)
    avl68xx_create                           0x0800c4c5   Thumb Code   160  demod_avl68xx.o(i.avl68xx_create)
    avl68xx_getstatus                        0x0800c5e5   Thumb Code    98  demod_avl68xx.o(i.avl68xx_getstatus)
    avl68xx_i2cbypass                        0x0800c659   Thumb Code    86  demod_avl68xx.o(i.avl68xx_i2cbypass)
    avl68xx_lock                             0x0800c6f9   Thumb Code   192  demod_avl68xx.o(i.avl68xx_lock)
    fputc                                    0x0800ca6d   Thumb Code    22  usart.o(i.fputc)
    main                                     0x0800cf69   Thumb Code    58  main.o(i.main)
    mxl608_create                            0x0800e329   Thumb Code   134  tuner_mxl608.o(i.mxl608_create)
    mxl608_getstatus                         0x0800e431   Thumb Code    84  tuner_mxl608.o(i.mxl608_getstatus)
    mxl608_lock                              0x0800e485   Thumb Code   370  tuner_mxl608.o(i.mxl608_lock)
    r2_viavatek_create                       0x0800e965   Thumb Code    64  rf_r2_via_vatek.o(i.r2_viavatek_create)
    r2_viavatek_getstatus                    0x0800e9f1   Thumb Code    82  rf_r2_via_vatek.o(i.r2_viavatek_getstatus)
    r2_viavatek_start                        0x0800ea45   Thumb Code   140  rf_r2_via_vatek.o(i.r2_viavatek_start)
    r2_viavatek_stop                         0x0800eadd   Thumb Code    70  rf_r2_via_vatek.o(i.r2_viavatek_stop)
    sample_tf_init                           0x0800eb25   Thumb Code   166  vatek_sample_transform.o(i.sample_tf_init)
    sample_tf_play_program                   0x0800ecbd   Thumb Code    16  vatek_sample_transform.o(i.sample_tf_play_program)
    sample_tf_statusmsg                      0x0800ecd1   Thumb Code    98  vatek_sample_transform.o(i.sample_tf_statusmsg)
    sample_tf_stop                           0x0800edc1   Thumb Code   112  vatek_sample_transform.o(i.sample_tf_stop)
    uart_cmdline_init                        0x0800fa99   Thumb Code    32  uart_cmdline.o(i.uart_cmdline_init)
    vatek_demod_create                       0x0800fac5   Thumb Code   128  vatek_demod.o(i.vatek_demod_create)
    vatek_demod_getstatus                    0x0800fb45   Thumb Code    44  vatek_demod.o(i.vatek_demod_getstatus)
    vatek_demod_i2cbypass                    0x0800fb71   Thumb Code    42  vatek_demod.o(i.vatek_demod_i2cbypass)
    vatek_demod_lock                         0x0800fb9b   Thumb Code    44  vatek_demod.o(i.vatek_demod_lock)
    vatek_hms_create                         0x0800fbc7   Thumb Code    66  vatek_hms.o(i.vatek_hms_create)
    vatek_hms_issystemidle                   0x0800fc09   Thumb Code    70  vatek_hms.o(i.vatek_hms_issystemidle)
    vatek_hms_read_hal                       0x0800fc55   Thumb Code   132  vatek_hms.o(i.vatek_hms_read_hal)
    vatek_hms_read_reg                       0x0800fcdd   Thumb Code   132  vatek_hms.o(i.vatek_hms_read_reg)
    vatek_hms_reset                          0x0800fd65   Thumb Code    36  vatek_hms.o(i.vatek_hms_reset)
    vatek_hms_write_hal                      0x0800fd89   Thumb Code    74  vatek_hms.o(i.vatek_hms_write_hal)
    vatek_hms_write_halbuf                   0x0800fdd9   Thumb Code    98  vatek_hms.o(i.vatek_hms_write_halbuf)
    vatek_modulator_setparm                  0x0800fe3d   Thumb Code   218  vatek_modulator.o(i.vatek_modulator_setparm)
    vatek_porting_i2c_read                   0x0800ff55   Thumb Code   300  vatek_porting_i2c.o(i.vatek_porting_i2c_read)
    vatek_porting_i2c_set_speed              0x08010085   Thumb Code     6  vatek_porting_i2c.o(i.vatek_porting_i2c_set_speed)
    vatek_porting_i2c_start                  0x0801008b   Thumb Code   130  vatek_porting_i2c.o(i.vatek_porting_i2c_start)
    vatek_porting_i2c_stop                   0x0801010d   Thumb Code    34  vatek_porting_i2c.o(i.vatek_porting_i2c_stop)
    vatek_porting_i2c_write                  0x08010131   Thumb Code    80  vatek_porting_i2c.o(i.vatek_porting_i2c_write)
    vatek_porting_system_delay               0x08010185   Thumb Code    16  vatek_porting_system.o(i.vatek_porting_system_delay)
    vatek_porting_system_demodreset          0x08010195   Thumb Code    70  vatek_porting_system.o(i.vatek_porting_system_demodreset)
    vatek_porting_system_gettick             0x080101e1   Thumb Code    14  vatek_porting_system.o(i.vatek_porting_system_gettick)
    vatek_porting_system_mainreset           0x080101f1   Thumb Code    58  vatek_porting_system.o(i.vatek_porting_system_mainreset)
    vatek_porting_system_phyreset            0x08010231   Thumb Code    12  vatek_porting_system.o(i.vatek_porting_system_phyreset)
    vatek_porting_system_rfreset             0x0801023d   Thumb Code    12  vatek_porting_system.o(i.vatek_porting_system_rfreset)
    vatek_porting_system_tunerreset          0x08010249   Thumb Code    70  vatek_porting_system.o(i.vatek_porting_system_tunerreset)
    vatek_psispec_default_ch_config          0x08010295   Thumb Code   144  vatek_psispec_default.o(i.vatek_psispec_default_ch_config)
    vatek_psispec_default_init_tr            0x08010335   Thumb Code   256  vatek_psispec_default.o(i.vatek_psispec_default_init_tr)
    vatek_psispec_default_program_add        0x08010449   Thumb Code   234  vatek_psispec_default.o(i.vatek_psispec_default_program_add)
    vatek_psispec_default_program_end        0x08010559   Thumb Code    26  vatek_psispec_default.o(i.vatek_psispec_default_program_end)
    vatek_psispec_default_start_tr           0x08010581   Thumb Code    18  vatek_psispec_default.o(i.vatek_psispec_default_start_tr)
    vatek_psispec_default_stream_add         0x080105a1   Thumb Code   306  vatek_psispec_default.o(i.vatek_psispec_default_stream_add)
    vatek_rf_create                          0x08010715   Thumb Code    96  vatek_rf.o(i.vatek_rf_create)
    vatek_rf_start                           0x08010775   Thumb Code    42  vatek_rf.o(i.vatek_rf_start)
    vatek_rf_stop                            0x0801079f   Thumb Code    38  vatek_rf.o(i.vatek_rf_stop)
    vatek_system_delay                       0x080107c5   Thumb Code    12  vatek_system.o(i.vatek_system_delay)
    vatek_system_gettick                     0x080107d1   Thumb Code     8  vatek_system.o(i.vatek_system_gettick)
    vatek_system_i2c_create                  0x080107d9   Thumb Code    66  vatek_system.o(i.vatek_system_i2c_create)
    vatek_system_reset                       0x08010831   Thumb Code   202  vatek_system.o(i.vatek_system_reset)
    vatek_transform_bcstatus                 0x080108fb   Thumb Code    36  vatek_transform.o(i.vatek_transform_bcstatus)
    vatek_transform_chipstatus               0x0801091f   Thumb Code   116  vatek_transform.o(i.vatek_transform_chipstatus)
    vatek_transform_create                   0x08010993   Thumb Code    68  vatek_transform.o(i.vatek_transform_create)
    vatek_transform_modulator_setparm        0x080109d7   Thumb Code    44  vatek_transform.o(i.vatek_transform_modulator_setparm)
    vatek_transform_psispec_default_channel_config 0x08010a03   Thumb Code    30  vatek_transform.o(i.vatek_transform_psispec_default_channel_config)
    vatek_transform_psispec_default_init     0x08010a21   Thumb Code    42  vatek_transform.o(i.vatek_transform_psispec_default_init)
    vatek_transform_psispec_default_program_add 0x08010a4b   Thumb Code    32  vatek_transform.o(i.vatek_transform_psispec_default_program_add)
    vatek_transform_psispec_default_program_end 0x08010a6b   Thumb Code    20  vatek_transform.o(i.vatek_transform_psispec_default_program_end)
    vatek_transform_psispec_default_start    0x08010a7f   Thumb Code    20  vatek_transform.o(i.vatek_transform_psispec_default_start)
    vatek_transform_psispec_default_stream_add 0x08010a93   Thumb Code    32  vatek_transform.o(i.vatek_transform_psispec_default_stream_add)
    vatek_transform_start                    0x08010ab5   Thumb Code   114  vatek_transform.o(i.vatek_transform_start)
    vatek_transform_stop                     0x08010b71   Thumb Code    70  vatek_transform.o(i.vatek_transform_stop)
    vatek_transform_tsmux_setparm            0x08010c01   Thumb Code    30  vatek_transform.o(i.vatek_transform_tsmux_setparm)
    vatek_transform_tsp_setfilterparm        0x08010c1f   Thumb Code    48  vatek_transform.o(i.vatek_transform_tsp_setfilterparm)
    vatek_transform_tsp_setinputparm_ts      0x08010c4f   Thumb Code    28  vatek_transform.o(i.vatek_transform_tsp_setinputparm_ts)
    vatek_tsmux_setparm                      0x08010c6d   Thumb Code   234  vatek_tsmux.o(i.vatek_tsmux_setparm)
    vatek_tsp_setfilterparm                  0x08010e11   Thumb Code   196  vatek_tsp.o(i.vatek_tsp_setfilterparm)
    vatek_tsp_setinputparm_ts                0x08010ed9   Thumb Code   194  vatek_tsp.o(i.vatek_tsp_setinputparm_ts)
    vatek_tuner_create                       0x08010f9b   Thumb Code   154  vatek_tuner.o(i.vatek_tuner_create)
    vatek_tuner_getstatus                    0x08011035   Thumb Code    60  vatek_tuner.o(i.vatek_tuner_getstatus)
    vatek_tuner_lock                         0x08011071   Thumb Code    60  vatek_tuner.o(i.vatek_tuner_lock)
    AVL_Demod_Patch_DVBCFw                   0x08011294   Data           1  avl_demod_commoninternal.o(.constdata)
    AVL_Demod_Patch_ISDBTFw                  0x08011295   Data           1  avl_demod_commoninternal.o(.constdata)
    AHBPrescTable                            0x0801144f   Data          16  system_stm32f4xx.o(.constdata)
    APBPrescTable                            0x0801145f   Data           8  system_stm32f4xx.o(.constdata)
    Region$$Table$$Base                      0x08011a14   Number         0  anon$$obj.o(Region$$Table)
    Region$$Table$$Limit                     0x08011a54   Number         0  anon$$obj.o(Region$$Table)
    MxL608_OverwriteDefaults                 0x1000000c   Data          75  mxl608_tunercfg.o(.data)
    MxL608_DigitalDvbc                       0x10000057   Data          81  mxl608_tunercfg.o(.data)
    MxL608_DigitalIsdbtAtsc                  0x100000a8   Data          72  mxl608_tunercfg.o(.data)
    MxL608_DigitalDvbt                       0x100000f0   Data          72  mxl608_tunercfg.o(.data)
    MxL608_SPUR_REGISTER                     0x10000138   Data           3  mxl608_tunerspurtable.o(.data)
    MXL608_DIG_CABLE_FREQ_LUT                0x1000013c   Data          24  mxl608_tunerspurtable.o(.data)
    MXL608_DIG_TERR_FREQ_LUT                 0x10000154   Data          16  mxl608_tunerspurtable.o(.data)
    gsemI2C                                  0x10000164   Data           1  avl_demod_commonapi.o(.data)
    AVL_CommonConfigChip0                    0x10000168   Data           6  avl_demod_config.o(.data)
    AVL_DVBTxConfigChip0                     0x10000170   Data          12  avl_demod_config.o(.data)
    AVL_DVBSxConfigChip0                     0x1000017c   Data           2  avl_demod_config.o(.data)
    AVL_ISDBTConfigChip0                     0x10000180   Data          12  avl_demod_config.o(.data)
    AVL_DVBCConfigChip0                      0x1000018c   Data          16  avl_demod_config.o(.data)
    AVL_DTMBConfigChip0                      0x1000019c   Data          16  avl_demod_config.o(.data)
    AVL_CommonConfigChip1                    0x100001ac   Data           6  avl_demod_config.o(.data)
    AVL_DVBTxConfigChip1                     0x100001b4   Data          12  avl_demod_config.o(.data)
    AVL_DVBSxConfigChip1                     0x100001c0   Data           2  avl_demod_config.o(.data)
    AVL_ISDBTConfigChip1                     0x100001c4   Data          12  avl_demod_config.o(.data)
    AVL_DVBCConfigChip1                      0x100001d0   Data          16  avl_demod_config.o(.data)
    AVL_DTMBConfigChip1                      0x100001e0   Data          16  avl_demod_config.o(.data)
    AVL_DVBT_Non_Hierarchical_CN_Table       0x10000204   Data         120  avl_demod_dvbtx.o(.data)
    AVL_DVBT_Hierarchical_CN_Table           0x1000027c   Data         480  avl_demod_dvbtx.o(.data)
    DVBT2_RAW_CN_Table                       0x1000045c   Data         256  avl_demod_dvbtx.o(.data)
    DVBT2_PCB_CN_Table                       0x1000055c   Data         384  avl_demod_dvbtx.o(.data)
    DVBT_BERSQI_Table                        0x100006dc   Data         176  avl_demod_dvbtx.o(.data)
    AVL_DVBT_RF_TABLE                        0x1000078c   Data         120  avl_demod_dvbtx.o(.data)
    AVL_DVBT2_RF_TABLE                       0x10000804   Data         256  avl_demod_dvbtx.o(.data)
    USBD_CustomHID_fops_FS                   0x10000910   Data          16  usbd_custom_hid_if.o(.data)
    uwTick                                   0x10000920   Data           4  stm32f4xx_hal.o(.data)
    uwTickPrio                               0x10000924   Data           4  stm32f4xx_hal.o(.data)
    uwTickFreq                               0x10000928   Data           1  stm32f4xx_hal.o(.data)
    SystemCoreClock                          0x1000092c   Data           4  system_stm32f4xx.o(.data)
    USBD_CUSTOM_HID                          0x10000930   Data          56  usbd_customhid.o(.data)
    __microlib_freelist                      0x10000a04   Data           4  mvars.o(.data)
    gstChipInternalArray                     0x10000a08   Data        1096  avl_demod_commonapi.o(.bss)
    huart1                                   0x10000e50   Data          64  usart.o(.bss)
    huart6                                   0x10000e90   Data          64  usart.o(.bss)
    hUsbDeviceFS                             0x10000ed0   Data         668  usb_device.o(.bss)
    hpcd_USB_OTG_FS                          0x1000116c   Data        1032  usbd_conf.o(.bss)
    USBD_StrDesc                             0x10001574   Data         512  usbd_desc.o(.bss)
    __initial_sp                             0x10005778   Data           0  startup_stm32f407xx.o(STACK)
    AVL_Demod_Patch_DVBTxFw                  0x20000004   Data       70044  avl_demod_commoninternal.o(.data)
    AVL_Demod_Patch_DVBSxFw                  0x200111a0   Data           1  avl_demod_commoninternal.o(.data)
    gstPLLConfigArray0                       0x200111a4   Data         320  avl_demod_commoninternal.o(.data)
    gstSleepPLLConfigArray0                  0x200112e4   Data          40  avl_demod_commoninternal.o(.data)
    g_serial                                 0x20011328   Data           1  vatek_sample_transform.o(.data)
    g_clk_inverse                            0x20011329   Data           1  vatek_sample_transform.o(.data)
    FS_Desc                                  0x200115ec   Data          28  usbd_desc.o(.data)
    USBD_FS_DeviceDesc                       0x20011608   Data          18  usbd_desc.o(.data)
    USBD_LangIDDesc                          0x2001161c   Data           4  usbd_desc.o(.data)
    USBD_StringSerial                        0x20011620   Data          26  usbd_desc.o(.data)
    __stdout                                 0x2001163c   Data           4  stdout.o(.data)
    __microlib_freelist_initialised          0x20011640   Data           4  mvars.o(.data)
    hi2c1                                    0x20011650   Data          84  i2c.o(.bss)
    hrtc                                     0x200116a4   Data          32  rtc.o(.bss)
    hspi1                                    0x200116c4   Data          88  spi.o(.bss)
    hspi3                                    0x2001171c   Data          88  spi.o(.bss)
    __heap_base                              0x20011778   Data           0  startup_stm32f407xx.o(HEAP)
    __heap_limit                             0x20015778   Data           0  startup_stm32f407xx.o(HEAP)



==============================================================================

Memory Map of the image

  Image Entry point : 0x08000189

  Load Region LR_IROM1 (Base: 0x08000000, Size: 0x00023aa0, Max: 0x00080000, ABSOLUTE, COMPRESSED[0x00020bbc])

    Execution Region ER_IROM1 (Exec base: 0x08000000, Load base: 0x08000000, Size: 0x00011a54, Max: 0x00080000, ABSOLUTE)

    Exec Addr    Load Addr    Size         Type   Attr      Idx    E Section Name        Object

    0x08000000   0x08000000   0x00000188   Data   RO            3    RESET               startup_stm32f407xx.o
    0x08000188   0x08000188   0x00000000   Code   RO         7645  * .ARM.Collect$$$$00000000  mc_w.l(entry.o)
    0x08000188   0x08000188   0x00000004   Code   RO         7968    .ARM.Collect$$$$00000001  mc_w.l(entry2.o)
    0x0800018c   0x0800018c   0x00000004   Code   RO         7971    .ARM.Collect$$$$00000004  mc_w.l(entry5.o)
    0x08000190   0x08000190   0x00000000   Code   RO         7973    .ARM.Collect$$$$00000008  mc_w.l(entry7b.o)
    0x08000190   0x08000190   0x00000000   Code   RO         7975    .ARM.Collect$$$$0000000A  mc_w.l(entry8b.o)
    0x08000190   0x08000190   0x00000008   Code   RO         7976    .ARM.Collect$$$$0000000B  mc_w.l(entry9a.o)
    0x08000198   0x08000198   0x00000004   Code   RO         7983    .ARM.Collect$$$$0000000E  mc_w.l(entry12b.o)
    0x0800019c   0x0800019c   0x00000000   Code   RO         7978    .ARM.Collect$$$$0000000F  mc_w.l(entry10a.o)
    0x0800019c   0x0800019c   0x00000000   Code   RO         7980    .ARM.Collect$$$$00000011  mc_w.l(entry11a.o)
    0x0800019c   0x0800019c   0x00000004   Code   RO         7969    .ARM.Collect$$$$00002712  mc_w.l(entry2.o)
    0x080001a0   0x080001a0   0x00000024   Code   RO            4    .text               startup_stm32f407xx.o
    0x080001c4   0x080001c4   0x00000062   Code   RO         7651    .text               mc_w.l(uldiv.o)
    0x08000226   0x08000226   0x00000024   Code   RO         7653    .text               mc_w.l(memcpya.o)
    0x0800024a   0x0800024a   0x00000024   Code   RO         7655    .text               mc_w.l(memseta.o)
    0x0800026e   0x0800026e   0x0000001e   Code   RO         7987    .text               mc_w.l(llshl.o)
    0x0800028c   0x0800028c   0x00000020   Code   RO         7989    .text               mc_w.l(llushr.o)
    0x080002ac   0x080002ac   0x00000024   Code   RO         8013    .text               mc_w.l(init.o)
    0x080002d0   0x080002d0   0x0000005e   Code   RO         8057    .text               mc_w.l(__dclz77c.o)
    0x0800032e   0x0800032e   0x00000002   PAD
    0x08000330   0x08000330   0x00000078   Code   RO         1875    i.AVL_Demod_DVBCAutoLock  avl_demod_dvbc.o
    0x080003a8   0x080003a8   0x0000019c   Code   RO         1968    i.AVL_Demod_DVBSxAutoLock  avl_demod_dvbsx.o
    0x08000544   0x08000544   0x00000054   Code   RO         1985    i.AVL_Demod_DVBSx_GetFunctionalMode  avl_demod_dvbsx.o
    0x08000598   0x08000598   0x000000b0   Code   RO         2145    i.AVL_Demod_DVBTxChannelScan  avl_demod_dvbtx.o
    0x08000648   0x08000648   0x000006c4   Code   RO         2146    i.AVL_Demod_DVBTxGetModulationInfo  avl_demod_dvbtx.o
    0x08000d0c   0x08000d0c   0x000000c0   Code   RO         1279    i.AVL_Demod_GetChipID  avl_demod_commonapi.o
    0x08000dcc   0x08000dcc   0x0000004c   Code   RO         1281    i.AVL_Demod_GetLockStatus  avl_demod_commonapi.o
    0x08000e18   0x08000e18   0x00000054   Code   RO         1287    i.AVL_Demod_I2CBypassOff  avl_demod_commonapi.o
    0x08000e6c   0x08000e6c   0x00000054   Code   RO         1288    i.AVL_Demod_I2CBypassOn  avl_demod_commonapi.o
    0x08000ec0   0x08000ec0   0x00000060   Code   RO         2289    i.AVL_Demod_ISDBTAutoLock  avl_demod_isdbt.o
    0x08000f20   0x08000f20   0x00000610   Code   RO         1289    i.AVL_Demod_Initialize  avl_demod_commonapi.o
    0x08001530   0x08001530   0x00000420   Code   RO         1291    i.AVL_Demod_SetMode  avl_demod_commonapi.o
    0x08001950   0x08001950   0x0000000c   Code   RO         2410    i.AVL_IBSP_Delay    user_defined_function.o
    0x0800195c   0x0800195c   0x00000068   Code   RO          848    i.AVL_IBSP_I2C_Read  mxl608_oem_drv.o
    0x080019c4   0x080019c4   0x00000068   Code   RO         2413    i.AVL_IBSP_I2C_Read  user_defined_function.o
    0x08001a2c   0x08001a2c   0x00000070   Code   RO          849    i.AVL_IBSP_I2C_Write  mxl608_oem_drv.o
    0x08001a9c   0x08001a9c   0x00000070   Code   RO         2414    i.AVL_IBSP_I2C_Write  user_defined_function.o
    0x08001b0c   0x08001b0c   0x00000006   Code   RO         2415    i.AVL_IBSP_InitSemaphore  user_defined_function.o
    0x08001b12   0x08001b12   0x00000006   Code   RO         2417    i.AVL_IBSP_ReleaseSemaphore  user_defined_function.o
    0x08001b18   0x08001b18   0x00000010   Code   RO         2419    i.AVL_IBSP_SetActiveI2C  user_defined_function.o
    0x08001b28   0x08001b28   0x00000006   Code   RO         2420    i.AVL_IBSP_WaitSemaphore  user_defined_function.o
    0x08001b2e   0x08001b2e   0x00000002   PAD
    0x08001b30   0x08001b30   0x00000b6c   Code   RO         1415    i.AVL_ParseFwPatch_v0  avl_demod_commoninternal.o
    0x0800269c   0x0800269c   0x00000034   Code   RO         1417    i.AVL_patch_read32  avl_demod_commoninternal.o
    0x080026d0   0x080026d0   0x0000001c   Code   RO         1419    i.Add32To64_Demod   avl_demod_commoninternal.o
    0x080026ec   0x080026ec   0x0000002a   Code   RO         1420    i.AddScaled32To64_Demod  avl_demod_commoninternal.o
    0x08002716   0x08002716   0x00000004   Code   RO         3831    i.BusFault_Handler  stm32f4xx_it.o
    0x0800271a   0x0800271a   0x00000004   Code   RO         3791    i.CUSTOM_HID_DeInit_FS  usbd_custom_hid_if.o
    0x0800271e   0x0800271e   0x00000004   Code   RO         3792    i.CUSTOM_HID_Init_FS  usbd_custom_hid_if.o
    0x08002722   0x08002722   0x00000006   Code   RO         3793    i.CUSTOM_HID_OutEvent_FS  usbd_custom_hid_if.o
    0x08002728   0x08002728   0x00000008   Code   RO         1421    i.Chunk16_Demod     avl_demod_commoninternal.o
    0x08002730   0x08002730   0x00000010   Code   RO         1422    i.Chunk32_Demod     avl_demod_commoninternal.o
    0x08002740   0x08002740   0x0000000c   Code   RO         1423    i.ChunkAddr_Demod   avl_demod_commoninternal.o
    0x0800274c   0x0800274c   0x0000003c   Code   RO         2150    i.DVBTx_GetLockStatus_Demod  avl_demod_dvbtx.o
    0x08002788   0x08002788   0x000000c8   Code   RO         2151    i.DVBTx_GetPrePostBER_Demod  avl_demod_dvbtx.o
    0x08002850   0x08002850   0x00000044   Code   RO         2152    i.DVBTx_GetSNR_Demod  avl_demod_dvbtx.o
    0x08002894   0x08002894   0x0000001e   Code   RO         2153    i.DVBTx_GetSignalQuality_Demod  avl_demod_dvbtx.o
    0x080028b2   0x080028b2   0x00000002   PAD
    0x080028b4   0x080028b4   0x00000208   Code   RO         2154    i.DVBTx_Initialize_Demod  avl_demod_dvbtx.o
    0x08002abc   0x08002abc   0x00000044   Code   RO         2155    i.DVBTx_SetBandWidth_Demod  avl_demod_dvbtx.o
    0x08002b00   0x08002b00   0x00000068   Code   RO         2157    i.DVBTx_SetIFFrequency_Demod  avl_demod_dvbtx.o
    0x08002b68   0x08002b68   0x0000003c   Code   RO         2158    i.DVBTx_SetIFInputPath_Demod  avl_demod_dvbtx.o
    0x08002ba4   0x08002ba4   0x00000010   Code   RO         1424    i.DeChunk16_Demod   avl_demod_commoninternal.o
    0x08002bb4   0x08002bb4   0x0000001a   Code   RO         1425    i.DeChunk32_Demod   avl_demod_commoninternal.o
    0x08002bce   0x08002bce   0x00000002   Code   RO         3832    i.DebugMon_Handler  stm32f4xx_it.o
    0x08002bd0   0x08002bd0   0x00000048   Code   RO         1427    i.DisableTCAGC_Demod  avl_demod_commoninternal.o
    0x08002c18   0x08002c18   0x00000074   Code   RO         1429    i.Divide64_Demod    avl_demod_commoninternal.o
    0x08002c8c   0x08002c8c   0x00000048   Code   RO         1431    i.EnableTCAGC_Demod  avl_demod_commoninternal.o
    0x08002cd4   0x08002cd4   0x00000048   Code   RO         1432    i.EnableTSOutput_Demod  avl_demod_commoninternal.o
    0x08002d1c   0x08002d1c   0x000001bc   Code   RO         1433    i.ErrorStatMode_Demod  avl_demod_commoninternal.o
    0x08002ed8   0x08002ed8   0x00000002   Code   RO         3188    i.Error_Handler     main.o
    0x08002eda   0x08002eda   0x00000002   PAD
    0x08002edc   0x08002edc   0x00000334   Code   RO         1434    i.GetBER_Demod      avl_demod_commoninternal.o
    0x08003210   0x08003210   0x00000080   Code   RO         1435    i.GetFamilyID_Demod  avl_demod_commoninternal.o
    0x08003290   0x08003290   0x00000044   Code   RO         1436    i.GetMode_Demod     avl_demod_commoninternal.o
    0x080032d4   0x080032d4   0x00000034   Code   RO         3714    i.Get_SerialNum     usbd_desc.o
    0x08003308   0x08003308   0x00000028   Code   RO         5441    i.HAL_Delay         stm32f4xx_hal.o
    0x08003330   0x08003330   0x00000200   Code   RO         4910    i.HAL_GPIO_Init     stm32f4xx_hal_gpio.o
    0x08003530   0x08003530   0x0000000c   Code   RO         4914    i.HAL_GPIO_WritePin  stm32f4xx_hal_gpio.o
    0x0800353c   0x0800353c   0x0000000c   Code   RO         5447    i.HAL_GetTick       stm32f4xx_hal.o
    0x08003548   0x08003548   0x000001d0   Code   RO         5703    i.HAL_I2C_Init      stm32f4xx_hal_i2c.o
    0x08003718   0x08003718   0x00000088   Code   RO         3280    i.HAL_I2C_MspInit   i2c.o
    0x080037a0   0x080037a0   0x00000018   Code   RO         5453    i.HAL_IncTick       stm32f4xx_hal.o
    0x080037b8   0x080037b8   0x0000003c   Code   RO         5454    i.HAL_Init          stm32f4xx_hal.o
    0x080037f4   0x080037f4   0x0000004c   Code   RO         5455    i.HAL_InitTick      stm32f4xx_hal.o
    0x08003840   0x08003840   0x00000048   Code   RO         3913    i.HAL_MspInit       stm32f4xx_hal_msp.o
    0x08003888   0x08003888   0x00000020   Code   RO         5299    i.HAL_NVIC_EnableIRQ  stm32f4xx_hal_cortex.o
    0x080038a8   0x080038a8   0x0000007c   Code   RO         5305    i.HAL_NVIC_SetPriority  stm32f4xx_hal_cortex.o
    0x08003924   0x08003924   0x00000028   Code   RO         5306    i.HAL_NVIC_SetPriorityGrouping  stm32f4xx_hal_cortex.o
    0x0800394c   0x0800394c   0x00000002   Code   RO         4163    i.HAL_PCDEx_LPM_Callback  stm32f4xx_hal_pcd_ex.o
    0x0800394e   0x0800394e   0x0000000a   Code   RO         4164    i.HAL_PCDEx_SetRxFiFo  stm32f4xx_hal_pcd_ex.o
    0x08003958   0x08003958   0x0000004e   Code   RO         4165    i.HAL_PCDEx_SetTxFiFo  stm32f4xx_hal_pcd_ex.o
    0x080039a6   0x080039a6   0x0000000e   Code   RO         3519    i.HAL_PCD_ConnectCallback  usbd_conf.o
    0x080039b4   0x080039b4   0x00000020   Code   RO         3520    i.HAL_PCD_DataInStageCallback  usbd_conf.o
    0x080039d4   0x080039d4   0x00000020   Code   RO         3521    i.HAL_PCD_DataOutStageCallback  usbd_conf.o
    0x080039f4   0x080039f4   0x0000000e   Code   RO         3522    i.HAL_PCD_DisconnectCallback  usbd_conf.o
    0x08003a02   0x08003a02   0x0000006a   Code   RO         3946    i.HAL_PCD_EP_Close  stm32f4xx_hal_pcd.o
    0x08003a6c   0x08003a6c   0x0000007c   Code   RO         3947    i.HAL_PCD_EP_ClrStall  stm32f4xx_hal_pcd.o
    0x08003ae8   0x08003ae8   0x0000008c   Code   RO         3950    i.HAL_PCD_EP_Open   stm32f4xx_hal_pcd.o
    0x08003b74   0x08003b74   0x00000058   Code   RO         3951    i.HAL_PCD_EP_Receive  stm32f4xx_hal_pcd.o
    0x08003bcc   0x08003bcc   0x0000008a   Code   RO         3952    i.HAL_PCD_EP_SetStall  stm32f4xx_hal_pcd.o
    0x08003c56   0x08003c56   0x0000005a   Code   RO         3953    i.HAL_PCD_EP_Transmit  stm32f4xx_hal_pcd.o
    0x08003cb0   0x08003cb0   0x0000053e   Code   RO         3955    i.HAL_PCD_IRQHandler  stm32f4xx_hal_pcd.o
    0x080041ee   0x080041ee   0x00000012   Code   RO         3523    i.HAL_PCD_ISOINIncompleteCallback  usbd_conf.o
    0x08004200   0x08004200   0x00000012   Code   RO         3524    i.HAL_PCD_ISOOUTIncompleteCallback  usbd_conf.o
    0x08004212   0x08004212   0x00000166   Code   RO         3958    i.HAL_PCD_Init      stm32f4xx_hal_pcd.o
    0x08004378   0x08004378   0x000000a8   Code   RO         3526    i.HAL_PCD_MspInit   usbd_conf.o
    0x08004420   0x08004420   0x00000030   Code   RO         3527    i.HAL_PCD_ResetCallback  usbd_conf.o
    0x08004450   0x08004450   0x0000000e   Code   RO         3528    i.HAL_PCD_ResumeCallback  usbd_conf.o
    0x0800445e   0x0800445e   0x0000000e   Code   RO         3529    i.HAL_PCD_SOFCallback  usbd_conf.o
    0x0800446c   0x0800446c   0x00000036   Code   RO         3964    i.HAL_PCD_SetAddress  stm32f4xx_hal_pcd.o
    0x080044a2   0x080044a2   0x00000012   Code   RO         3530    i.HAL_PCD_SetupStageCallback  usbd_conf.o
    0x080044b4   0x080044b4   0x0000004a   Code   RO         3966    i.HAL_PCD_Start     stm32f4xx_hal_pcd.o
    0x080044fe   0x080044fe   0x00000002   PAD
    0x08004500   0x08004500   0x00000034   Code   RO         3531    i.HAL_PCD_SuspendCallback  usbd_conf.o
    0x08004534   0x08004534   0x000001a0   Code   RO         4616    i.HAL_RCCEx_PeriphCLKConfig  stm32f4xx_hal_rcc_ex.o
    0x080046d4   0x080046d4   0x00000184   Code   RO         4511    i.HAL_RCC_ClockConfig  stm32f4xx_hal_rcc.o
    0x08004858   0x08004858   0x0000000c   Code   RO         4516    i.HAL_RCC_GetHCLKFreq  stm32f4xx_hal_rcc.o
    0x08004864   0x08004864   0x00000020   Code   RO         4518    i.HAL_RCC_GetPCLK1Freq  stm32f4xx_hal_rcc.o
    0x08004884   0x08004884   0x00000020   Code   RO         4519    i.HAL_RCC_GetPCLK2Freq  stm32f4xx_hal_rcc.o
    0x080048a4   0x080048a4   0x000000b0   Code   RO         4520    i.HAL_RCC_GetSysClockFreq  stm32f4xx_hal_rcc.o
    0x08004954   0x08004954   0x00000488   Code   RO         4523    i.HAL_RCC_OscConfig  stm32f4xx_hal_rcc.o
    0x08004ddc   0x08004ddc   0x000000d8   Code   RO         6185    i.HAL_RTC_Init      stm32f4xx_hal_rtc.o
    0x08004eb4   0x08004eb4   0x00000018   Code   RO         3322    i.HAL_RTC_MspInit   rtc.o
    0x08004ecc   0x08004ecc   0x0000003a   Code   RO         6193    i.HAL_RTC_WaitForSynchro  stm32f4xx_hal_rtc.o
    0x08004f06   0x08004f06   0x0000008c   Code   RO         6554    i.HAL_SPI_Init      stm32f4xx_hal_spi.o
    0x08004f92   0x08004f92   0x00000002   PAD
    0x08004f94   0x08004f94   0x00000100   Code   RO         3364    i.HAL_SPI_MspInit   spi.o
    0x08005094   0x08005094   0x00000034   Code   RO         5310    i.HAL_SYSTICK_Config  stm32f4xx_hal_cortex.o
    0x080050c8   0x080050c8   0x00000072   Code   RO         6926    i.HAL_UART_Init     stm32f4xx_hal_uart.o
    0x0800513a   0x0800513a   0x00000002   PAD
    0x0800513c   0x0800513c   0x000000fc   Code   RO         3412    i.HAL_UART_MspInit  usart.o
    0x08005238   0x08005238   0x000000d8   Code   RO         6934    i.HAL_UART_Transmit  stm32f4xx_hal_uart.o
    0x08005310   0x08005310   0x00000004   Code   RO         3833    i.HardFault_Handler  stm32f4xx_it.o
    0x08005314   0x08005314   0x00000068   Code   RO         1440    i.IBase_CheckChipReady_Demod  avl_demod_commoninternal.o
    0x0800537c   0x0800537c   0x00000044   Code   RO         1441    i.IBase_GetRxOPStatus_Demod  avl_demod_commoninternal.o
    0x080053c0   0x080053c0   0x00000204   Code   RO         1442    i.IBase_Initialize_Demod  avl_demod_commoninternal.o
    0x080055c4   0x080055c4   0x000002d0   Code   RO         1443    i.IBase_LoadRegisterBaseAddr_Demod  avl_demod_commoninternal.o
    0x08005894   0x08005894   0x000000d4   Code   RO         1444    i.IBase_SendRxOPWait_Demod  avl_demod_commoninternal.o
    0x08005968   0x08005968   0x0000002a   Code   RO         1446    i.II2C_Read16_Demod  avl_demod_commoninternal.o
    0x08005992   0x08005992   0x0000002a   Code   RO         1447    i.II2C_Read32_Demod  avl_demod_commoninternal.o
    0x080059bc   0x080059bc   0x00000028   Code   RO         1448    i.II2C_Read8_Demod  avl_demod_commoninternal.o
    0x080059e4   0x080059e4   0x00000094   Code   RO         1450    i.II2C_Read_Demod   avl_demod_commoninternal.o
    0x08005a78   0x08005a78   0x00000036   Code   RO         1451    i.II2C_Write16_Demod  avl_demod_commoninternal.o
    0x08005aae   0x08005aae   0x00000036   Code   RO         1452    i.II2C_Write32_Demod  avl_demod_commoninternal.o
    0x08005ae4   0x08005ae4   0x0000002a   Code   RO         1453    i.II2C_Write8_Demod  avl_demod_commoninternal.o
    0x08005b0e   0x08005b0e   0x00000002   PAD
    0x08005b10   0x08005b10   0x00000108   Code   RO         1455    i.II2C_Write_Demod  avl_demod_commoninternal.o
    0x08005c18   0x08005c18   0x000000e8   Code   RO         2159    i.IRx_GetSQI        avl_demod_dvbtx.o
    0x08005d00   0x08005d00   0x00000220   Code   RO         2160    i.IRx_GetSQI_DVBT   avl_demod_dvbtx.o
    0x08005f20   0x08005f20   0x00000184   Code   RO         2161    i.IRx_GetSQI_DVBT2  avl_demod_dvbtx.o
    0x080060a4   0x080060a4   0x0000004c   Code   RO         1456    i.IRx_Initialize_Demod  avl_demod_commoninternal.o
    0x080060f0   0x080060f0   0x00000068   Code   RO         2305    i.ISDBT_SetIFFrequency_Demod  avl_demod_isdbt.o
    0x08006158   0x08006158   0x0000003e   Code   RO         1457    i.InitErrorStat_Demod  avl_demod_commoninternal.o
    0x08006196   0x08006196   0x00000002   PAD
    0x08006198   0x08006198   0x000000f0   Code   RO         1458    i.InitSemaphore_Demod  avl_demod_commoninternal.o
    0x08006288   0x08006288   0x000000b8   Code   RO         1459    i.Initilize_GPIOStatus_Demod  avl_demod_commoninternal.o
    0x08006340   0x08006340   0x0000003e   Code   RO         3715    i.IntToUnicode      usbd_desc.o
    0x0800637e   0x0800637e   0x00000002   PAD
    0x08006380   0x08006380   0x0000015c   Code   RO         3255    i.MX_GPIO_Init      gpio.o
    0x080064dc   0x080064dc   0x0000003c   Code   RO         3281    i.MX_I2C1_Init      i2c.o
    0x08006518   0x08006518   0x00000034   Code   RO         3323    i.MX_RTC_Init       rtc.o
    0x0800654c   0x0800654c   0x00000044   Code   RO         3365    i.MX_SPI1_Init      spi.o
    0x08006590   0x08006590   0x00000044   Code   RO         3366    i.MX_SPI3_Init      spi.o
    0x080065d4   0x080065d4   0x00000038   Code   RO         3413    i.MX_USART1_UART_Init  usart.o
    0x0800660c   0x0800660c   0x0000004c   Code   RO         3471    i.MX_USB_DEVICE_Init  usb_device.o
    0x08006658   0x08006658   0x00000004   Code   RO         3834    i.MemManage_Handler  stm32f4xx_it.o
    0x0800665c   0x0800665c   0x0000003e   Code   RO         1460    i.Multiply32_Demod  avl_demod_commoninternal.o
    0x0800669a   0x0800669a   0x00000092   Code   RO         1033    i.MxL608_Ctrl_ProgramRegisters  mxl608_tunercfg.o
    0x0800672c   0x0800672c   0x000000a0   Code   RO         1034    i.MxL608_Ctrl_SetRfFreqLutTblReg  mxl608_tunercfg.o
    0x080067cc   0x080067cc   0x00000074   Code   RO          895    i.MxLWare608_API_CfgDevOverwriteDefaults  mxl608_tunerapi.o
    0x08006840   0x08006840   0x00000016   Code   RO          897    i.MxLWare608_API_CfgDevSoftReset  mxl608_tunerapi.o
    0x08006856   0x08006856   0x000000a2   Code   RO          898    i.MxLWare608_API_CfgDevXtal  mxl608_tunerapi.o
    0x080068f8   0x080068f8   0x000000c0   Code   RO          900    i.MxLWare608_API_CfgTunerAGC  mxl608_tunerapi.o
    0x080069b8   0x080069b8   0x000002e4   Code   RO          901    i.MxLWare608_API_CfgTunerChanTune  mxl608_tunerapi.o
    0x08006c9c   0x08006c9c   0x000000d8   Code   RO          902    i.MxLWare608_API_CfgTunerIFOutParam  mxl608_tunerapi.o
    0x08006d74   0x08006d74   0x000000bc   Code   RO          903    i.MxLWare608_API_CfgTunerLoopThrough  mxl608_tunerapi.o
    0x08006e30   0x08006e30   0x00000254   Code   RO          904    i.MxLWare608_API_CfgTunerMode  mxl608_tunerapi.o
    0x08007084   0x08007084   0x00000054   Code   RO          910    i.MxLWare608_API_ReqTunerLockStatus  mxl608_tunerapi.o
    0x080070d8   0x080070d8   0x00000046   Code   RO          850    i.MxLWare608_OEM_ReadRegister  mxl608_oem_drv.o
    0x0800711e   0x0800711e   0x00000002   PAD
    0x08007120   0x08007120   0x00000014   Code   RO          851    i.MxLWare608_OEM_SetActiveI2C  mxl608_oem_drv.o
    0x08007134   0x08007134   0x0000000c   Code   RO          852    i.MxLWare608_OEM_Sleep  mxl608_oem_drv.o
    0x08007140   0x08007140   0x0000002e   Code   RO          853    i.MxLWare608_OEM_WriteRegister  mxl608_oem_drv.o
    0x0800716e   0x0800716e   0x00000002   Code   RO         3835    i.NMI_Handler       stm32f4xx_it.o
    0x08007170   0x08007170   0x00000010   Code   RO         3836    i.OTG_FS_IRQHandler  stm32f4xx_it.o
    0x08007180   0x08007180   0x0000008c   Code   RO         3969    i.PCD_EP_OutSetupPacket_int  stm32f4xx_hal_pcd.o
    0x0800720c   0x0800720c   0x00000180   Code   RO         3970    i.PCD_EP_OutXfrComplete_int  stm32f4xx_hal_pcd.o
    0x0800738c   0x0800738c   0x000000b6   Code   RO         3971    i.PCD_WriteEmptyTxFifo  stm32f4xx_hal_pcd.o
    0x08007442   0x08007442   0x00000002   Code   RO         3837    i.PendSV_Handler    stm32f4xx_it.o
    0x08007444   0x08007444   0x0000003e   Code   RO         6196    i.RTC_EnterInitMode  stm32f4xx_hal_rtc.o
    0x08007482   0x08007482   0x00000002   PAD
    0x08007484   0x08007484   0x000001b8   Code   RO         1463    i.ResetPER_Demod    avl_demod_commoninternal.o
    0x0800763c   0x0800763c   0x00000002   Code   RO         3838    i.SVC_Handler       stm32f4xx_it.o
    0x0800763e   0x0800763e   0x00000002   PAD
    0x08007640   0x08007640   0x00000198   Code   RO         1464    i.SetGPIOStatus_Demod  avl_demod_commoninternal.o
    0x080077d8   0x080077d8   0x0000008c   Code   RO         1465    i.SetInternalFunc_Demod  avl_demod_commoninternal.o
    0x08007864   0x08007864   0x00000554   Code   RO         1466    i.SetPLL0_Demod     avl_demod_commoninternal.o
    0x08007db8   0x08007db8   0x00000034   Code   RO         1467    i.SetPLL_Demod      avl_demod_commoninternal.o
    0x08007dec   0x08007dec   0x00000020   Code   RO         1469    i.SetTSErrorBit_Demod  avl_demod_commoninternal.o
    0x08007e0c   0x08007e0c   0x0000004c   Code   RO         1470    i.SetTSErrorPola_Demod  avl_demod_commoninternal.o
    0x08007e58   0x08007e58   0x000002f8   Code   RO         1471    i.SetTSMode_Demod   avl_demod_commoninternal.o
    0x08008150   0x08008150   0x0000004c   Code   RO         1472    i.SetTSPacketLen_Demod  avl_demod_commoninternal.o
    0x0800819c   0x0800819c   0x0000004c   Code   RO         1473    i.SetTSParallelOrder_Demod  avl_demod_commoninternal.o
    0x080081e8   0x080081e8   0x0000004c   Code   RO         1474    i.SetTSParallelPhase_Demod  avl_demod_commoninternal.o
    0x08008234   0x08008234   0x0000004c   Code   RO         1475    i.SetTSSerialOrder_Demod  avl_demod_commoninternal.o
    0x08008280   0x08008280   0x0000004c   Code   RO         1476    i.SetTSSerialPin_Demod  avl_demod_commoninternal.o
    0x080082cc   0x080082cc   0x0000004c   Code   RO         1477    i.SetTSSerialSyncPulse_Demod  avl_demod_commoninternal.o
    0x08008318   0x08008318   0x0000004c   Code   RO         1478    i.SetTSValidPola_Demod  avl_demod_commoninternal.o
    0x08008364   0x08008364   0x00000008   Code   RO         3839    i.SysTick_Handler   stm32f4xx_it.o
    0x0800836c   0x0800836c   0x000000d4   Code   RO         3189    i.SystemClock_Config  main.o
    0x08008440   0x08008440   0x0000001c   Code   RO         7233    i.SystemInit        system_stm32f4xx.o
    0x0800845c   0x0800845c   0x00000134   Code   RO         1481    i.TunerI2C_Initialize_Demod  avl_demod_commoninternal.o
    0x08008590   0x08008590   0x000003e8   Code   RO         6953    i.UART_SetConfig    stm32f4xx_hal_uart.o
    0x08008978   0x08008978   0x0000006c   Code   RO         6955    i.UART_WaitOnFlagUntilTimeout  stm32f4xx_hal_uart.o
    0x080089e4   0x080089e4   0x0000000c   Code   RO         7562    i.USBD_CUSTOM_HID_DataIn  usbd_customhid.o
    0x080089f0   0x080089f0   0x00000026   Code   RO         7563    i.USBD_CUSTOM_HID_DataOut  usbd_customhid.o
    0x08008a16   0x08008a16   0x00000040   Code   RO         7564    i.USBD_CUSTOM_HID_DeInit  usbd_customhid.o
    0x08008a56   0x08008a56   0x00000022   Code   RO         7565    i.USBD_CUSTOM_HID_EP0_RxReady  usbd_customhid.o
    0x08008a78   0x08008a78   0x00000010   Code   RO         7566    i.USBD_CUSTOM_HID_GetDeviceQualifierDesc  usbd_customhid.o
    0x08008a88   0x08008a88   0x00000010   Code   RO         7567    i.USBD_CUSTOM_HID_GetFSCfgDesc  usbd_customhid.o
    0x08008a98   0x08008a98   0x00000010   Code   RO         7568    i.USBD_CUSTOM_HID_GetHSCfgDesc  usbd_customhid.o
    0x08008aa8   0x08008aa8   0x00000010   Code   RO         7569    i.USBD_CUSTOM_HID_GetOtherSpeedCfgDesc  usbd_customhid.o
    0x08008ab8   0x08008ab8   0x00000060   Code   RO         7570    i.USBD_CUSTOM_HID_Init  usbd_customhid.o
    0x08008b18   0x08008b18   0x0000000e   Code   RO         7571    i.USBD_CUSTOM_HID_RegisterInterface  usbd_customhid.o
    0x08008b26   0x08008b26   0x00000002   PAD
    0x08008b28   0x08008b28   0x00000170   Code   RO         7573    i.USBD_CUSTOM_HID_Setup  usbd_customhid.o
    0x08008c98   0x08008c98   0x00000016   Code   RO         7269    i.USBD_ClrClassConfig  usbd_core.o
    0x08008cae   0x08008cae   0x0000003e   Code   RO         7407    i.USBD_ClrFeature   usbd_ctlreq.o
    0x08008cec   0x08008cec   0x00000018   Code   RO         7502    i.USBD_CtlContinueRx  usbd_ioreq.o
    0x08008d04   0x08008d04   0x00000018   Code   RO         7503    i.USBD_CtlContinueSendData  usbd_ioreq.o
    0x08008d1c   0x08008d1c   0x00000018   Code   RO         7408    i.USBD_CtlError     usbd_ctlreq.o
    0x08008d34   0x08008d34   0x00000028   Code   RO         7504    i.USBD_CtlPrepareRx  usbd_ioreq.o
    0x08008d5c   0x08008d5c   0x0000001a   Code   RO         7505    i.USBD_CtlReceiveStatus  usbd_ioreq.o
    0x08008d76   0x08008d76   0x00000022   Code   RO         7506    i.USBD_CtlSendData  usbd_ioreq.o
    0x08008d98   0x08008d98   0x0000001a   Code   RO         7507    i.USBD_CtlSendStatus  usbd_ioreq.o
    0x08008db2   0x08008db2   0x00000002   PAD
    0x08008db4   0x08008db4   0x0000003c   Code   RO         3716    i.USBD_FS_ConfigStrDescriptor  usbd_desc.o
    0x08008df0   0x08008df0   0x00000010   Code   RO         3717    i.USBD_FS_DeviceDescriptor  usbd_desc.o
    0x08008e00   0x08008e00   0x00000040   Code   RO         3718    i.USBD_FS_InterfaceStrDescriptor  usbd_desc.o
    0x08008e40   0x08008e40   0x00000010   Code   RO         3719    i.USBD_FS_LangIDStrDescriptor  usbd_desc.o
    0x08008e50   0x08008e50   0x0000002c   Code   RO         3720    i.USBD_FS_ManufacturerStrDescriptor  usbd_desc.o
    0x08008e7c   0x08008e7c   0x00000048   Code   RO         3721    i.USBD_FS_ProductStrDescriptor  usbd_desc.o
    0x08008ec4   0x08008ec4   0x00000018   Code   RO         3722    i.USBD_FS_SerialStrDescriptor  usbd_desc.o
    0x08008edc   0x08008edc   0x00000056   Code   RO         7409    i.USBD_GetConfig    usbd_ctlreq.o
    0x08008f32   0x08008f32   0x00000152   Code   RO         7410    i.USBD_GetDescriptor  usbd_ctlreq.o
    0x08009084   0x08009084   0x00000014   Code   RO         7411    i.USBD_GetLen       usbd_ctlreq.o
    0x08009098   0x08009098   0x0000005a   Code   RO         7412    i.USBD_GetStatus    usbd_ctlreq.o
    0x080090f2   0x080090f2   0x00000052   Code   RO         7413    i.USBD_GetString    usbd_ctlreq.o
    0x08009144   0x08009144   0x0000002c   Code   RO         3532    i.USBD_Get_USB_Status  usbd_conf.o
    0x08009170   0x08009170   0x00000032   Code   RO         7271    i.USBD_Init         usbd_core.o
    0x080091a2   0x080091a2   0x00000026   Code   RO         3533    i.USBD_LL_ClearStallEP  usbd_conf.o
    0x080091c8   0x080091c8   0x00000026   Code   RO         3534    i.USBD_LL_CloseEP   usbd_conf.o
    0x080091ee   0x080091ee   0x00000100   Code   RO         7272    i.USBD_LL_DataInStage  usbd_core.o
    0x080092ee   0x080092ee   0x000000a6   Code   RO         7273    i.USBD_LL_DataOutStage  usbd_core.o
    0x08009394   0x08009394   0x00000006   Code   RO         7274    i.USBD_LL_DevConnected  usbd_core.o
    0x0800939a   0x0800939a   0x0000001a   Code   RO         7275    i.USBD_LL_DevDisconnected  usbd_core.o
    0x080093b4   0x080093b4   0x00000068   Code   RO         3539    i.USBD_LL_Init      usbd_conf.o
    0x0800941c   0x0800941c   0x00000038   Code   RO         3540    i.USBD_LL_IsStallEP  usbd_conf.o
    0x08009454   0x08009454   0x00000006   Code   RO         7276    i.USBD_LL_IsoINIncomplete  usbd_core.o
    0x0800945a   0x0800945a   0x00000006   Code   RO         7277    i.USBD_LL_IsoOUTIncomplete  usbd_core.o
    0x08009460   0x08009460   0x00000030   Code   RO         3541    i.USBD_LL_OpenEP    usbd_conf.o
    0x08009490   0x08009490   0x00000030   Code   RO         3542    i.USBD_LL_PrepareReceive  usbd_conf.o
    0x080094c0   0x080094c0   0x0000005c   Code   RO         7278    i.USBD_LL_Reset     usbd_core.o
    0x0800951c   0x0800951c   0x0000000e   Code   RO         7279    i.USBD_LL_Resume    usbd_core.o
    0x0800952a   0x0800952a   0x00000022   Code   RO         7280    i.USBD_LL_SOF       usbd_core.o
    0x0800954c   0x0800954c   0x00000008   Code   RO         7281    i.USBD_LL_SetSpeed  usbd_core.o
    0x08009554   0x08009554   0x00000026   Code   RO         3543    i.USBD_LL_SetUSBAddress  usbd_conf.o
    0x0800957a   0x0800957a   0x0000006e   Code   RO         7282    i.USBD_LL_SetupStage  usbd_core.o
    0x080095e8   0x080095e8   0x00000026   Code   RO         3544    i.USBD_LL_StallEP   usbd_conf.o
    0x0800960e   0x0800960e   0x0000001e   Code   RO         3545    i.USBD_LL_Start     usbd_conf.o
    0x0800962c   0x0800962c   0x00000014   Code   RO         7283    i.USBD_LL_Suspend   usbd_core.o
    0x08009640   0x08009640   0x00000030   Code   RO         3547    i.USBD_LL_Transmit  usbd_conf.o
    0x08009670   0x08009670   0x00000028   Code   RO         7414    i.USBD_ParseSetupRequest  usbd_ctlreq.o
    0x08009698   0x08009698   0x00000010   Code   RO         7284    i.USBD_RegisterClass  usbd_core.o
    0x080096a8   0x080096a8   0x00000006   Code   RO         7285    i.USBD_RunTestMode  usbd_core.o
    0x080096ae   0x080096ae   0x0000005a   Code   RO         7415    i.USBD_SetAddress   usbd_ctlreq.o
    0x08009708   0x08009708   0x00000022   Code   RO         7286    i.USBD_SetClassConfig  usbd_core.o
    0x0800972a   0x0800972a   0x00000002   PAD
    0x0800972c   0x0800972c   0x000000e8   Code   RO         7416    i.USBD_SetConfig    usbd_ctlreq.o
    0x08009814   0x08009814   0x00000018   Code   RO         7417    i.USBD_SetFeature   usbd_ctlreq.o
    0x0800982c   0x0800982c   0x0000000e   Code   RO         7287    i.USBD_Start        usbd_core.o
    0x0800983a   0x0800983a   0x000000a2   Code   RO         7418    i.USBD_StdDevReq    usbd_ctlreq.o
    0x080098dc   0x080098dc   0x00000238   Code   RO         7419    i.USBD_StdEPReq     usbd_ctlreq.o
    0x08009b14   0x08009b14   0x0000007e   Code   RO         7420    i.USBD_StdItfReq    usbd_ctlreq.o
    0x08009b92   0x08009b92   0x00000002   PAD
    0x08009b94   0x08009b94   0x000000d0   Code   RO         4205    i.USB_ActivateEndpoint  stm32f4xx_ll_usb.o
    0x08009c64   0x08009c64   0x00000046   Code   RO         4207    i.USB_ActivateSetup  stm32f4xx_ll_usb.o
    0x08009caa   0x08009caa   0x00000002   PAD
    0x08009cac   0x08009cac   0x00000084   Code   RO         4209    i.USB_CoreInit      stm32f4xx_ll_usb.o
    0x08009d30   0x08009d30   0x0000004c   Code   RO         4210    i.USB_CoreReset     stm32f4xx_ll_usb.o
    0x08009d7c   0x08009d7c   0x000000c4   Code   RO         4213    i.USB_DeactivateEndpoint  stm32f4xx_ll_usb.o
    0x08009e40   0x08009e40   0x00000020   Code   RO         4214    i.USB_DevConnect    stm32f4xx_ll_usb.o
    0x08009e60   0x08009e60   0x00000020   Code   RO         4215    i.USB_DevDisconnect  stm32f4xx_ll_usb.o
    0x08009e80   0x08009e80   0x000001f4   Code   RO         4216    i.USB_DevInit       stm32f4xx_ll_usb.o
    0x0800a074   0x0800a074   0x0000000e   Code   RO         4217    i.USB_DisableGlobalInt  stm32f4xx_ll_usb.o
    0x0800a082   0x0800a082   0x00000002   PAD
    0x0800a084   0x0800a084   0x000001d8   Code   RO         4220    i.USB_EP0StartXfer  stm32f4xx_ll_usb.o
    0x0800a25c   0x0800a25c   0x00000070   Code   RO         4221    i.USB_EP0_OutStart  stm32f4xx_ll_usb.o
    0x0800a2cc   0x0800a2cc   0x0000008e   Code   RO         4222    i.USB_EPClearStall  stm32f4xx_ll_usb.o
    0x0800a35a   0x0800a35a   0x0000009a   Code   RO         4223    i.USB_EPSetStall    stm32f4xx_ll_usb.o
    0x0800a3f4   0x0800a3f4   0x00000344   Code   RO         4224    i.USB_EPStartXfer   stm32f4xx_ll_usb.o
    0x0800a738   0x0800a738   0x0000000e   Code   RO         4225    i.USB_EnableGlobalInt  stm32f4xx_ll_usb.o
    0x0800a746   0x0800a746   0x00000002   PAD
    0x0800a748   0x0800a748   0x0000002c   Code   RO         4226    i.USB_FlushRxFifo   stm32f4xx_ll_usb.o
    0x0800a774   0x0800a774   0x00000030   Code   RO         4227    i.USB_FlushTxFifo   stm32f4xx_ll_usb.o
    0x0800a7a4   0x0800a7a4   0x00000026   Code   RO         4229    i.USB_GetDevSpeed   stm32f4xx_ll_usb.o
    0x0800a7ca   0x0800a7ca   0x0000000a   Code   RO         4231    i.USB_GetMode       stm32f4xx_ll_usb.o
    0x0800a7d4   0x0800a7d4   0x00000014   Code   RO         4238    i.USB_ReadDevAllInEpInterrupt  stm32f4xx_ll_usb.o
    0x0800a7e8   0x0800a7e8   0x00000014   Code   RO         4239    i.USB_ReadDevAllOutEpInterrupt  stm32f4xx_ll_usb.o
    0x0800a7fc   0x0800a7fc   0x00000032   Code   RO         4240    i.USB_ReadDevInEPInterrupt  stm32f4xx_ll_usb.o
    0x0800a82e   0x0800a82e   0x0000001a   Code   RO         4241    i.USB_ReadDevOutEPInterrupt  stm32f4xx_ll_usb.o
    0x0800a848   0x0800a848   0x0000000a   Code   RO         4242    i.USB_ReadInterrupts  stm32f4xx_ll_usb.o
    0x0800a852   0x0800a852   0x00000022   Code   RO         4243    i.USB_ReadPacket    stm32f4xx_ll_usb.o
    0x0800a874   0x0800a874   0x00000036   Code   RO         4245    i.USB_SetCurrentMode  stm32f4xx_ll_usb.o
    0x0800a8aa   0x0800a8aa   0x0000002a   Code   RO         4246    i.USB_SetDevAddress  stm32f4xx_ll_usb.o
    0x0800a8d4   0x0800a8d4   0x00000012   Code   RO         4247    i.USB_SetDevSpeed   stm32f4xx_ll_usb.o
    0x0800a8e6   0x0800a8e6   0x00000002   PAD
    0x0800a8e8   0x0800a8e8   0x000000e8   Code   RO         4248    i.USB_SetTurnaroundTime  stm32f4xx_ll_usb.o
    0x0800a9d0   0x0800a9d0   0x0000003c   Code   RO         4251    i.USB_WritePacket   stm32f4xx_ll_usb.o
    0x0800aa0c   0x0800aa0c   0x00000004   Code   RO         3840    i.UsageFault_Handler  stm32f4xx_it.o
    0x0800aa10   0x0800aa10   0x00000020   Code   RO         7878    i.__0printf$8       mc_w.l(printf8.o)
    0x0800aa30   0x0800aa30   0x00000010   Code   RO         5312    i.__NVIC_GetPriorityGrouping  stm32f4xx_hal_cortex.o
    0x0800aa40   0x0800aa40   0x00000028   Code   RO         5313    i.__NVIC_SetPriority  stm32f4xx_hal_cortex.o
    0x0800aa68   0x0800aa68   0x0000005c   Code   RO         7936    i.__free$realloc    mc_w.l(mallocr.o)
    0x0800aac4   0x0800aac4   0x00000050   Code   RO         7937    i.__malloc$realloc  mc_w.l(mallocr.o)
    0x0800ab14   0x0800ab14   0x0000000e   Code   RO         8051    i.__scatterload_copy  mc_w.l(handlers.o)
    0x0800ab22   0x0800ab22   0x00000002   Code   RO         8052    i.__scatterload_null  mc_w.l(handlers.o)
    0x0800ab24   0x0800ab24   0x0000000e   Code   RO         8053    i.__scatterload_zeroinit  mc_w.l(handlers.o)
    0x0800ab32   0x0800ab32   0x00000002   PAD
    0x0800ab34   0x0800ab34   0x00000048   Code   RO         2611    i._avl68xx_lockfreq_dvbc  demod_avl68xx.o
    0x0800ab7c   0x0800ab7c   0x00000058   Code   RO         2612    i._avl68xx_lockfreq_dvbsx  demod_avl68xx.o
    0x0800abd4   0x0800abd4   0x000000ac   Code   RO         2613    i._avl68xx_lockfreq_dvbtx  demod_avl68xx.o
    0x0800ac80   0x0800ac80   0x00000048   Code   RO         2614    i._avl68xx_lockfreq_isdbt  demod_avl68xx.o
    0x0800acc8   0x0800acc8   0x000002c8   Code   RO         3018    i._cmdline_help     vatek_sample_transform.o
    0x0800af90   0x0800af90   0x00000084   Code   RO         3120    i._default_cli_dump_reg_all  uart_cmdline.o
    0x0800b014   0x0800b014   0x0000005c   Code   RO         3121    i._default_cli_dump_reg_one  uart_cmdline.o
    0x0800b070   0x0800b070   0x00000002   Code   RO         3122    i._default_cli_dump_reg_range  uart_cmdline.o
    0x0800b072   0x0800b072   0x00000002   PAD
    0x0800b074   0x0800b074   0x0000001c   Code   RO         3123    i._default_cli_help  uart_cmdline.o
    0x0800b090   0x0800b090   0x00000002   Code   RO         3124    i._default_cli_write_reg_one  uart_cmdline.o
    0x0800b092   0x0800b092   0x00000002   PAD
    0x0800b094   0x0800b094   0x00000404   Code   RO         7885    i._printf_core      mc_w.l(printf8.o)
    0x0800b498   0x0800b498   0x00000024   Code   RO         7886    i._printf_post_padding  mc_w.l(printf8.o)
    0x0800b4bc   0x0800b4bc   0x0000002e   Code   RO         7887    i._printf_pre_padding  mc_w.l(printf8.o)
    0x0800b4ea   0x0800b4ea   0x00000002   PAD
    0x0800b4ec   0x0800b4ec   0x0000006c   Code   RO         3019    i._sample_setmodulator_parm  vatek_sample_transform.o
    0x0800b558   0x0800b558   0x000002d8   Code   RO         3022    i._sample_tf_lockfreq  vatek_sample_transform.o
    0x0800b830   0x0800b830   0x000002ec   Code   RO         3023    i._sample_tf_play_allprogram  vatek_sample_transform.o
    0x0800bb1c   0x0800bb1c   0x000003c4   Code   RO         3024    i._sample_tf_play_program  vatek_sample_transform.o
    0x0800bee0   0x0800bee0   0x00000200   Code   RO         3025    i._smaple_tf_default_psitable  vatek_sample_transform.o
    0x0800c0e0   0x0800c0e0   0x000001f6   Code   RO          619    i.abnt_format       vatek_psispec_default.o
    0x0800c2d6   0x0800c2d6   0x000001ee   Code   RO          620    i.arib_format       vatek_psispec_default.o
    0x0800c4c4   0x0800c4c4   0x00000120   Code   RO         2615    i.avl68xx_create    demod_avl68xx.o
    0x0800c5e4   0x0800c5e4   0x00000074   Code   RO         2620    i.avl68xx_getstatus  demod_avl68xx.o
    0x0800c658   0x0800c658   0x000000a0   Code   RO         2621    i.avl68xx_i2cbypass  demod_avl68xx.o
    0x0800c6f8   0x0800c6f8   0x0000010c   Code   RO         2622    i.avl68xx_lock      demod_avl68xx.o
    0x0800c804   0x0800c804   0x0000001e   Code   RO          621    i.buffer_align      vatek_psispec_default.o
    0x0800c822   0x0800c822   0x00000002   PAD
    0x0800c824   0x0800c824   0x00000088   Code   RO         1118    i.demod_i2c_bypass  vatek_tuner.o
    0x0800c8ac   0x0800c8ac   0x000001c0   Code   RO          622    i.dvb_format        vatek_psispec_default.o
    0x0800ca6c   0x0800ca6c   0x0000001c   Code   RO         3416    i.fputc             usart.o
    0x0800ca88   0x0800ca88   0x0000004e   Code   RO          268    i.hms_i2c_read      vatek_hms.o
    0x0800cad6   0x0800cad6   0x0000004e   Code   RO          269    i.hms_i2c_write     vatek_hms.o
    0x0800cb24   0x0800cb24   0x00000180   Code   RO         1075    i.initialize        tuner_mxl608.o
    0x0800cca4   0x0800cca4   0x00000078   Code   RO         2623    i.initialize        demod_avl68xx.o
    0x0800cd1c   0x0800cd1c   0x00000050   Code   RO         7938    i.internal_alloc    mc_w.l(mallocr.o)
    0x0800cd6c   0x0800cd6c   0x000000c4   Code   RO          623    i.iso_format        vatek_psispec_default.o
    0x0800ce30   0x0800ce30   0x00000038   Code   RO         2770    i.ll_i2c_check_busy  vatek_porting_i2c.o
    0x0800ce68   0x0800ce68   0x0000001c   Code   RO         2771    i.ll_i2c_send_start  vatek_porting_i2c.o
    0x0800ce84   0x0800ce84   0x00000064   Code   RO         2772    i.ll_i2c_set_device_address  vatek_porting_i2c.o
    0x0800cee8   0x0800cee8   0x0000005c   Code   RO         2773    i.ll_i2c_wait_flag  vatek_porting_i2c.o
    0x0800cf44   0x0800cf44   0x00000012   Code   RO         2774    i.ll_i2c_wait_flag_clr  vatek_porting_i2c.o
    0x0800cf56   0x0800cf56   0x00000012   Code   RO         2775    i.ll_i2c_wait_flag_set  vatek_porting_i2c.o
    0x0800cf68   0x0800cf68   0x00000040   Code   RO         3190    i.main              main.o
    0x0800cfa8   0x0800cfa8   0x0000008c   Code   RO          352    i.modulator_atsc_setparm  vatek_modulator.o
    0x0800d034   0x0800d034   0x000001b4   Code   RO          353    i.modulator_base_setparm  vatek_modulator.o
    0x0800d1e8   0x0800d1e8   0x00000300   Code   RO          354    i.modulator_dtmb_setparm  vatek_modulator.o
    0x0800d4e8   0x0800d4e8   0x00000676   Code   RO          355    i.modulator_dvbt2_setparm  vatek_modulator.o
    0x0800db5e   0x0800db5e   0x00000002   PAD
    0x0800db60   0x0800db60   0x0000026c   Code   RO          356    i.modulator_dvbt_setparm  vatek_modulator.o
    0x0800ddcc   0x0800ddcc   0x00000350   Code   RO          357    i.modulator_isdbt_setparm  vatek_modulator.o
    0x0800e11c   0x0800e11c   0x000000b8   Code   RO          358    i.modulator_j83a_setparm  vatek_modulator.o
    0x0800e1d4   0x0800e1d4   0x000000a8   Code   RO          359    i.modulator_j83b_setparm  vatek_modulator.o
    0x0800e27c   0x0800e27c   0x000000ac   Code   RO          360    i.modulator_j83c_setparm  vatek_modulator.o
    0x0800e328   0x0800e328   0x00000108   Code   RO         1076    i.mxl608_create     tuner_mxl608.o
    0x0800e430   0x0800e430   0x00000054   Code   RO         1079    i.mxl608_getstatus  tuner_mxl608.o
    0x0800e484   0x0800e484   0x00000188   Code   RO         1080    i.mxl608_lock       tuner_mxl608.o
    0x0800e60c   0x0800e60c   0x00000090   Code   RO          624    i.psi_format        vatek_psispec_default.o
    0x0800e69c   0x0800e69c   0x00000248   Code   RO          625    i.psip_format       vatek_psispec_default.o
    0x0800e8e4   0x0800e8e4   0x00000080   Code   RO         1164    i.r2_viavatek_cmd   rf_r2_via_vatek.o
    0x0800e964   0x0800e964   0x00000040   Code   RO         1165    i.r2_viavatek_create  rf_r2_via_vatek.o
    0x0800e9a4   0x0800e9a4   0x0000004c   Code   RO         1166    i.r2_viavatek_ctrl  rf_r2_via_vatek.o
    0x0800e9f0   0x0800e9f0   0x00000052   Code   RO         1168    i.r2_viavatek_getstatus  rf_r2_via_vatek.o
    0x0800ea42   0x0800ea42   0x00000002   PAD
    0x0800ea44   0x0800ea44   0x00000098   Code   RO         1171    i.r2_viavatek_start  rf_r2_via_vatek.o
    0x0800eadc   0x0800eadc   0x00000046   Code   RO         1172    i.r2_viavatek_stop  rf_r2_via_vatek.o
    0x0800eb22   0x0800eb22   0x00000002   PAD
    0x0800eb24   0x0800eb24   0x00000198   Code   RO         3027    i.sample_tf_init    vatek_sample_transform.o
    0x0800ecbc   0x0800ecbc   0x00000014   Code   RO         3029    i.sample_tf_play_program  vatek_sample_transform.o
    0x0800ecd0   0x0800ecd0   0x000000f0   Code   RO         3031    i.sample_tf_statusmsg  vatek_sample_transform.o
    0x0800edc0   0x0800edc0   0x0000012c   Code   RO         3032    i.sample_tf_stop    vatek_sample_transform.o
    0x0800eeec   0x0800eeec   0x000000e4   Code   RO          626    i.tool_stream_audio  vatek_psispec_default.o
    0x0800efd0   0x0800efd0   0x00000188   Code   RO          627    i.tool_stream_video  vatek_psispec_default.o
    0x0800f158   0x0800f158   0x0000007a   Code   RO           10    i.transform_ctrl    vatek_transform.o
    0x0800f1d2   0x0800f1d2   0x00000002   PAD
    0x0800f1d4   0x0800f1d4   0x000000cc   Code   RO           11    i.transform_getstatus  vatek_transform.o
    0x0800f2a0   0x0800f2a0   0x00000128   Code   RO           12    i.transform_reset   vatek_transform.o
    0x0800f3c8   0x0800f3c8   0x000001b0   Code   RO          563    i.tsmux_default_setparm  vatek_tsmux.o
    0x0800f578   0x0800f578   0x00000240   Code   RO          564    i.tsmux_iso13818_setparm  vatek_tsmux.o
    0x0800f7b8   0x0800f7b8   0x00000144   Code   RO          565    i.tsmux_pure_setparm  vatek_tsmux.o
    0x0800f8fc   0x0800f8fc   0x00000144   Code   RO          566    i.tsmux_rule_setparm  vatek_tsmux.o
    0x0800fa40   0x0800fa40   0x00000056   Code   RO          567    i.tsmux_transform_setparm  vatek_tsmux.o
    0x0800fa96   0x0800fa96   0x00000002   PAD
    0x0800fa98   0x0800fa98   0x0000002c   Code   RO         3127    i.uart_cmdline_init  uart_cmdline.o
    0x0800fac4   0x0800fac4   0x00000080   Code   RO         2692    i.vatek_demod_create  vatek_demod.o
    0x0800fb44   0x0800fb44   0x0000002c   Code   RO         2694    i.vatek_demod_getstatus  vatek_demod.o
    0x0800fb70   0x0800fb70   0x0000002a   Code   RO         2695    i.vatek_demod_i2cbypass  vatek_demod.o
    0x0800fb9a   0x0800fb9a   0x0000002c   Code   RO         2696    i.vatek_demod_lock  vatek_demod.o
    0x0800fbc6   0x0800fbc6   0x00000042   Code   RO          270    i.vatek_hms_create  vatek_hms.o
    0x0800fc08   0x0800fc08   0x0000004c   Code   RO          272    i.vatek_hms_issystemidle  vatek_hms.o
    0x0800fc54   0x0800fc54   0x00000088   Code   RO          274    i.vatek_hms_read_hal  vatek_hms.o
    0x0800fcdc   0x0800fcdc   0x00000088   Code   RO          276    i.vatek_hms_read_reg  vatek_hms.o
    0x0800fd64   0x0800fd64   0x00000024   Code   RO          277    i.vatek_hms_reset   vatek_hms.o
    0x0800fd88   0x0800fd88   0x00000050   Code   RO          278    i.vatek_hms_write_hal  vatek_hms.o
    0x0800fdd8   0x0800fdd8   0x00000062   Code   RO          279    i.vatek_hms_write_halbuf  vatek_hms.o
    0x0800fe3a   0x0800fe3a   0x00000002   PAD
    0x0800fe3c   0x0800fe3c   0x00000118   Code   RO          361    i.vatek_modulator_setparm  vatek_modulator.o
    0x0800ff54   0x0800ff54   0x00000130   Code   RO         2776    i.vatek_porting_i2c_read  vatek_porting_i2c.o
    0x08010084   0x08010084   0x00000006   Code   RO         2777    i.vatek_porting_i2c_set_speed  vatek_porting_i2c.o
    0x0801008a   0x0801008a   0x00000082   Code   RO         2778    i.vatek_porting_i2c_start  vatek_porting_i2c.o
    0x0801010c   0x0801010c   0x00000022   Code   RO         2779    i.vatek_porting_i2c_stop  vatek_porting_i2c.o
    0x0801012e   0x0801012e   0x00000002   PAD
    0x08010130   0x08010130   0x00000054   Code   RO         2780    i.vatek_porting_i2c_write  vatek_porting_i2c.o
    0x08010184   0x08010184   0x00000010   Code   RO         2848    i.vatek_porting_system_delay  vatek_porting_system.o
    0x08010194   0x08010194   0x0000004c   Code   RO         2849    i.vatek_porting_system_demodreset  vatek_porting_system.o
    0x080101e0   0x080101e0   0x0000000e   Code   RO         2850    i.vatek_porting_system_gettick  vatek_porting_system.o
    0x080101ee   0x080101ee   0x00000002   PAD
    0x080101f0   0x080101f0   0x00000040   Code   RO         2851    i.vatek_porting_system_mainreset  vatek_porting_system.o
    0x08010230   0x08010230   0x0000000c   Code   RO         2852    i.vatek_porting_system_phyreset  vatek_porting_system.o
    0x0801023c   0x0801023c   0x0000000c   Code   RO         2853    i.vatek_porting_system_rfreset  vatek_porting_system.o
    0x08010248   0x08010248   0x0000004c   Code   RO         2854    i.vatek_porting_system_tunerreset  vatek_porting_system.o
    0x08010294   0x08010294   0x000000a0   Code   RO          628    i.vatek_psispec_default_ch_config  vatek_psispec_default.o
    0x08010334   0x08010334   0x00000114   Code   RO          631    i.vatek_psispec_default_init_tr  vatek_psispec_default.o
    0x08010448   0x08010448   0x00000110   Code   RO          632    i.vatek_psispec_default_program_add  vatek_psispec_default.o
    0x08010558   0x08010558   0x00000028   Code   RO          633    i.vatek_psispec_default_program_end  vatek_psispec_default.o
    0x08010580   0x08010580   0x00000020   Code   RO          635    i.vatek_psispec_default_start_tr  vatek_psispec_default.o
    0x080105a0   0x080105a0   0x00000174   Code   RO          636    i.vatek_psispec_default_stream_add  vatek_psispec_default.o
    0x08010714   0x08010714   0x00000060   Code   RO         1228    i.vatek_rf_create   vatek_rf.o
    0x08010774   0x08010774   0x0000002a   Code   RO         1233    i.vatek_rf_start    vatek_rf.o
    0x0801079e   0x0801079e   0x00000026   Code   RO         1234    i.vatek_rf_stop     vatek_rf.o
    0x080107c4   0x080107c4   0x0000000c   Code   RO         2939    i.vatek_system_delay  vatek_system.o
    0x080107d0   0x080107d0   0x00000008   Code   RO         2940    i.vatek_system_gettick  vatek_system.o
    0x080107d8   0x080107d8   0x00000058   Code   RO         2943    i.vatek_system_i2c_create  vatek_system.o
    0x08010830   0x08010830   0x000000ca   Code   RO         2945    i.vatek_system_reset  vatek_system.o
    0x080108fa   0x080108fa   0x00000024   Code   RO           13    i.vatek_transform_bcstatus  vatek_transform.o
    0x0801091e   0x0801091e   0x00000074   Code   RO           15    i.vatek_transform_chipstatus  vatek_transform.o
    0x08010992   0x08010992   0x00000044   Code   RO           16    i.vatek_transform_create  vatek_transform.o
    0x080109d6   0x080109d6   0x0000002c   Code   RO           19    i.vatek_transform_modulator_setparm  vatek_transform.o
    0x08010a02   0x08010a02   0x0000001e   Code   RO           20    i.vatek_transform_psispec_default_channel_config  vatek_transform.o
    0x08010a20   0x08010a20   0x0000002a   Code   RO           21    i.vatek_transform_psispec_default_init  vatek_transform.o
    0x08010a4a   0x08010a4a   0x00000020   Code   RO           22    i.vatek_transform_psispec_default_program_add  vatek_transform.o
    0x08010a6a   0x08010a6a   0x00000014   Code   RO           23    i.vatek_transform_psispec_default_program_end  vatek_transform.o
    0x08010a7e   0x08010a7e   0x00000014   Code   RO           24    i.vatek_transform_psispec_default_start  vatek_transform.o
    0x08010a92   0x08010a92   0x00000020   Code   RO           25    i.vatek_transform_psispec_default_stream_add  vatek_transform.o
    0x08010ab2   0x08010ab2   0x00000002   PAD
    0x08010ab4   0x08010ab4   0x000000bc   Code   RO           34    i.vatek_transform_start  vatek_transform.o
    0x08010b70   0x08010b70   0x00000090   Code   RO           35    i.vatek_transform_stop  vatek_transform.o
    0x08010c00   0x08010c00   0x0000001e   Code   RO           36    i.vatek_transform_tsmux_setparm  vatek_transform.o
    0x08010c1e   0x08010c1e   0x00000030   Code   RO           37    i.vatek_transform_tsp_setfilterparm  vatek_transform.o
    0x08010c4e   0x08010c4e   0x0000001c   Code   RO           38    i.vatek_transform_tsp_setinputparm_ts  vatek_transform.o
    0x08010c6a   0x08010c6a   0x00000002   PAD
    0x08010c6c   0x08010c6c   0x000001a4   Code   RO          568    i.vatek_tsmux_setparm  vatek_tsmux.o
    0x08010e10   0x08010e10   0x000000c8   Code   RO          601    i.vatek_tsp_setfilterparm  vatek_tsp.o
    0x08010ed8   0x08010ed8   0x000000c2   Code   RO          602    i.vatek_tsp_setinputparm_ts  vatek_tsp.o
    0x08010f9a   0x08010f9a   0x0000009a   Code   RO         1119    i.vatek_tuner_create  vatek_tuner.o
    0x08011034   0x08011034   0x0000003c   Code   RO         1122    i.vatek_tuner_getstatus  vatek_tuner.o
    0x08011070   0x08011070   0x0000003c   Code   RO         1123    i.vatek_tuner_lock  vatek_tuner.o
    0x080110ac   0x080110ac   0x0000003b   Data   RO           39    .constdata          vatek_transform.o
    0x080110e7   0x080110e7   0x000000e9   Data   RO          362    .constdata          vatek_modulator.o
    0x080111d0   0x080111d0   0x00000067   Data   RO          569    .constdata          vatek_tsmux.o
    0x08011237   0x08011237   0x0000003a   Data   RO         1081    .constdata          tuner_mxl608.o
    0x08011271   0x08011271   0x00000011   Data   RO         1124    .constdata          vatek_tuner.o
    0x08011282   0x08011282   0x00000012   Data   RO         1173    .constdata          rf_r2_via_vatek.o
    0x08011294   0x08011294   0x00000002   Data   RO         1482    .constdata          avl_demod_commoninternal.o
    0x08011296   0x08011296   0x000000d7   Data   RO         2624    .constdata          demod_avl68xx.o
    0x0801136d   0x0801136d   0x000000e2   Data   RO         3033    .constdata          vatek_sample_transform.o
    0x0801144f   0x0801144f   0x00000018   Data   RO         7234    .constdata          system_stm32f4xx.o
    0x08011467   0x08011467   0x00000001   PAD
    0x08011468   0x08011468   0x00000086   Data   RO          363    .conststring        vatek_modulator.o
    0x080114ee   0x080114ee   0x00000002   PAD
    0x080114f0   0x080114f0   0x00000263   Data   RO         1082    .conststring        tuner_mxl608.o
    0x08011753   0x08011753   0x00000001   PAD
    0x08011754   0x08011754   0x00000047   Data   RO         1174    .conststring        rf_r2_via_vatek.o
    0x0801179b   0x0801179b   0x00000001   PAD
    0x0801179c   0x0801179c   0x0000019d   Data   RO         2625    .conststring        demod_avl68xx.o
    0x08011939   0x08011939   0x00000003   PAD
    0x0801193c   0x0801193c   0x000000d5   Data   RO         3034    .conststring        vatek_sample_transform.o
    0x08011a11   0x08011a11   0x00000003   PAD
    0x08011a14   0x08011a14   0x00000040   Data   RO         8049    Region$$Table       anon$$obj.o


    Execution Region RW_IRAM2 (Exec base: 0x10000000, Load base: 0x080205d0, Size: 0x00005778, Max: 0x00010000, ABSOLUTE, COMPRESSED[0x000005ec])

    Exec Addr    Load Addr    Size         Type   Attr      Idx    E Section Name        Object

    0x10000000   COMPRESSED   0x0000000c   Data   RW          637    .data               vatek_psispec_default.o
    0x1000000c   COMPRESSED   0x0000012c   Data   RW         1036    .data               mxl608_tunercfg.o
    0x10000138   COMPRESSED   0x0000002c   Data   RW         1063    .data               mxl608_tunerspurtable.o
    0x10000164   COMPRESSED   0x00000001   Data   RW         1295    .data               avl_demod_commonapi.o
    0x10000165   COMPRESSED   0x00000003   PAD
    0x10000168   COMPRESSED   0x00000088   Data   RW         1853    .data               avl_demod_config.o
    0x100001f0   COMPRESSED   0x0000071c   Data   RW         2165    .data               avl_demod_dvbtx.o
    0x1000090c   COMPRESSED   0x00000014   Data   RW         3794    .data               usbd_custom_hid_if.o
    0x10000920   COMPRESSED   0x00000009   Data   RW         5461    .data               stm32f4xx_hal.o
    0x10000929   COMPRESSED   0x00000003   PAD
    0x1000092c   COMPRESSED   0x00000004   Data   RW         7235    .data               system_stm32f4xx.o
    0x10000930   COMPRESSED   0x000000d2   Data   RW         7574    .data               usbd_customhid.o
    0x10000a02   COMPRESSED   0x00000002   PAD
    0x10000a04   COMPRESSED   0x00000004   Data   RW         7991    .data               mc_w.l(mvars.o)
    0x10000a08        -       0x00000448   Zero   RW         1294    .bss                avl_demod_commonapi.o
    0x10000e50        -       0x00000080   Zero   RW         3417    .bss                usart.o
    0x10000ed0        -       0x0000029c   Zero   RW         3472    .bss                usb_device.o
    0x1000116c        -       0x00000408   Zero   RW         3548    .bss                usbd_conf.o
    0x10001574        -       0x00000200   Zero   RW         3723    .bss                usbd_desc.o
    0x10001774   COMPRESSED   0x00000004   PAD
    0x10001778        -       0x00004000   Zero   RW            1    STACK               startup_stm32f407xx.o


    Execution Region RW_IRAM1 (Exec base: 0x20000000, Load base: 0x08011a54, Size: 0x00015778, Max: 0x00020000, ABSOLUTE, COMPRESSED[0x0000eb7c])

    Exec Addr    Load Addr    Size         Type   Attr      Idx    E Section Name        Object

    0x20000000   COMPRESSED   0x00000004   Data   RW          854    .data               mxl608_oem_drv.o
    0x20000004   COMPRESSED   0x0001130d   Data   RW         1483    .data               avl_demod_commoninternal.o
    0x20011311   COMPRESSED   0x00000003   PAD
    0x20011314   COMPRESSED   0x00000004   Data   RW         2421    .data               user_defined_function.o
    0x20011318   COMPRESSED   0x00000104   Data   RW         3035    .data               vatek_sample_transform.o
    0x2001141c   COMPRESSED   0x000001d0   Data   RW         3131    .data               uart_cmdline.o
    0x200115ec   COMPRESSED   0x0000004e   Data   RW         3724    .data               usbd_desc.o
    0x2001163a   COMPRESSED   0x00000001   Data   RW         7421    .data               usbd_ctlreq.o
    0x2001163b   COMPRESSED   0x00000001   PAD
    0x2001163c   COMPRESSED   0x00000004   Data   RW         7984    .data               mc_w.l(stdout.o)
    0x20011640   COMPRESSED   0x00000004   Data   RW         7992    .data               mc_w.l(mvars.o)
    0x20011644        -       0x00000009   Zero   RW          281    .bss                vatek_hms.o
    0x2001164d   COMPRESSED   0x00000003   PAD
    0x20011650        -       0x00000054   Zero   RW         3282    .bss                i2c.o
    0x200116a4        -       0x00000020   Zero   RW         3324    .bss                rtc.o
    0x200116c4        -       0x000000b0   Zero   RW         3367    .bss                spi.o
    0x20011774   COMPRESSED   0x00000004   PAD
    0x20011778        -       0x00004000   Zero   RW            2    HEAP                startup_stm32f407xx.o


==============================================================================

Image component sizes


      Code (inc. data)   RO Data    RW Data    ZI Data      Debug   Object Name

      3044        146          0          1       1096      24284   avl_demod_commonapi.o
     11958        366          2      70413          0      63588   avl_demod_commoninternal.o
         0          0          0        136          0      30375   avl_demod_config.o
       120          6          0          0          0        769   avl_demod_dvbc.o
       496         10          0          0          0       2334   avl_demod_dvbsx.o
      4182        104          0       1820          0      18359   avl_demod_dvbtx.o
       200          8          0          0          0       1587   avl_demod_isdbt.o
      1356        418        628          0          0      10527   demod_avl68xx.o
       348         18          0          0          0       1143   gpio.o
       196         26          0          0         84       1741   i2c.o
       278         16          0          0          0       8060   main.o
         0          0          0          0          0       4419   mxl608_main.o
       364         12          0          4          0       5498   mxl608_oem_drv.o
      2316         52          0          0          0      15515   mxl608_tunerapi.o
       306         10          0        300          0       5513   mxl608_tunercfg.o
         0          0          0         44          0       1734   mxl608_tunerspurtable.o
       572         16         89          0          0       5776   rf_r2_via_vatek.o
        76         18          0          0         32       1523   rtc.o
       392         42          0          0        176       2422   spi.o
        36          8        392          0      32768        868   startup_stm32f407xx.o
       212         36          0          9          0       9633   stm32f4xx_hal.o
       304         22          0          0          0      34671   stm32f4xx_hal_cortex.o
       524         46          0          0          0       2404   stm32f4xx_hal_gpio.o
       464         18          0          0          0       2103   stm32f4xx_hal_i2c.o
        72          4          0          0          0        890   stm32f4xx_hal_msp.o
      3220         18          0          0          0      12677   stm32f4xx_hal_pcd.o
        90          0          0          0          0       2553   stm32f4xx_hal_pcd_ex.o
      1800         84          0          0          0       5824   stm32f4xx_hal_rcc.o
       416         20          0          0          0       1464   stm32f4xx_hal_rcc_ex.o
       336          4          0          0          0       2740   stm32f4xx_hal_rtc.o
       140          0          0          0          0       1227   stm32f4xx_hal_spi.o
      1438          8          0          0          0       3940   stm32f4xx_hal_uart.o
        48          6          0          0          0       4914   stm32f4xx_it.o
      3696        112          0          0          0      23594   stm32f4xx_ll_usb.o
        28          4         24          4          0       1223   system_stm32f4xx.o
      1124        198        669          0          0       5476   tuner_mxl608.o
       300        126          0        464          0       5056   uart_cmdline.o
       336         38          0          0        128       2645   usart.o
        76         16          0          0        668       2318   usb_device.o
       972         18          0          0       1032      15848   usbd_conf.o
       886          0          0          0          0      13557   usbd_core.o
      1944         28          0          1          0      11536   usbd_ctlreq.o
        14          0          0         20          0       2248   usbd_custom_hid_if.o
       690         38          0        210          0      10758   usbd_customhid.o
       410        146          0         78        512       6973   usbd_desc.o
       174          0          0          0          0       4928   usbd_ioreq.o
       262         14          0          4          0     689412   user_defined_function.o
       258          0          0          0          0       3860   vatek_demod.o
       784         20          0          0          9       8091   vatek_hms.o
      5270       1914        367          0          0       9782   vatek_modulator.o
       870         18          0          0          0       9192   vatek_porting_i2c.o
       270         18          0          0          0       4948   vatek_porting_system.o
      4170        226          0         12          0      14298   vatek_psispec_default.o
       176          0          0          0          0       2891   vatek_rf.o
      4740       2858        439        260          0      13706   vatek_sample_transform.o
       310         22          0          0          0       3291   vatek_system.o
      1500        326         59          0          0      47967   vatek_transform.o
      2162        876        103          0          0       5258   vatek_tsmux.o
       394          4          0          0          0       1874   vatek_tsp.o
       410         72         17          0          0       3940   vatek_tuner.o

    ----------------------------------------------------------------------
     67596       8634       2864      73792      36516    1215745   Object Totals
         0          0         64          0          0          0   (incl. Generated)
        66          0         11         12         11          0   (incl. Padding)

    ----------------------------------------------------------------------

      Code (inc. data)   RO Data    RW Data    ZI Data      Debug   Library Member Name

        94          0          0          0          0          0   __dclz77c.o
         0          0          0          0          0          0   entry.o
         0          0          0          0          0          0   entry10a.o
         0          0          0          0          0          0   entry11a.o
         4          0          0          0          0          0   entry12b.o
         8          4          0          0          0          0   entry2.o
         4          0          0          0          0          0   entry5.o
         0          0          0          0          0          0   entry7b.o
         0          0          0          0          0          0   entry8b.o
         8          4          0          0          0          0   entry9a.o
        30          0          0          0          0          0   handlers.o
        36          8          0          0          0         68   init.o
        30          0          0          0          0         68   llshl.o
        32          0          0          0          0         68   llushr.o
       252         24          0          0          0        252   mallocr.o
        36          0          0          0          0         68   memcpya.o
        36          0          0          0          0        108   memseta.o
         0          0          0          8          0          0   mvars.o
      1142         54          0          0          0        352   printf8.o
         0          0          0          4          0          0   stdout.o
        98          0          0          0          0         92   uldiv.o

    ----------------------------------------------------------------------
      1816         94          0         12          0       1076   Library Totals
         6          0          0          0          0          0   (incl. Padding)

    ----------------------------------------------------------------------

      Code (inc. data)   RO Data    RW Data    ZI Data      Debug   Library Name

      1810         94          0         12          0       1076   mc_w.l

    ----------------------------------------------------------------------
      1816         94          0         12          0       1076   Library Totals

    ----------------------------------------------------------------------

==============================================================================


      Code (inc. data)   RO Data    RW Data    ZI Data      Debug   

     69412       8728       2864      73804      36516    1175985   Grand Totals
     69412       8728       2864      61800      36516    1175985   ELF Image Totals (compressed)
     69412       8728       2864      61800          0          0   ROM Totals

==============================================================================

    Total RO  Size (Code + RO Data)                72276 (  70.58kB)
    Total RW  Size (RW Data + ZI Data)            110320 ( 107.73kB)
    Total ROM Size (Code + RO Data + RW Data)     134076 ( 130.93kB)

==============================================================================

