<html>
<body>
<pre>
<h1>µVision Build Log</h1>
<h2>Tool Versions:</h2>
IDE-Version: £gVision V5.36.0.0
Copyright (C) 2021 ARM Ltd and ARM Germany GmbH. All rights reserved.
License Information: 000 000, 000, LIC=ATTQ1-C2ZBT-RA1DM-XA54U-AHNEM-6389R
 
Tool Versions:
Toolchain:       MDK-ARM Plus  Version: 5.36.0.0
Toolchain Path:  D:\Keil_C\ARM_Pack\ARM\ARMCC\Bin
C Compiler:      Armcc.exe V5.06 update 7 (build 960)
Assembler:       Armasm.exe V5.06 update 7 (build 960)
Linker/Locator:  ArmLink.exe V5.06 update 7 (build 960)
Library Manager: ArmAr.exe V5.06 update 7 (build 960)
Hex Converter:   FromElf.exe V5.06 update 7 (build 960)
CPU DLL:         SARMCM3.DLL V5.36.0.0
Dialog DLL:      DCM.DLL V1.17.3.0
Target DLL:      STLink\ST-LINKIII-KEIL_SWO.dll V3.0.9.0
Dialog DLL:      TCM.DLL V1.53.0.0
 
<h2>Project:</h2>
D:\DeskTop\MDK\mdk0826\project\vatek_transform\vatek_transform_F407\MDK-ARM\vatek_transform_F407.uvprojx
Project File Date:  05/04/2023

<h2>Output:</h2>
*** Using Compiler 'V5.06 update 7 (build 960)', folder: 'D:\Keil_C\ARM_Pack\ARM\ARMCC\Bin'
Rebuild target 'vatek_transform_F407'
assembling startup_stm32f407xx.s...
compiling vatek_tsmux.c...
compiling vatek_psitable.c...
compiling vatek_hms.c...
compiling vatek_psispec_rule.c...
compiling vatek_transform.c...
compiling vatek_modulator.c...
compiling vatek_tsp.c...
compiling vatek_capture.c...
compiling vatek_enum.c...
compiling MxL608_Main.c...
..\..\..\..\peripheral\src\tuner\MxL608\MxL608_Main.c(162): warning:  #1-D: last line of file ends without a newline
  }
..\..\..\..\peripheral\src\tuner\MxL608\MxL608_Main.c: 1 warning, 0 errors
compiling vatek_psispec_default.c...
compiling MxL608_TunerCfg.c...
compiling MxL608_OEM_Drv.c...
compiling MxL608_TunerApi.c...
compiling MxL608_TunerSpurTable.c...
compiling vatek_tuner.c...
..\..\..\..\peripheral\src\tuner\vatek_tuner.c(48): warning:  #186-D: pointless comparison of unsigned integer with zero
      if (type > tuner_type_max || type < tuner_type_min)
..\..\..\..\peripheral\src\tuner\vatek_tuner.c: 1 warning, 0 errors
compiling vatek_rf.c...
..\..\..\..\peripheral\src\rf\vatek_rf.c(27): warning:  #186-D: pointless comparison of unsigned integer with zero
      if (type > rf_type_max || type < rf_type_min)
..\..\..\..\peripheral\src\rf\vatek_rf.c: 1 warning, 0 errors
compiling tuner_MxL608.c...
compiling rf_r2_via_vatek.c...
compiling AVL_Demod_Config.c...
compiling AVL_Demod_CommonAPI.c...
..\..\..\..\peripheral\src\demod\AVL68XX\AVL_Demod_CommonAPI.c(345): warning:  #61-D: integer operation result is out of range
      if(uiHwCntNumPkts > (AVL_uint32)(1 << 31))
..\..\..\..\peripheral\src\demod\AVL68XX\AVL_Demod_CommonAPI.c: 1 warning, 0 errors
compiling AVL_Demod_DVBC.c...
..\..\..\..\peripheral\src\demod\AVL68XX\AVL_Demod_DVBC.c(301): warning:  #111-D: statement is unreachable
      return r;
..\..\..\..\peripheral\src\demod\AVL68XX\AVL_Demod_DVBC.c: 1 warning, 0 errors
compiling AVL_Demod_ISDBT.c...
..\..\..\..\peripheral\src\demod\AVL68XX\AVL_Demod_ISDBT.c(574): warning:  #61-D: integer operation result is out of range
      if(uiHwCntNumPkts > (AVL_uint32)(1 << 31))
..\..\..\..\peripheral\src\demod\AVL68XX\AVL_Demod_ISDBT.c: 1 warning, 0 errors
compiling demod_AVL68XX.c...
compiling vatek_demod.c...
..\..\..\..\peripheral\src\demod\vatek_demod.c(26): warning:  #186-D: pointless comparison of unsigned integer with zero
      if (type > demod_type_max || type < demod_type_min)
..\..\..\..\peripheral\src\demod\vatek_demod.c: 1 warning, 0 errors
compiling AVL_Demod_DVBTx.c...
..\..\..\..\peripheral\src\demod\AVL68XX\AVL_Demod_DVBTx.c(701): warning:  #111-D: statement is unreachable
          break;
..\..\..\..\peripheral\src\demod\AVL68XX\AVL_Demod_DVBTx.c(704): warning:  #111-D: statement is unreachable
          break;
..\..\..\..\peripheral\src\demod\AVL68XX\AVL_Demod_DVBTx.c(707): warning:  #111-D: statement is unreachable
          break;
..\..\..\..\peripheral\src\demod\AVL68XX\AVL_Demod_DVBTx.c: 3 warnings, 0 errors
compiling AVL_Demod_DVBSx.c...
compiling vatek_system.c...
compiling AVL_Demod_CommonInternal.c...
..\..\..\..\peripheral\src\demod\AVL68XX\AVL_Demod_CommonInternal.c(1305): warning:  #61-D: integer operation result is out of range
      if(uiHwCntNumBits > (AVL_uint32)(1 << 31))
..\..\..\..\peripheral\src\demod\AVL68XX\AVL_Demod_CommonInternal.c(2576): warning:  #111-D: statement is unreachable
                              break;
..\..\..\..\peripheral\src\demod\AVL68XX\AVL_Demod_CommonInternal.c: 2 warnings, 0 errors
compiling uart_cmdline.c...
..\..\..\..\tool\src\uart_cmdline.c(30): warning:  #144-D: a value of type "void *" cannot be used to initialize an entity of type "Pfn"
      {"help"          , (void*)_default_cli_help           , 0},
..\..\..\..\tool\src\uart_cmdline.c(31): warning:  #144-D: a value of type "void *" cannot be used to initialize an entity of type "Pfn"
      {"dump_reg_all"  , (void*)_default_cli_dump_reg_all   , 0},
..\..\..\..\tool\src\uart_cmdline.c(32): warning:  #144-D: a value of type "void *" cannot be used to initialize an entity of type "Pfn"
      {"dump_reg_one"  , (void*)_default_cli_dump_reg_one   , 1},
..\..\..\..\tool\src\uart_cmdline.c(33): warning:  #144-D: a value of type "void *" cannot be used to initialize an entity of type "Pfn"
      {"dump_reg_range", (void*)_default_cli_dump_reg_range , 2},
..\..\..\..\tool\src\uart_cmdline.c(34): warning:  #144-D: a value of type "void *" cannot be used to initialize an entity of type "Pfn"
      {"write_reg_one" , (void*)_default_cli_write_reg_one  , 2},
..\..\..\..\tool\src\uart_cmdline.c: 5 warnings, 0 errors
compiling vatek_sample_transform.c...
..\..\..\..\sample\src\vatek_sample_transform.c(47): warning:  #144-D: a value of type "void *" cannot be used to initialize an entity of type "Pfn"
      {"tfhelp", (void *)_cmdline_help, 0},
..\..\..\..\sample\src\vatek_sample_transform.c(48): warning:  #144-D: a value of type "void *" cannot be used to initialize an entity of type "Pfn"
      {"tfstop", (void *)sample_tf_stop, 0},
..\..\..\..\sample\src\vatek_sample_transform.c(49): warning:  #144-D: a value of type "void *" cannot be used to initialize an entity of type "Pfn"
      {"tfplay", (void *)_sample_tf_play_program, 2},
..\..\..\..\sample\src\vatek_sample_transform.c(50): warning:  #144-D: a value of type "void *" cannot be used to initialize an entity of type "Pfn"
      {"tfplayall", (void *)_sample_tf_play_allprogram, 1},
..\..\..\..\sample\src\vatek_sample_transform.c(51): warning:  #144-D: a value of type "void *" cannot be used to initialize an entity of type "Pfn"
      {"tflock", (void *)_sample_tf_lockfreq, 2},
..\..\..\..\sample\src\vatek_sample_transform.c(52): warning:  #144-D: a value of type "void *" cannot be used to initialize an entity of type "Pfn"
      {"tfmsg", (void *)sample_tf_statusmsg, 0},
..\..\..\..\sample\src\vatek_sample_transform.c(155): warning:  #188-D: enumerated type mixed with another type
  		modulator_base_parm mod_base_parm = {0};
..\..\..\..\sample\src\vatek_sample_transform.c(161): warning:  #188-D: enumerated type mixed with another type
  		modulator_j83a_parm j83a_parm = {0};
..\..\..\..\sample\src\vatek_sample_transform.c(479): warning:  #177-D: variable "list"  was declared but never referenced
      Penum_list list = NULL;
..\..\..\..\sample\src\vatek_sample_transform.c(490): warning:  #177-D: variable "idx"  was declared but never referenced
      uint16_t idx = 0;
..\..\..\..\sample\src\vatek_sample_transform.c(745): warning:  #177-D: variable "result"  was declared but never referenced
      vatek_result result = vatek_result_unknown;
..\..\..\..\sample\src\vatek_sample_transform.c(174): warning:  #177-D: function "_sample_tf_enum"  was declared but never referenced
  static vatek_result _sample_tf_enum(Penum_list *list)
..\..\..\..\sample\src\vatek_sample_transform.c: 12 warnings, 0 errors
compiling user_defined_function.c...
compiling vatek_porting_gpio.c...
compiling vatek_porting_uart.c...
compiling vatek_porting_i2c.c...
compiling vatek_porting_system.c...
compiling main.c...
compiling gpio.c...
compiling i2c.c...
compiling spi.c...
compiling rtc.c...
compiling usart.c...
compiling usbd_desc.c...
compiling usb_device.c...
compiling usbd_conf.c...
compiling usbd_custom_hid_if.c...
compiling stm32f4xx_it.c...
compiling stm32f4xx_hal_pcd_ex.c...
compiling stm32f4xx_hal_msp.c...
compiling stm32f4xx_hal_pcd.c...
compiling stm32f4xx_ll_usb.c...
compiling stm32f4xx_hal_rcc.c...
compiling stm32f4xx_hal_flash.c...
compiling stm32f4xx_hal_flash_ex.c...
compiling stm32f4xx_hal_flash_ramfunc.c...
compiling stm32f4xx_hal_rcc_ex.c...
compiling stm32f4xx_hal_gpio.c...
compiling stm32f4xx_hal_dma.c...
compiling stm32f4xx_hal_dma_ex.c...
compiling stm32f4xx_hal_pwr_ex.c...
compiling stm32f4xx_hal_i2c_ex.c...
compiling stm32f4xx_hal_exti.c...
compiling stm32f4xx_hal_cortex.c...
compiling stm32f4xx_hal_pwr.c...
compiling stm32f4xx_hal.c...
compiling stm32f4xx_hal_i2c.c...
compiling stm32f4xx_hal_tim_ex.c...
compiling stm32f4xx_hal_rtc.c...
compiling system_stm32f4xx.c...
compiling stm32f4xx_hal_rtc_ex.c...
compiling stm32f4xx_hal_tim.c...
compiling stm32f4xx_hal_uart.c...
compiling stm32f4xx_hal_spi.c...
compiling usbd_core.c...
compiling usbd_ioreq.c...
compiling usbd_ctlreq.c...
compiling usbd_customhid.c...
linking...
Program Size: Code=69412 RO-data=2864 RW-data=73804 ZI-data=36516  
FromELF: creating hex file...
"vatek_transform_F407\vatek_transform_F407.axf" - 0 Error(s), 29 Warning(s).

<h2>Software Packages used:</h2>

Package Vendor: ARM
                http://www.keil.com/pack/ARM.CMSIS.5.8.0.pack
                ARM.CMSIS.5.8.0
                CMSIS (Common Microcontroller Software Interface Standard)
   * Component: CORE Version: 5.5.0

Package Vendor: Keil
                http://www.keil.com/pack/Keil.STM32F4xx_DFP.2.15.0.pack
                Keil.STM32F4xx_DFP.2.15.0
                STMicroelectronics STM32F4 Series Device Support, Drivers and Examples

<h2>Collection of Component include folders:</h2>
  .\RTE\_vatek_transform_F407
  D:\Keil_C\ARM_Pack\ARM\CMSIS\5.8.0\CMSIS\Core\Include
  D:\Keil_C\ARM_Pack\Keil\STM32F4xx_DFP\2.15.0\Drivers\CMSIS\Device\ST\STM32F4xx\Include

<h2>Collection of Component Files used:</h2>

   * Component: ARM::CMSIS:CORE:5.5.0
Build Time Elapsed:  00:01:54
</pre>
</body>
</html>
