<html>
<body>
<pre>
<h1>µVision Build Log</h1>
<h2>Tool Versions:</h2>
IDE-Version: £gVision V5.36.0.0
Copyright (C) 2021 ARM Ltd and ARM Germany GmbH. All rights reserved.
License Information: 000 000, 000, LIC=ATTQ1-C2ZBT-RA1DM-XA54U-AHNEM-6389R
 
Tool Versions:
Toolchain:       MDK-ARM Plus  Version: 5.36.0.0
Toolchain Path:  D:\Keil_C\ARM_Pack\ARM\ARMCC\Bin
C Compiler:      Armcc.exe V5.06 update 7 (build 960)
Assembler:       Armasm.exe V5.06 update 7 (build 960)
Linker/Locator:  ArmLink.exe V5.06 update 7 (build 960)
Library Manager: ArmAr.exe V5.06 update 7 (build 960)
Hex Converter:   FromElf.exe V5.06 update 7 (build 960)
CPU DLL:         SARMCM3.DLL V5.36.0.0
Dialog DLL:      DCM.DLL V1.17.3.0
Target DLL:      STLink\ST-LINKIII-KEIL_SWO.dll V3.0.9.0
Dialog DLL:      TCM.DLL V1.53.0.0
 
<h2>Project:</h2>
D:\DeskTop\MDK\mdk20231117_backup\mdk20231024\project\vatek_broadcast\MDK-ARM\vatek_broadcast.uvprojx
Project File Date:  11/28/2023

<h2>Output:</h2>
*** Using Compiler 'V5.06 update 7 (build 960)', folder: 'D:\Keil_C\ARM_Pack\ARM\ARMCC\Bin'
Build target 'vatek_broadcast'
compiling phy_h1.c...
..\..\..\peripheral\src\phy\phy_h1.c(638): warning:  #177-D: variable "audio_reg_val"  was declared but never referenced
  	uint8_t audio_reg_val = 0;
..\..\..\peripheral\src\phy\phy_h1.c(807): warning:  #940-D: missing return statement at end of non-void function "h1_dump_reg" 
  }
..\..\..\peripheral\src\phy\phy_h1.c(813): warning:  #177-D: variable "tick"  was declared but never referenced
  	static uint32_t tick = 0;
..\..\..\peripheral\src\phy\phy_h1.c: 3 warnings, 0 errors
linking...
Program Size: Code=55308 RO-data=3904 RW-data=1940 ZI-data=20684  
FromELF: creating hex file...
"vatek_broadcast\vatek_broadcast.axf" - 0 Error(s), 3 Warning(s).

<h2>Software Packages used:</h2>

Package Vendor: ARM
                http://www.keil.com/pack/ARM.CMSIS.5.8.0.pack
                ARM.CMSIS.5.8.0
                CMSIS (Common Microcontroller Software Interface Standard)
   * Component: CORE Version: 5.5.0

Package Vendor: Keil
                http://www.keil.com/pack/Keil.STM32F4xx_DFP.2.15.0.pack
                Keil.STM32F4xx_DFP.2.15.0
                STMicroelectronics STM32F4 Series Device Support, Drivers and Examples

<h2>Collection of Component include folders:</h2>
  .\RTE\_vatek_broadcast
  D:\Keil_C\ARM_Pack\ARM\CMSIS\5.8.0\CMSIS\Core\Include
  D:\Keil_C\ARM_Pack\Keil\STM32F4xx_DFP\2.15.0\Drivers\CMSIS\Device\ST\STM32F4xx\Include

<h2>Collection of Component Files used:</h2>

   * Component: ARM::CMSIS:CORE:5.5.0
Build Time Elapsed:  00:00:02
</pre>
</body>
</html>
