Component: ARM Compiler 5.06 update 7 (build 960) Tool: armlink [4d3601]

==============================================================================

Section Cross References

    startup_stm32f401xc.o(RESET) refers to startup_stm32f401xc.o(STACK) for __initial_sp
    startup_stm32f401xc.o(RESET) refers to startup_stm32f401xc.o(.text) for Reset_Handler
    startup_stm32f401xc.o(RESET) refers to stm32f4xx_it.o(i.NMI_Handler) for NMI_Handler
    startup_stm32f401xc.o(RESET) refers to stm32f4xx_it.o(i.HardFault_Handler) for HardFault_Handler
    startup_stm32f401xc.o(RESET) refers to stm32f4xx_it.o(i.MemManage_Handler) for MemManage_Handler
    startup_stm32f401xc.o(RESET) refers to stm32f4xx_it.o(i.BusFault_Handler) for BusFault_Handler
    startup_stm32f401xc.o(RESET) refers to stm32f4xx_it.o(i.UsageFault_Handler) for UsageFault_Handler
    startup_stm32f401xc.o(RESET) refers to stm32f4xx_it.o(i.SVC_Handler) for SVC_Handler
    startup_stm32f401xc.o(RESET) refers to stm32f4xx_it.o(i.DebugMon_Handler) for DebugMon_Handler
    startup_stm32f401xc.o(RESET) refers to stm32f4xx_it.o(i.PendSV_Handler) for PendSV_Handler
    startup_stm32f401xc.o(RESET) refers to stm32f4xx_it.o(i.SysTick_Handler) for SysTick_Handler
    startup_stm32f401xc.o(RESET) refers to stm32f4xx_it.o(i.USART1_IRQHandler) for USART1_IRQHandler
    startup_stm32f401xc.o(RESET) refers to stm32f4xx_it.o(i.OTG_FS_IRQHandler) for OTG_FS_IRQHandler
    startup_stm32f401xc.o(.text) refers to system_stm32f4xx.o(i.SystemInit) for SystemInit
    startup_stm32f401xc.o(.text) refers to entry.o(.ARM.Collect$$$$00000000) for __main
    vatek_encoder.o(i.encoder_ae_setparm) refers to vatek_system.o(i.vatek_system_gettick) for vatek_system_gettick
    vatek_encoder.o(i.encoder_ae_setparm) refers to printf8.o(i.__0printf$8) for __2printf
    vatek_encoder.o(i.encoder_ae_setparm) refers to vatek_hms.o(i.vatek_hms_write_hal) for vatek_hms_write_hal
    vatek_encoder.o(i.encoder_ae_setparm) refers to vatek_hms.o(i.vatek_hms_read_hal) for vatek_hms_read_hal
    vatek_encoder.o(i.encoder_ae_setparm) refers to vatek_encoder.o(.constdata) for __func__
    vatek_encoder.o(i.encoder_ai_setparm) refers to vatek_system.o(i.vatek_system_gettick) for vatek_system_gettick
    vatek_encoder.o(i.encoder_ai_setparm) refers to printf8.o(i.__0printf$8) for __2printf
    vatek_encoder.o(i.encoder_ai_setparm) refers to vatek_hms.o(i.vatek_hms_write_hal) for vatek_hms_write_hal
    vatek_encoder.o(i.encoder_ai_setparm) refers to vatek_encoder.o(.constdata) for __func__
    vatek_encoder.o(i.encoder_logo_setparm) refers to vatek_system.o(i.vatek_system_gettick) for vatek_system_gettick
    vatek_encoder.o(i.encoder_logo_setparm) refers to printf8.o(i.__0printf$8) for __2printf
    vatek_encoder.o(i.encoder_logo_setparm) refers to vatek_hms.o(i.vatek_hms_write_hal) for vatek_hms_write_hal
    vatek_encoder.o(i.encoder_logo_setparm) refers to vatek_encoder.o(.constdata) for __func__
    vatek_encoder.o(i.encoder_mux_setparm) refers to vatek_hms.o(i.vatek_hms_write_hal) for vatek_hms_write_hal
    vatek_encoder.o(i.encoder_quality_setparm) refers to vatek_system.o(i.vatek_system_gettick) for vatek_system_gettick
    vatek_encoder.o(i.encoder_quality_setparm) refers to printf8.o(i.__0printf$8) for __2printf
    vatek_encoder.o(i.encoder_quality_setparm) refers to vatek_hms.o(i.vatek_hms_write_hal) for vatek_hms_write_hal
    vatek_encoder.o(i.encoder_quality_setparm) refers to vatek_encoder.o(.constdata) for __func__
    vatek_encoder.o(i.encoder_ve_setparm) refers to vatek_system.o(i.vatek_system_gettick) for vatek_system_gettick
    vatek_encoder.o(i.encoder_ve_setparm) refers to printf8.o(i.__0printf$8) for __2printf
    vatek_encoder.o(i.encoder_ve_setparm) refers to vatek_hms.o(i.vatek_hms_write_hal) for vatek_hms_write_hal
    vatek_encoder.o(i.encoder_ve_setparm) refers to vatek_hms.o(i.vatek_hms_read_hal) for vatek_hms_read_hal
    vatek_encoder.o(i.encoder_ve_setparm) refers to vatek_encoder.o(.constdata) for __func__
    vatek_encoder.o(i.encoder_vi_setparm) refers to vatek_system.o(i.vatek_system_gettick) for vatek_system_gettick
    vatek_encoder.o(i.encoder_vi_setparm) refers to printf8.o(i.__0printf$8) for __2printf
    vatek_encoder.o(i.encoder_vi_setparm) refers to vatek_hms.o(i.vatek_hms_write_hal) for vatek_hms_write_hal
    vatek_encoder.o(i.encoder_vi_setparm) refers to vatek_encoder.o(.constdata) for __func__
    vatek_encoder.o(i.vatek_encoder_setencodeparm) refers to vatek_hms.o(i.vatek_hms_issystemidle) for vatek_hms_issystemidle
    vatek_encoder.o(i.vatek_encoder_setencodeparm) refers to vatek_encoder.o(i.encoder_ve_setparm) for encoder_ve_setparm
    vatek_encoder.o(i.vatek_encoder_setencodeparm) refers to vatek_system.o(i.vatek_system_gettick) for vatek_system_gettick
    vatek_encoder.o(i.vatek_encoder_setencodeparm) refers to printf8.o(i.__0printf$8) for __2printf
[...]
    DMA1_Stream7_IRQHandler                  0x080001c7   Thumb Code     0  startup_stm32f401xc.o(.text)
    DMA2_Stream0_IRQHandler                  0x080001c7   Thumb Code     0  startup_stm32f401xc.o(.text)
    DMA2_Stream1_IRQHandler                  0x080001c7   Thumb Code     0  startup_stm32f401xc.o(.text)
    DMA2_Stream2_IRQHandler                  0x080001c7   Thumb Code     0  startup_stm32f401xc.o(.text)
    DMA2_Stream3_IRQHandler                  0x080001c7   Thumb Code     0  startup_stm32f401xc.o(.text)
    DMA2_Stream4_IRQHandler                  0x080001c7   Thumb Code     0  startup_stm32f401xc.o(.text)
    DMA2_Stream5_IRQHandler                  0x080001c7   Thumb Code     0  startup_stm32f401xc.o(.text)
    DMA2_Stream6_IRQHandler                  0x080001c7   Thumb Code     0  startup_stm32f401xc.o(.text)
    DMA2_Stream7_IRQHandler                  0x080001c7   Thumb Code     0  startup_stm32f401xc.o(.text)
    EXTI0_IRQHandler                         0x080001c7   Thumb Code     0  startup_stm32f401xc.o(.text)
    EXTI15_10_IRQHandler                     0x080001c7   Thumb Code     0  startup_stm32f401xc.o(.text)
    EXTI1_IRQHandler                         0x080001c7   Thumb Code     0  startup_stm32f401xc.o(.text)
    EXTI2_IRQHandler                         0x080001c7   Thumb Code     0  startup_stm32f401xc.o(.text)
    EXTI3_IRQHandler                         0x080001c7   Thumb Code     0  startup_stm32f401xc.o(.text)
    EXTI4_IRQHandler                         0x080001c7   Thumb Code     0  startup_stm32f401xc.o(.text)
    EXTI9_5_IRQHandler                       0x080001c7   Thumb Code     0  startup_stm32f401xc.o(.text)
    FLASH_IRQHandler                         0x080001c7   Thumb Code     0  startup_stm32f401xc.o(.text)
    FPU_IRQHandler                           0x080001c7   Thumb Code     0  startup_stm32f401xc.o(.text)
    I2C1_ER_IRQHandler                       0x080001c7   Thumb Code     0  startup_stm32f401xc.o(.text)
    I2C1_EV_IRQHandler                       0x080001c7   Thumb Code     0  startup_stm32f401xc.o(.text)
    I2C2_ER_IRQHandler                       0x080001c7   Thumb Code     0  startup_stm32f401xc.o(.text)
    I2C2_EV_IRQHandler                       0x080001c7   Thumb Code     0  startup_stm32f401xc.o(.text)
    I2C3_ER_IRQHandler                       0x080001c7   Thumb Code     0  startup_stm32f401xc.o(.text)
    I2C3_EV_IRQHandler                       0x080001c7   Thumb Code     0  startup_stm32f401xc.o(.text)
    OTG_FS_WKUP_IRQHandler                   0x080001c7   Thumb Code     0  startup_stm32f401xc.o(.text)
    PVD_IRQHandler                           0x080001c7   Thumb Code     0  startup_stm32f401xc.o(.text)
    RCC_IRQHandler                           0x080001c7   Thumb Code     0  startup_stm32f401xc.o(.text)
    RTC_Alarm_IRQHandler                     0x080001c7   Thumb Code     0  startup_stm32f401xc.o(.text)
    RTC_WKUP_IRQHandler                      0x080001c7   Thumb Code     0  startup_stm32f401xc.o(.text)
    SDIO_IRQHandler                          0x080001c7   Thumb Code     0  startup_stm32f401xc.o(.text)
    SPI1_IRQHandler                          0x080001c7   Thumb Code     0  startup_stm32f401xc.o(.text)
    SPI2_IRQHandler                          0x080001c7   Thumb Code     0  startup_stm32f401xc.o(.text)
    SPI3_IRQHandler                          0x080001c7   Thumb Code     0  startup_stm32f401xc.o(.text)
    SPI4_IRQHandler                          0x080001c7   Thumb Code     0  startup_stm32f401xc.o(.text)
    TAMP_STAMP_IRQHandler                    0x080001c7   Thumb Code     0  startup_stm32f401xc.o(.text)
    TIM1_BRK_TIM9_IRQHandler                 0x080001c7   Thumb Code     0  startup_stm32f401xc.o(.text)
    TIM1_CC_IRQHandler                       0x080001c7   Thumb Code     0  startup_stm32f401xc.o(.text)
    TIM1_TRG_COM_TIM11_IRQHandler            0x080001c7   Thumb Code     0  startup_stm32f401xc.o(.text)
    TIM1_UP_TIM10_IRQHandler                 0x080001c7   Thumb Code     0  startup_stm32f401xc.o(.text)
    TIM2_IRQHandler                          0x080001c7   Thumb Code     0  startup_stm32f401xc.o(.text)
    TIM3_IRQHandler                          0x080001c7   Thumb Code     0  startup_stm32f401xc.o(.text)
    TIM4_IRQHandler                          0x080001c7   Thumb Code     0  startup_stm32f401xc.o(.text)
    TIM5_IRQHandler                          0x080001c7   Thumb Code     0  startup_stm32f401xc.o(.text)
    USART2_IRQHandler                        0x080001c7   Thumb Code     0  startup_stm32f401xc.o(.text)
    USART6_IRQHandler                        0x080001c7   Thumb Code     0  startup_stm32f401xc.o(.text)
    WWDG_IRQHandler                          0x080001c7   Thumb Code     0  startup_stm32f401xc.o(.text)
    __aeabi_uldivmod                         0x080001d1   Thumb Code    98  uldiv.o(.text)
    __aeabi_memcpy                           0x08000233   Thumb Code    36  memcpya.o(.text)
    __aeabi_memcpy4                          0x08000233   Thumb Code     0  memcpya.o(.text)
    __aeabi_memcpy8                          0x08000233   Thumb Code     0  memcpya.o(.text)
    __aeabi_memset                           0x08000257   Thumb Code    14  memseta.o(.text)
    __aeabi_memset4                          0x08000257   Thumb Code     0  memseta.o(.text)
    __aeabi_memset8                          0x08000257   Thumb Code     0  memseta.o(.text)
    __aeabi_memclr                           0x08000265   Thumb Code     4  memseta.o(.text)
    __aeabi_memclr4                          0x08000265   Thumb Code     0  memseta.o(.text)
    __aeabi_memclr8                          0x08000265   Thumb Code     0  memseta.o(.text)
    _memset$wrapper                          0x08000269   Thumb Code    18  memseta.o(.text)
    memcmp                                   0x0800027b   Thumb Code    26  memcmp.o(.text)
    __aeabi_llsl                             0x08000295   Thumb Code    30  llshl.o(.text)
    _ll_shift_l                              0x08000295   Thumb Code     0  llshl.o(.text)
    __aeabi_llsr                             0x080002b3   Thumb Code    32  llushr.o(.text)
    _ll_ushift_r                             0x080002b3   Thumb Code     0  llushr.o(.text)
    __scatterload                            0x080002d5   Thumb Code    28  init.o(.text)
    __scatterload_rt2                        0x080002d5   Thumb Code     0  init.o(.text)
    __decompress                             0x080002f9   Thumb Code     0  __dczerorl2.o(.text)
    __decompress1                            0x080002f9   Thumb Code    86  __dczerorl2.o(.text)
    BusFault_Handler                         0x0800034f   Thumb Code     4  stm32f4xx_it.o(i.BusFault_Handler)
    DebugMon_Handler                         0x08000371   Thumb Code     2  stm32f4xx_it.o(i.DebugMon_Handler)
    Error_Handler                            0x08000373   Thumb Code     2  main.o(i.Error_Handler)
    HAL_DMA_Abort_IT                         0x080003a9   Thumb Code    40  stm32f4xx_hal_dma.o(i.HAL_DMA_Abort_IT)
    HAL_Delay                                0x080003d1   Thumb Code    36  stm32f4xx_hal.o(i.HAL_Delay)
    HAL_GPIO_Init                            0x080003f9   Thumb Code   436  stm32f4xx_hal_gpio.o(i.HAL_GPIO_Init)
    HAL_GPIO_WritePin                        0x080005cd   Thumb Code    12  stm32f4xx_hal_gpio.o(i.HAL_GPIO_WritePin)
    HAL_GetTick                              0x080005d9   Thumb Code     6  stm32f4xx_hal.o(i.HAL_GetTick)
    HAL_I2C_Init                             0x080005e5   Thumb Code   446  stm32f4xx_hal_i2c.o(i.HAL_I2C_Init)
    HAL_I2C_MspInit                          0x080007b5   Thumb Code   122  i2c.o(i.HAL_I2C_MspInit)
    HAL_IncTick                              0x0800083d   Thumb Code    16  stm32f4xx_hal.o(i.HAL_IncTick)
    HAL_Init                                 0x08000855   Thumb Code    54  stm32f4xx_hal.o(i.HAL_Init)
    HAL_InitTick                             0x08000891   Thumb Code    64  stm32f4xx_hal.o(i.HAL_InitTick)
    HAL_MspInit                              0x080008dd   Thumb Code    68  stm32f4xx_hal_msp.o(i.HAL_MspInit)
    HAL_NVIC_EnableIRQ                       0x08000925   Thumb Code    32  stm32f4xx_hal_cortex.o(i.HAL_NVIC_EnableIRQ)
    HAL_NVIC_SetPriority                     0x08000945   Thumb Code   124  stm32f4xx_hal_cortex.o(i.HAL_NVIC_SetPriority)
    HAL_NVIC_SetPriorityGrouping             0x080009c1   Thumb Code    32  stm32f4xx_hal_cortex.o(i.HAL_NVIC_SetPriorityGrouping)
    HAL_PCDEx_LPM_Callback                   0x080009e9   Thumb Code     2  stm32f4xx_hal_pcd_ex.o(i.HAL_PCDEx_LPM_Callback)
    HAL_PCDEx_SetRxFiFo                      0x080009eb   Thumb Code    10  stm32f4xx_hal_pcd_ex.o(i.HAL_PCDEx_SetRxFiFo)
    HAL_PCDEx_SetTxFiFo                      0x080009f5   Thumb Code    78  stm32f4xx_hal_pcd_ex.o(i.HAL_PCDEx_SetTxFiFo)
    HAL_PCD_ConnectCallback                  0x08000a43   Thumb Code    14  usbd_conf.o(i.HAL_PCD_ConnectCallback)
    HAL_PCD_DataInStageCallback              0x08000a51   Thumb Code    32  usbd_conf.o(i.HAL_PCD_DataInStageCallback)
    HAL_PCD_DataOutStageCallback             0x08000a71   Thumb Code    32  usbd_conf.o(i.HAL_PCD_DataOutStageCallback)
    HAL_PCD_DisconnectCallback               0x08000a91   Thumb Code    14  usbd_conf.o(i.HAL_PCD_DisconnectCallback)
    HAL_PCD_EP_Close                         0x08000a9f   Thumb Code   106  stm32f4xx_hal_pcd.o(i.HAL_PCD_EP_Close)
    HAL_PCD_EP_ClrStall                      0x08000b09   Thumb Code   124  stm32f4xx_hal_pcd.o(i.HAL_PCD_EP_ClrStall)
    HAL_PCD_EP_Open                          0x08000b85   Thumb Code   140  stm32f4xx_hal_pcd.o(i.HAL_PCD_EP_Open)
    HAL_PCD_EP_Receive                       0x08000c11   Thumb Code    88  stm32f4xx_hal_pcd.o(i.HAL_PCD_EP_Receive)
    HAL_PCD_EP_SetStall                      0x08000c69   Thumb Code   138  stm32f4xx_hal_pcd.o(i.HAL_PCD_EP_SetStall)
    HAL_PCD_EP_Transmit                      0x08000cf3   Thumb Code    90  stm32f4xx_hal_pcd.o(i.HAL_PCD_EP_Transmit)
    HAL_PCD_IRQHandler                       0x08000d4d   Thumb Code  1372  stm32f4xx_hal_pcd.o(i.HAL_PCD_IRQHandler)
    HAL_PCD_ISOINIncompleteCallback          0x080012a9   Thumb Code    18  usbd_conf.o(i.HAL_PCD_ISOINIncompleteCallback)
    HAL_PCD_ISOOUTIncompleteCallback         0x080012bb   Thumb Code    18  usbd_conf.o(i.HAL_PCD_ISOOUTIncompleteCallback)
    HAL_PCD_Init                             0x080012cd   Thumb Code   358  stm32f4xx_hal_pcd.o(i.HAL_PCD_Init)
    HAL_PCD_MspInit                          0x08001435   Thumb Code   160  usbd_conf.o(i.HAL_PCD_MspInit)
    HAL_PCD_ResetCallback                    0x080014dd   Thumb Code    36  usbd_conf.o(i.HAL_PCD_ResetCallback)
    HAL_PCD_ResumeCallback                   0x08001501   Thumb Code    14  usbd_conf.o(i.HAL_PCD_ResumeCallback)
    HAL_PCD_SOFCallback                      0x0800150f   Thumb Code    14  usbd_conf.o(i.HAL_PCD_SOFCallback)
    HAL_PCD_SetAddress                       0x0800151d   Thumb Code    54  stm32f4xx_hal_pcd.o(i.HAL_PCD_SetAddress)
    HAL_PCD_SetupStageCallback               0x08001553   Thumb Code    18  usbd_conf.o(i.HAL_PCD_SetupStageCallback)
    HAL_PCD_Start                            0x08001565   Thumb Code    74  stm32f4xx_hal_pcd.o(i.HAL_PCD_Start)
    HAL_PCD_SuspendCallback                  0x080015b1   Thumb Code    46  usbd_conf.o(i.HAL_PCD_SuspendCallback)
    HAL_RCCEx_PeriphCLKConfig                0x080015e5   Thumb Code   412  stm32f4xx_hal_rcc_ex.o(i.HAL_RCCEx_PeriphCLKConfig)
    HAL_RCC_ClockConfig                      0x08001799   Thumb Code   368  stm32f4xx_hal_rcc.o(i.HAL_RCC_ClockConfig)
    HAL_RCC_GetHCLKFreq                      0x0800191d   Thumb Code     6  stm32f4xx_hal_rcc.o(i.HAL_RCC_GetHCLKFreq)
    HAL_RCC_GetPCLK1Freq                     0x08001929   Thumb Code    22  stm32f4xx_hal_rcc.o(i.HAL_RCC_GetPCLK1Freq)
    HAL_RCC_GetPCLK2Freq                     0x08001949   Thumb Code    22  stm32f4xx_hal_rcc.o(i.HAL_RCC_GetPCLK2Freq)
    HAL_RCC_GetSysClockFreq                  0x08001969   Thumb Code   162  stm32f4xx_hal_rcc.o(i.HAL_RCC_GetSysClockFreq)
    HAL_RCC_OscConfig                        0x08001a19   Thumb Code  1152  stm32f4xx_hal_rcc.o(i.HAL_RCC_OscConfig)
    HAL_RTC_Init                             0x08001ea1   Thumb Code   212  stm32f4xx_hal_rtc.o(i.HAL_RTC_Init)
    HAL_RTC_MspInit                          0x08001f79   Thumb Code    16  rtc.o(i.HAL_RTC_MspInit)
    HAL_RTC_WaitForSynchro                   0x08001f91   Thumb Code    58  stm32f4xx_hal_rtc.o(i.HAL_RTC_WaitForSynchro)
    HAL_SPI_Init                             0x08001fcb   Thumb Code   140  stm32f4xx_hal_spi.o(i.HAL_SPI_Init)
    HAL_SPI_MspInit                          0x08002059   Thumb Code   234  spi.o(i.HAL_SPI_MspInit)
    HAL_SYSTICK_Config                       0x08002159   Thumb Code    52  stm32f4xx_hal_cortex.o(i.HAL_SYSTICK_Config)
    HAL_UART_ErrorCallback                   0x0800218d   Thumb Code     2  stm32f4xx_hal_uart.o(i.HAL_UART_ErrorCallback)
    HAL_UART_IRQHandler                      0x08002191   Thumb Code   336  stm32f4xx_hal_uart.o(i.HAL_UART_IRQHandler)
    HAL_UART_Init                            0x080022e5   Thumb Code   114  stm32f4xx_hal_uart.o(i.HAL_UART_Init)
    HAL_UART_MspInit                         0x08002359   Thumb Code   246  usart.o(i.HAL_UART_MspInit)
    HAL_UART_RxCpltCallback                  0x08002465   Thumb Code     2  stm32f4xx_hal_uart.o(i.HAL_UART_RxCpltCallback)
    HAL_UART_Transmit                        0x08002467   Thumb Code   216  stm32f4xx_hal_uart.o(i.HAL_UART_Transmit)
    HAL_UART_TxCpltCallback                  0x0800253f   Thumb Code     2  stm32f4xx_hal_uart.o(i.HAL_UART_TxCpltCallback)
    HardFault_Handler                        0x08002541   Thumb Code     4  stm32f4xx_it.o(i.HardFault_Handler)
    MX_GPIO_Init                             0x08002585   Thumb Code   322  gpio.o(i.MX_GPIO_Init)
    MX_I2C1_Init                             0x080026d9   Thumb Code    48  i2c.o(i.MX_I2C1_Init)
    MX_RTC_Init                              0x08002715   Thumb Code    42  rtc.o(i.MX_RTC_Init)
    MX_SPI1_Init                             0x08002749   Thumb Code    60  spi.o(i.MX_SPI1_Init)
    MX_SPI3_Init                             0x0800278d   Thumb Code    58  spi.o(i.MX_SPI3_Init)
    MX_USART1_UART_Init                      0x080027d1   Thumb Code    46  usart.o(i.MX_USART1_UART_Init)
    MX_USB_DEVICE_Init                       0x08002809   Thumb Code    60  usb_device.o(i.MX_USB_DEVICE_Init)
    MemManage_Handler                        0x08002855   Thumb Code     4  stm32f4xx_it.o(i.MemManage_Handler)
    NMI_Handler                              0x08002859   Thumb Code     2  stm32f4xx_it.o(i.NMI_Handler)
    OTG_FS_IRQHandler                        0x0800285d   Thumb Code    10  stm32f4xx_it.o(i.OTG_FS_IRQHandler)
    PendSV_Handler                           0x08002b03   Thumb Code     2  stm32f4xx_it.o(i.PendSV_Handler)
    RTC_EnterInitMode                        0x08002b05   Thumb Code    62  stm32f4xx_hal_rtc.o(i.RTC_EnterInitMode)
    SVC_Handler                              0x08002b43   Thumb Code     2  stm32f4xx_it.o(i.SVC_Handler)
    SysTick_Handler                          0x08002b57   Thumb Code     8  stm32f4xx_it.o(i.SysTick_Handler)
    SystemClock_Config                       0x08002b61   Thumb Code   206  main.o(i.SystemClock_Config)
    SystemInit                               0x08002c39   Thumb Code    24  system_stm32f4xx.o(i.SystemInit)
    USART1_IRQHandler                        0x0800320d   Thumb Code    10  stm32f4xx_it.o(i.USART1_IRQHandler)
    USBD_CUSTOM_HID_ReceivePacket            0x0800336b   Thumb Code    34  usbd_customhid.o(i.USBD_CUSTOM_HID_ReceivePacket)
    USBD_CUSTOM_HID_RegisterInterface        0x0800338d   Thumb Code    16  usbd_customhid.o(i.USBD_CUSTOM_HID_RegisterInterface)
    USBD_ClrClassConfig                      0x08003519   Thumb Code    28  usbd_core.o(i.USBD_ClrClassConfig)
    USBD_CtlContinueRx                       0x08003573   Thumb Code    24  usbd_ioreq.o(i.USBD_CtlContinueRx)
    USBD_CtlContinueSendData                 0x0800358b   Thumb Code    24  usbd_ioreq.o(i.USBD_CtlContinueSendData)
    USBD_CtlError                            0x080035a3   Thumb Code    24  usbd_ctlreq.o(i.USBD_CtlError)
    USBD_CtlPrepareRx                        0x080035bb   Thumb Code    40  usbd_ioreq.o(i.USBD_CtlPrepareRx)
    USBD_CtlReceiveStatus                    0x080035e3   Thumb Code    26  usbd_ioreq.o(i.USBD_CtlReceiveStatus)
    USBD_CtlSendData                         0x080035fd   Thumb Code    34  usbd_ioreq.o(i.USBD_CtlSendData)
    USBD_CtlSendStatus                       0x0800361f   Thumb Code    26  usbd_ioreq.o(i.USBD_CtlSendStatus)
    USBD_FS_ConfigStrDescriptor              0x08003639   Thumb Code    34  usbd_desc.o(i.USBD_FS_ConfigStrDescriptor)
    USBD_FS_DeviceDescriptor                 0x08003675   Thumb Code    10  usbd_desc.o(i.USBD_FS_DeviceDescriptor)
    USBD_FS_InterfaceStrDescriptor           0x08003685   Thumb Code    34  usbd_desc.o(i.USBD_FS_InterfaceStrDescriptor)
    USBD_FS_LangIDStrDescriptor              0x080036c5   Thumb Code    10  usbd_desc.o(i.USBD_FS_LangIDStrDescriptor)
    USBD_FS_ManufacturerStrDescriptor        0x080036d5   Thumb Code    20  usbd_desc.o(i.USBD_FS_ManufacturerStrDescriptor)
    USBD_FS_ProductStrDescriptor             0x08003701   Thumb Code    34  usbd_desc.o(i.USBD_FS_ProductStrDescriptor)
    USBD_FS_SerialStrDescriptor              0x08003749   Thumb Code    18  usbd_desc.o(i.USBD_FS_SerialStrDescriptor)
    USBD_GetString                           0x08003a23   Thumb Code    84  usbd_ctlreq.o(i.USBD_GetString)
    USBD_Get_USB_Status                      0x08003a77   Thumb Code    44  usbd_conf.o(i.USBD_Get_USB_Status)
    USBD_Init                                0x08003aa3   Thumb Code    68  usbd_core.o(i.USBD_Init)
    USBD_LL_ClearStallEP                     0x08003ae7   Thumb Code    38  usbd_conf.o(i.USBD_LL_ClearStallEP)
    USBD_LL_CloseEP                          0x08003b0d   Thumb Code    38  usbd_conf.o(i.USBD_LL_CloseEP)
    USBD_LL_DataInStage                      0x08003b33   Thumb Code   230  usbd_core.o(i.USBD_LL_DataInStage)
    USBD_LL_DataOutStage                     0x08003c19   Thumb Code   146  usbd_core.o(i.USBD_LL_DataOutStage)
    USBD_LL_DevConnected                     0x08003cab   Thumb Code     6  usbd_core.o(i.USBD_LL_DevConnected)
    USBD_LL_DevDisconnected                  0x08003cb1   Thumb Code    32  usbd_core.o(i.USBD_LL_DevDisconnected)
    USBD_LL_Init                             0x08003cd1   Thumb Code   100  usbd_conf.o(i.USBD_LL_Init)
    USBD_LL_IsStallEP                        0x08003d39   Thumb Code    56  usbd_conf.o(i.USBD_LL_IsStallEP)
    USBD_LL_IsoINIncomplete                  0x08003d71   Thumb Code     6  usbd_core.o(i.USBD_LL_IsoINIncomplete)
    USBD_LL_IsoOUTIncomplete                 0x08003d77   Thumb Code     6  usbd_core.o(i.USBD_LL_IsoOUTIncomplete)
    USBD_LL_OpenEP                           0x08003d7d   Thumb Code    48  usbd_conf.o(i.USBD_LL_OpenEP)
    USBD_LL_PrepareReceive                   0x08003dad   Thumb Code    48  usbd_conf.o(i.USBD_LL_PrepareReceive)
    USBD_LL_Reset                            0x08003ddd   Thumb Code    90  usbd_core.o(i.USBD_LL_Reset)
    USBD_LL_Resume                           0x08003e37   Thumb Code    22  usbd_core.o(i.USBD_LL_Resume)
    USBD_LL_SOF                              0x08003e4d   Thumb Code    34  usbd_core.o(i.USBD_LL_SOF)
    USBD_LL_SetSpeed                         0x08003e6f   Thumb Code     8  usbd_core.o(i.USBD_LL_SetSpeed)
    USBD_LL_SetUSBAddress                    0x08003e77   Thumb Code    38  usbd_conf.o(i.USBD_LL_SetUSBAddress)
    USBD_LL_SetupStage                       0x08003e9d   Thumb Code   118  usbd_core.o(i.USBD_LL_SetupStage)
    USBD_LL_StallEP                          0x08003f13   Thumb Code    38  usbd_conf.o(i.USBD_LL_StallEP)
    USBD_LL_Start                            0x08003f39   Thumb Code    30  usbd_conf.o(i.USBD_LL_Start)
    USBD_LL_Suspend                          0x08003f57   Thumb Code    20  usbd_core.o(i.USBD_LL_Suspend)
    USBD_LL_Transmit                         0x08003f6b   Thumb Code    48  usbd_conf.o(i.USBD_LL_Transmit)
    USBD_ParseSetupRequest                   0x08003f9b   Thumb Code    54  usbd_ctlreq.o(i.USBD_ParseSetupRequest)
    USBD_RegisterClass                       0x08003fd1   Thumb Code    38  usbd_core.o(i.USBD_RegisterClass)
    USBD_RunTestMode                         0x08003ff7   Thumb Code     6  usbd_core.o(i.USBD_RunTestMode)
    USBD_SetClassConfig                      0x08004057   Thumb Code    32  usbd_core.o(i.USBD_SetClassConfig)
    USBD_Start                               0x0800418d   Thumb Code    12  usbd_core.o(i.USBD_Start)
    USBD_StdDevReq                           0x08004199   Thumb Code   166  usbd_ctlreq.o(i.USBD_StdDevReq)
    USBD_StdEPReq                            0x0800423f   Thumb Code   554  usbd_ctlreq.o(i.USBD_StdEPReq)
    USBD_StdItfReq                           0x08004469   Thumb Code   126  usbd_ctlreq.o(i.USBD_StdItfReq)
    USB_ActivateEndpoint                     0x080044e9   Thumb Code   202  stm32f4xx_ll_usb.o(i.USB_ActivateEndpoint)
    USB_ActivateSetup                        0x080045b9   Thumb Code    40  stm32f4xx_ll_usb.o(i.USB_ActivateSetup)
    USB_CoreInit                             0x080045e1   Thumb Code   128  stm32f4xx_ll_usb.o(i.USB_CoreInit)
    USB_DeactivateEndpoint                   0x080046b1   Thumb Code   318  stm32f4xx_ll_usb.o(i.USB_DeactivateEndpoint)
    USB_DevConnect                           0x080047fd   Thumb Code    32  stm32f4xx_ll_usb.o(i.USB_DevConnect)
    USB_DevDisconnect                        0x0800481d   Thumb Code    32  stm32f4xx_ll_usb.o(i.USB_DevDisconnect)
    USB_DevInit                              0x0800483d   Thumb Code   472  stm32f4xx_ll_usb.o(i.USB_DevInit)
    USB_DisableGlobalInt                     0x08004a1d   Thumb Code    14  stm32f4xx_ll_usb.o(i.USB_DisableGlobalInt)
    USB_EP0StartXfer                         0x08004a2d   Thumb Code   468  stm32f4xx_ll_usb.o(i.USB_EP0StartXfer)
    USB_EP0_OutStart                         0x08004c05   Thumb Code   106  stm32f4xx_ll_usb.o(i.USB_EP0_OutStart)
    USB_EPClearStall                         0x08004c75   Thumb Code   142  stm32f4xx_ll_usb.o(i.USB_EPClearStall)
    USB_EPSetStall                           0x08004d03   Thumb Code   154  stm32f4xx_ll_usb.o(i.USB_EPSetStall)
    USB_EPStartXfer                          0x08004d9d   Thumb Code   832  stm32f4xx_ll_usb.o(i.USB_EPStartXfer)
    USB_EnableGlobalInt                      0x080050e1   Thumb Code    14  stm32f4xx_ll_usb.o(i.USB_EnableGlobalInt)
    USB_FlushRxFifo                          0x080050f1   Thumb Code    38  stm32f4xx_ll_usb.o(i.USB_FlushRxFifo)
    USB_FlushTxFifo                          0x0800511d   Thumb Code    44  stm32f4xx_ll_usb.o(i.USB_FlushTxFifo)
    USB_GetDevSpeed                          0x0800514d   Thumb Code    38  stm32f4xx_ll_usb.o(i.USB_GetDevSpeed)
    USB_GetMode                              0x08005173   Thumb Code    10  stm32f4xx_ll_usb.o(i.USB_GetMode)
    USB_ReadDevAllInEpInterrupt              0x0800517d   Thumb Code    20  stm32f4xx_ll_usb.o(i.USB_ReadDevAllInEpInterrupt)
    USB_ReadDevAllOutEpInterrupt             0x08005191   Thumb Code    20  stm32f4xx_ll_usb.o(i.USB_ReadDevAllOutEpInterrupt)
    USB_ReadDevInEPInterrupt                 0x080051a5   Thumb Code    50  stm32f4xx_ll_usb.o(i.USB_ReadDevInEPInterrupt)
    USB_ReadDevOutEPInterrupt                0x080051d7   Thumb Code    26  stm32f4xx_ll_usb.o(i.USB_ReadDevOutEPInterrupt)
    USB_ReadInterrupts                       0x080051f1   Thumb Code    10  stm32f4xx_ll_usb.o(i.USB_ReadInterrupts)
    USB_ReadPacket                           0x080051fb   Thumb Code    34  stm32f4xx_ll_usb.o(i.USB_ReadPacket)
    USB_SetCurrentMode                       0x0800521d   Thumb Code    54  stm32f4xx_ll_usb.o(i.USB_SetCurrentMode)
    USB_SetDevAddress                        0x08005253   Thumb Code    42  stm32f4xx_ll_usb.o(i.USB_SetDevAddress)
    USB_SetDevSpeed                          0x0800527d   Thumb Code    18  stm32f4xx_ll_usb.o(i.USB_SetDevSpeed)
    USB_SetTurnaroundTime                    0x08005291   Thumb Code   192  stm32f4xx_ll_usb.o(i.USB_SetTurnaroundTime)
    USB_WritePacket                          0x08005379   Thumb Code    60  stm32f4xx_ll_usb.o(i.USB_WritePacket)
    UsageFault_Handler                       0x080053b5   Thumb Code     4  stm32f4xx_it.o(i.UsageFault_Handler)
    __0printf$8                              0x080053b9   Thumb Code    22  printf8.o(i.__0printf$8)
    __1printf$8                              0x080053b9   Thumb Code     0  printf8.o(i.__0printf$8)
    __2printf                                0x080053b9   Thumb Code     0  printf8.o(i.__0printf$8)
    __scatterload_copy                       0x08005411   Thumb Code    14  handlers.o(i.__scatterload_copy)
    __scatterload_null                       0x0800541f   Thumb Code     2  handlers.o(i.__scatterload_null)
    __scatterload_zeroinit                   0x08005421   Thumb Code    14  handlers.o(i.__scatterload_zeroinit)
    ep9555e_create                           0x08006a2d   Thumb Code   270  phy_ep9555e.o(i.ep9555e_create)
    ep9555e_enable                           0x08006b8d   Thumb Code   104  phy_ep9555e.o(i.ep9555e_enable)
    ep9555e_get_audioinfo                    0x08006bf5   Thumb Code   146  phy_ep9555e.o(i.ep9555e_get_audioinfo)
    ep9555e_get_status                       0x08006c99   Thumb Code    90  phy_ep9555e.o(i.ep9555e_get_status)
    ep9555e_get_videoinfo                    0x08006cf5   Thumb Code   212  phy_ep9555e.o(i.ep9555e_get_videoinfo)
    ep9555e_set_videoinfo                    0x08006e15   Thumb Code    82  phy_ep9555e.o(i.ep9555e_set_videoinfo)
    fputc                                    0x08006e69   Thumb Code    22  usart.o(i.fputc)
    free                                     0x08006e85   Thumb Code    76  malloc.o(i.free)
    h1_create                                0x08007161   Thumb Code   264  phy_h1.o(i.h1_create)
    h1_enable                                0x080072c9   Thumb Code    46  phy_h1.o(i.h1_enable)
    h1_get_audioinfo                         0x080072fd   Thumb Code   106  phy_h1.o(i.h1_get_audioinfo)
    h1_get_status                            0x08007367   Thumb Code    88  phy_h1.o(i.h1_get_status)
    h1_get_videoinfo                         0x080073c1   Thumb Code   278  phy_h1.o(i.h1_get_videoinfo)
    main                                     0x08007a61   Thumb Code    54  main.o(i.main)
    malloc                                   0x08007a9d   Thumb Code    92  malloc.o(i.malloc)
    r2_viavatek_create                       0x08009269   Thumb Code    64  rf_r2_via_vatek.o(i.r2_viavatek_create)
    r2_viavatek_getstatus                    0x0800930d   Thumb Code    82  rf_r2_via_vatek.o(i.r2_viavatek_getstatus)
    r2_viavatek_start                        0x08009361   Thumb Code   140  rf_r2_via_vatek.o(i.r2_viavatek_start)
    sample_bc_broadcast                      0x08009465   Thumb Code   124  vatek_sample_broadcast_via_h1_vatek.o(i.sample_bc_broadcast)
    sample_bc_broadcast_from_logo            0x080095d5   Thumb Code   468  vatek_sample_broadcast_via_h1_vatek.o(i.sample_bc_broadcast_from_logo)
    sample_bc_broadcast_from_phy             0x080098a9   Thumb Code   662  vatek_sample_broadcast_via_h1_vatek.o(i.sample_bc_broadcast_from_phy)
    sample_bc_broadcast_signalischange       0x08009d69   Thumb Code   340  vatek_sample_broadcast_via_h1_vatek.o(i.sample_bc_broadcast_signalischange)
    sample_bc_broadcast_stop                 0x0800a111   Thumb Code   116  vatek_sample_broadcast_via_h1_vatek.o(i.sample_bc_broadcast_stop)
    sample_bc_init                           0x0800a241   Thumb Code   146  vatek_sample_broadcast_via_h1_vatek.o(i.sample_bc_init)
    sample_bc_polling                        0x0800a3c9   Thumb Code   282  vatek_sample_broadcast_via_h1_vatek.o(i.sample_bc_polling)
    set_output_timing                        0x0800a6f7   Thumb Code   136  phy_h1.o(i.set_output_timing)
    tool_hdmi_get_vid                        0x0800ab35   Thumb Code    78  tool_hdmi.o(i.tool_hdmi_get_vid)
    tool_hdmi_get_videoinfo                  0x0800ab89   Thumb Code   178  tool_hdmi.o(i.tool_hdmi_get_videoinfo)
    vatek_broadcast_bcstatus                 0x0800b323   Thumb Code    36  vatek_broadcast.o(i.vatek_broadcast_bcstatus)
    vatek_broadcast_chipstatus               0x0800b349   Thumb Code   220  vatek_broadcast.o(i.vatek_broadcast_chipstatus)
    vatek_broadcast_create                   0x0800b43d   Thumb Code    68  vatek_broadcast.o(i.vatek_broadcast_create)
    vatek_broadcast_encoder_setencodeparm    0x0800b481   Thumb Code    74  vatek_broadcast.o(i.vatek_broadcast_encoder_setencodeparm)
    vatek_broadcast_encoder_setinputparm_logo 0x0800b4d9   Thumb Code    30  vatek_broadcast.o(i.vatek_broadcast_encoder_setinputparm_logo)
    vatek_broadcast_encoder_setinputparm_phy 0x0800b4f7   Thumb Code    50  vatek_broadcast.o(i.vatek_broadcast_encoder_setinputparm_phy)
    vatek_broadcast_encoder_setmuxparm       0x0800b529   Thumb Code    28  vatek_broadcast.o(i.vatek_broadcast_encoder_setmuxparm)
    vatek_broadcast_encoder_setqualityparm   0x0800b545   Thumb Code    42  vatek_broadcast.o(i.vatek_broadcast_encoder_setqualityparm)
    vatek_broadcast_modulator_setparm        0x0800b56f   Thumb Code    44  vatek_broadcast.o(i.vatek_broadcast_modulator_setparm)
    vatek_broadcast_psitable_register        0x0800b59b   Thumb Code    30  vatek_broadcast.o(i.vatek_broadcast_psitable_register)
    vatek_broadcast_reset                    0x0800b5b9   Thumb Code    30  vatek_broadcast.o(i.vatek_broadcast_reset)
    vatek_broadcast_start                    0x0800b5d9   Thumb Code   116  vatek_broadcast.o(i.vatek_broadcast_start)
    vatek_broadcast_tsmux_setparm            0x0800b695   Thumb Code    38  vatek_broadcast.o(i.vatek_broadcast_tsmux_setparm)
    vatek_encoder_setencodeparm              0x0800b6bd   Thumb Code   120  vatek_encoder.o(i.vatek_encoder_setencodeparm)
    vatek_encoder_setinputparm_logo          0x0800b7a1   Thumb Code    76  vatek_encoder.o(i.vatek_encoder_setinputparm_logo)
    vatek_encoder_setinputparm_phy           0x0800b82d   Thumb Code   126  vatek_encoder.o(i.vatek_encoder_setinputparm_phy)
    vatek_encoder_setmuxparm                 0x0800b919   Thumb Code   148  vatek_encoder.o(i.vatek_encoder_setmuxparm)
    vatek_encoder_setqualityparm             0x0800ba55   Thumb Code   154  vatek_encoder.o(i.vatek_encoder_setqualityparm)
    vatek_hms_create                         0x0800bb95   Thumb Code    66  vatek_hms.o(i.vatek_hms_create)
    vatek_hms_issystemidle                   0x0800bbd9   Thumb Code   112  vatek_hms.o(i.vatek_hms_issystemidle)
    vatek_hms_read_hal                       0x0800bc4d   Thumb Code   132  vatek_hms.o(i.vatek_hms_read_hal)
    vatek_hms_reset                          0x0800bcd5   Thumb Code    36  vatek_hms.o(i.vatek_hms_reset)
    vatek_hms_write_hal                      0x0800bcf9   Thumb Code    74  vatek_hms.o(i.vatek_hms_write_hal)
    vatek_hms_write_halbuf                   0x0800bd49   Thumb Code    98  vatek_hms.o(i.vatek_hms_write_halbuf)
    vatek_modulator_setparm                  0x0800bdad   Thumb Code   218  vatek_modulator.o(i.vatek_modulator_setparm)
    vatek_phy_create                         0x0800bec5   Thumb Code   162  vatek_phy.o(i.vatek_phy_create)
    vatek_phy_enable                         0x0800bf67   Thumb Code    60  vatek_phy.o(i.vatek_phy_enable)
    vatek_phy_getaudioinfo                   0x0800bfa3   Thumb Code    62  vatek_phy.o(i.vatek_phy_getaudioinfo)
    vatek_phy_getvideoinfo                   0x0800bfe1   Thumb Code    62  vatek_phy.o(i.vatek_phy_getvideoinfo)
    vatek_phy_status                         0x0800c01f   Thumb Code    62  vatek_phy.o(i.vatek_phy_status)
    vatek_porting_i2c_read                   0x0800c05d   Thumb Code   300  vatek_porting_i2c.o(i.vatek_porting_i2c_read)
    vatek_porting_i2c_set_speed              0x0800c18d   Thumb Code     6  vatek_porting_i2c.o(i.vatek_porting_i2c_set_speed)
    vatek_porting_i2c_start                  0x0800c193   Thumb Code   130  vatek_porting_i2c.o(i.vatek_porting_i2c_start)
    vatek_porting_i2c_stop                   0x0800c215   Thumb Code    34  vatek_porting_i2c.o(i.vatek_porting_i2c_stop)
    vatek_porting_i2c_write                  0x0800c239   Thumb Code    80  vatek_porting_i2c.o(i.vatek_porting_i2c_write)
    vatek_porting_system_delay               0x0800c28d   Thumb Code    16  vatek_porting_system.o(i.vatek_porting_system_delay)
    vatek_porting_system_demodreset          0x0800c29d   Thumb Code    12  vatek_porting_system.o(i.vatek_porting_system_demodreset)
    vatek_porting_system_gettick             0x0800c2a9   Thumb Code    14  vatek_porting_system.o(i.vatek_porting_system_gettick)
    vatek_porting_system_mainreset           0x0800c2b9   Thumb Code    58  vatek_porting_system.o(i.vatek_porting_system_mainreset)
    vatek_porting_system_phyreset            0x0800c2f9   Thumb Code   132  vatek_porting_system.o(i.vatek_porting_system_phyreset)
    vatek_porting_system_rfreset             0x0800c381   Thumb Code    12  vatek_porting_system.o(i.vatek_porting_system_rfreset)
    vatek_porting_system_tunerreset          0x0800c38d   Thumb Code    12  vatek_porting_system.o(i.vatek_porting_system_tunerreset)
    vatek_psitable_register                  0x0800c399   Thumb Code   102  vatek_psitable.o(i.vatek_psitable_register)
    vatek_rf_create                          0x0800c3ff   Thumb Code   120  vatek_rf.o(i.vatek_rf_create)
    vatek_rf_start                           0x0800c477   Thumb Code    42  vatek_rf.o(i.vatek_rf_start)
    vatek_system_delay                       0x0800c4a1   Thumb Code    12  vatek_system.o(i.vatek_system_delay)
    vatek_system_gettick                     0x0800c4ad   Thumb Code     8  vatek_system.o(i.vatek_system_gettick)
    vatek_system_i2c_create                  0x0800c4b5   Thumb Code    66  vatek_system.o(i.vatek_system_i2c_create)
    vatek_system_i2c_destroy                 0x0800c50d   Thumb Code    26  vatek_system.o(i.vatek_system_i2c_destroy)
    vatek_system_reset                       0x0800c527   Thumb Code   202  vatek_system.o(i.vatek_system_reset)
    vatek_tsmux_setparm                      0x0800c5f1   Thumb Code   234  vatek_tsmux.o(i.vatek_tsmux_setparm)
    vatek_userdata_setvideocodec             0x0800c795   Thumb Code    28  vatek_userdata.o(i.vatek_userdata_setvideocodec)
    h1_init_cmd_0                            0x0800ce50   Data          28  phy_h1.o(.constdata)
    h1_init_cmd_1                            0x0800ce6c   Data          28  phy_h1.o(.constdata)
    AHBPrescTable                            0x0800d0df   Data          16  system_stm32f4xx.o(.constdata)
    APBPrescTable                            0x0800d0ef   Data           8  system_stm32f4xx.o(.constdata)
    Region$$Table$$Base                      0x0800d49c   Number         0  anon$$obj.o(Region$$Table)
    Region$$Table$$Limit                     0x0800d4bc   Number         0  anon$$obj.o(Region$$Table)
    read_bitrate                             0x2000001c   Data           4  vatek_broadcast.o(.data)
    read_datarate                            0x20000020   Data           4  vatek_broadcast.o(.data)
    max_read_bitrate                         0x20000024   Data           4  vatek_broadcast.o(.data)
    max_read_datarate                        0x20000028   Data           4  vatek_broadcast.o(.data)
    read_chip_id                             0x2000002c   Data           4  vatek_broadcast.o(.data)
    read_chip_fw_ver                         0x20000030   Data           4  vatek_broadcast.o(.data)
    h1_rev                                   0x20000040   Data           4  phy_h1.o(.data)
    PAT                                      0x20000061   Data         188  vatek_sample_broadcast_via_h1_vatek.o(.data)
    PMT                                      0x2000011d   Data         188  vatek_sample_broadcast_via_h1_vatek.o(.data)
    MGT                                      0x200001d9   Data         376  vatek_sample_broadcast_via_h1_vatek.o(.data)
    TVCT                                     0x20000351   Data         188  vatek_sample_broadcast_via_h1_vatek.o(.data)
    FS_Desc                                  0x2000041c   Data          28  usbd_desc.o(.data)
    USBD_FS_DeviceDesc                       0x20000438   Data          18  usbd_desc.o(.data)
    USBD_LangIDDesc                          0x2000044c   Data           4  usbd_desc.o(.data)
    USBD_StringSerial                        0x20000450   Data          26  usbd_desc.o(.data)
    USBD_CustomHID_fops_FS                   0x20000490   Data          16  usbd_custom_hid_if.o(.data)
    uwTick                                   0x200004a0   Data           4  stm32f4xx_hal.o(.data)
    uwTickPrio                               0x200004a4   Data           4  stm32f4xx_hal.o(.data)
    uwTickFreq                               0x200004a8   Data           1  stm32f4xx_hal.o(.data)
    SystemCoreClock                          0x200004ac   Data           4  system_stm32f4xx.o(.data)
    USBD_CUSTOM_HID                          0x200004b4   Data          56  usbd_customhid.o(.data)
    __stdout                                 0x20000588   Data           4  stdout.o(.data)
    __microlib_freelist                      0x2000058c   Data           4  mvars.o(.data)
    __microlib_freelist_initialised          0x20000590   Data           4  mvars.o(.data)
    hi2c1                                    0x200005a0   Data          84  i2c.o(.bss)
    hrtc                                     0x200005f4   Data          32  rtc.o(.bss)
    hspi1                                    0x20000614   Data          88  spi.o(.bss)
    hspi3                                    0x2000066c   Data          88  spi.o(.bss)
    huart1                                   0x200006c4   Data          64  usart.o(.bss)
    huart6                                   0x20000704   Data          64  usart.o(.bss)
    hUsbDeviceFS                             0x20000744   Data         720  usb_device.o(.bss)
    hpcd_USB_OTG_FS                          0x20000a14   Data        1032  usbd_conf.o(.bss)
    USBD_StrDesc                             0x20000e1c   Data          64  usbd_desc.o(.bss)
    __heap_base                              0x20000e60   Data           0  startup_stm32f401xc.o(HEAP)
    __heap_limit                             0x20004e60   Data           0  startup_stm32f401xc.o(HEAP)
    __initial_sp                             0x20005660   Data           0  startup_stm32f401xc.o(STACK)



==============================================================================

Memory Map of the image

  Image Entry point : 0x08000195

  Load Region LR_IROM1 (Base: 0x08000000, Size: 0x0000da50, Max: 0x00040000, ABSOLUTE, COMPRESSED[0x0000d624])

    Execution Region ER_IROM1 (Exec base: 0x08000000, Load base: 0x08000000, Size: 0x0000d4bc, Max: 0x00040000, ABSOLUTE)

    Exec Addr    Load Addr    Size         Type   Attr      Idx    E Section Name        Object

    0x08000000   0x08000000   0x00000194   Data   RO            3    RESET               startup_stm32f401xc.o
    0x08000194   0x08000194   0x00000000   Code   RO         6475  * .ARM.Collect$$$$00000000  mc_w.l(entry.o)
    0x08000194   0x08000194   0x00000004   Code   RO         6781    .ARM.Collect$$$$00000001  mc_w.l(entry2.o)
    0x08000198   0x08000198   0x00000004   Code   RO         6784    .ARM.Collect$$$$00000004  mc_w.l(entry5.o)
    0x0800019c   0x0800019c   0x00000000   Code   RO         6786    .ARM.Collect$$$$00000008  mc_w.l(entry7b.o)
    0x0800019c   0x0800019c   0x00000000   Code   RO         6788    .ARM.Collect$$$$0000000A  mc_w.l(entry8b.o)
    0x0800019c   0x0800019c   0x00000008   Code   RO         6789    .ARM.Collect$$$$0000000B  mc_w.l(entry9a.o)
    0x080001a4   0x080001a4   0x00000004   Code   RO         6796    .ARM.Collect$$$$0000000E  mc_w.l(entry12b.o)
    0x080001a8   0x080001a8   0x00000000   Code   RO         6791    .ARM.Collect$$$$0000000F  mc_w.l(entry10a.o)
    0x080001a8   0x080001a8   0x00000000   Code   RO         6793    .ARM.Collect$$$$00000011  mc_w.l(entry11a.o)
    0x080001a8   0x080001a8   0x00000004   Code   RO         6782    .ARM.Collect$$$$00002712  mc_w.l(entry2.o)
    0x080001ac   0x080001ac   0x00000024   Code   RO            4    .text               startup_stm32f401xc.o
    0x080001d0   0x080001d0   0x00000062   Code   RO         6478    .text               mc_w.l(uldiv.o)
    0x08000232   0x08000232   0x00000024   Code   RO         6480    .text               mc_w.l(memcpya.o)
    0x08000256   0x08000256   0x00000024   Code   RO         6482    .text               mc_w.l(memseta.o)
    0x0800027a   0x0800027a   0x0000001a   Code   RO         6488    .text               mc_w.l(memcmp.o)
    0x08000294   0x08000294   0x0000001e   Code   RO         6800    .text               mc_w.l(llshl.o)
    0x080002b2   0x080002b2   0x00000020   Code   RO         6802    .text               mc_w.l(llushr.o)
    0x080002d2   0x080002d2   0x00000002   PAD
    0x080002d4   0x080002d4   0x00000024   Code   RO         6817    .text               mc_w.l(init.o)
    0x080002f8   0x080002f8   0x00000056   Code   RO         6831    .text               mc_w.l(__dczerorl2.o)
    0x0800034e   0x0800034e   0x00000004   Code   RO         2571    i.BusFault_Handler  stm32f4xx_it.o
    0x08000352   0x08000352   0x00000004   Code   RO         2531    i.CUSTOM_HID_DeInit_FS  usbd_custom_hid_if.o
    0x08000356   0x08000356   0x00000004   Code   RO         2532    i.CUSTOM_HID_Init_FS  usbd_custom_hid_if.o
    0x0800035a   0x0800035a   0x00000002   PAD
    0x0800035c   0x0800035c   0x00000014   Code   RO         2533    i.CUSTOM_HID_OutEvent_FS  usbd_custom_hid_if.o
    0x08000370   0x08000370   0x00000002   Code   RO         2572    i.DebugMon_Handler  stm32f4xx_it.o
    0x08000372   0x08000372   0x00000002   Code   RO         1921    i.Error_Handler     main.o
    0x08000374   0x08000374   0x00000034   Code   RO         2454    i.Get_SerialNum     usbd_desc.o
    0x080003a8   0x080003a8   0x00000028   Code   RO         3798    i.HAL_DMA_Abort_IT  stm32f4xx_hal_dma.o
    0x080003d0   0x080003d0   0x00000028   Code   RO         4245    i.HAL_Delay         stm32f4xx_hal.o
    0x080003f8   0x080003f8   0x000001d4   Code   RO         3690    i.HAL_GPIO_Init     stm32f4xx_hal_gpio.o
    0x080005cc   0x080005cc   0x0000000c   Code   RO         3694    i.HAL_GPIO_WritePin  stm32f4xx_hal_gpio.o
    0x080005d8   0x080005d8   0x0000000c   Code   RO         4251    i.HAL_GetTick       stm32f4xx_hal.o
    0x080005e4   0x080005e4   0x000001d0   Code   RO         4507    i.HAL_I2C_Init      stm32f4xx_hal_i2c.o
    0x080007b4   0x080007b4   0x00000088   Code   RO         2020    i.HAL_I2C_MspInit   i2c.o
    0x0800083c   0x0800083c   0x00000018   Code   RO         4257    i.HAL_IncTick       stm32f4xx_hal.o
    0x08000854   0x08000854   0x0000003c   Code   RO         4258    i.HAL_Init          stm32f4xx_hal.o
    0x08000890   0x08000890   0x0000004c   Code   RO         4259    i.HAL_InitTick      stm32f4xx_hal.o
    0x080008dc   0x080008dc   0x00000048   Code   RO         2659    i.HAL_MspInit       stm32f4xx_hal_msp.o
    0x08000924   0x08000924   0x00000020   Code   RO         4103    i.HAL_NVIC_EnableIRQ  stm32f4xx_hal_cortex.o
    0x08000944   0x08000944   0x0000007c   Code   RO         4109    i.HAL_NVIC_SetPriority  stm32f4xx_hal_cortex.o
    0x080009c0   0x080009c0   0x00000028   Code   RO         4110    i.HAL_NVIC_SetPriorityGrouping  stm32f4xx_hal_cortex.o
    0x080009e8   0x080009e8   0x00000002   Code   RO         2909    i.HAL_PCDEx_LPM_Callback  stm32f4xx_hal_pcd_ex.o
    0x080009ea   0x080009ea   0x0000000a   Code   RO         2910    i.HAL_PCDEx_SetRxFiFo  stm32f4xx_hal_pcd_ex.o
    0x080009f4   0x080009f4   0x0000004e   Code   RO         2911    i.HAL_PCDEx_SetTxFiFo  stm32f4xx_hal_pcd_ex.o
    0x08000a42   0x08000a42   0x0000000e   Code   RO         2259    i.HAL_PCD_ConnectCallback  usbd_conf.o
    0x08000a50   0x08000a50   0x00000020   Code   RO         2260    i.HAL_PCD_DataInStageCallback  usbd_conf.o
    0x08000a70   0x08000a70   0x00000020   Code   RO         2261    i.HAL_PCD_DataOutStageCallback  usbd_conf.o
    0x08000a90   0x08000a90   0x0000000e   Code   RO         2262    i.HAL_PCD_DisconnectCallback  usbd_conf.o
    0x08000a9e   0x08000a9e   0x0000006a   Code   RO         2692    i.HAL_PCD_EP_Close  stm32f4xx_hal_pcd.o
    0x08000b08   0x08000b08   0x0000007c   Code   RO         2693    i.HAL_PCD_EP_ClrStall  stm32f4xx_hal_pcd.o
    0x08000b84   0x08000b84   0x0000008c   Code   RO         2696    i.HAL_PCD_EP_Open   stm32f4xx_hal_pcd.o
    0x08000c10   0x08000c10   0x00000058   Code   RO         2697    i.HAL_PCD_EP_Receive  stm32f4xx_hal_pcd.o
    0x08000c68   0x08000c68   0x0000008a   Code   RO         2698    i.HAL_PCD_EP_SetStall  stm32f4xx_hal_pcd.o
    0x08000cf2   0x08000cf2   0x0000005a   Code   RO         2699    i.HAL_PCD_EP_Transmit  stm32f4xx_hal_pcd.o
    0x08000d4c   0x08000d4c   0x0000055c   Code   RO         2701    i.HAL_PCD_IRQHandler  stm32f4xx_hal_pcd.o
    0x080012a8   0x080012a8   0x00000012   Code   RO         2263    i.HAL_PCD_ISOINIncompleteCallback  usbd_conf.o
    0x080012ba   0x080012ba   0x00000012   Code   RO         2264    i.HAL_PCD_ISOOUTIncompleteCallback  usbd_conf.o
    0x080012cc   0x080012cc   0x00000166   Code   RO         2704    i.HAL_PCD_Init      stm32f4xx_hal_pcd.o
    0x08001432   0x08001432   0x00000002   PAD
    0x08001434   0x08001434   0x000000a8   Code   RO         2266    i.HAL_PCD_MspInit   usbd_conf.o
    0x080014dc   0x080014dc   0x00000024   Code   RO         2267    i.HAL_PCD_ResetCallback  usbd_conf.o
    0x08001500   0x08001500   0x0000000e   Code   RO         2268    i.HAL_PCD_ResumeCallback  usbd_conf.o
    0x0800150e   0x0800150e   0x0000000e   Code   RO         2269    i.HAL_PCD_SOFCallback  usbd_conf.o
    0x0800151c   0x0800151c   0x00000036   Code   RO         2710    i.HAL_PCD_SetAddress  stm32f4xx_hal_pcd.o
    0x08001552   0x08001552   0x00000012   Code   RO         2270    i.HAL_PCD_SetupStageCallback  usbd_conf.o
    0x08001564   0x08001564   0x0000004a   Code   RO         2712    i.HAL_PCD_Start     stm32f4xx_hal_pcd.o
    0x080015ae   0x080015ae   0x00000002   PAD
    0x080015b0   0x080015b0   0x00000034   Code   RO         2271    i.HAL_PCD_SuspendCallback  usbd_conf.o
    0x080015e4   0x080015e4   0x000001b4   Code   RO         3362    i.HAL_RCCEx_PeriphCLKConfig  stm32f4xx_hal_rcc_ex.o
    0x08001798   0x08001798   0x00000184   Code   RO         3257    i.HAL_RCC_ClockConfig  stm32f4xx_hal_rcc.o
    0x0800191c   0x0800191c   0x0000000c   Code   RO         3262    i.HAL_RCC_GetHCLKFreq  stm32f4xx_hal_rcc.o
    0x08001928   0x08001928   0x00000020   Code   RO         3264    i.HAL_RCC_GetPCLK1Freq  stm32f4xx_hal_rcc.o
    0x08001948   0x08001948   0x00000020   Code   RO         3265    i.HAL_RCC_GetPCLK2Freq  stm32f4xx_hal_rcc.o
    0x08001968   0x08001968   0x000000b0   Code   RO         3266    i.HAL_RCC_GetSysClockFreq  stm32f4xx_hal_rcc.o
    0x08001a18   0x08001a18   0x00000488   Code   RO         3269    i.HAL_RCC_OscConfig  stm32f4xx_hal_rcc.o
    0x08001ea0   0x08001ea0   0x000000d8   Code   RO         5001    i.HAL_RTC_Init      stm32f4xx_hal_rtc.o
    0x08001f78   0x08001f78   0x00000018   Code   RO         2062    i.HAL_RTC_MspInit   rtc.o
    0x08001f90   0x08001f90   0x0000003a   Code   RO         5009    i.HAL_RTC_WaitForSynchro  stm32f4xx_hal_rtc.o
    0x08001fca   0x08001fca   0x0000008c   Code   RO         5370    i.HAL_SPI_Init      stm32f4xx_hal_spi.o
    0x08002056   0x08002056   0x00000002   PAD
    0x08002058   0x08002058   0x00000100   Code   RO         2104    i.HAL_SPI_MspInit   spi.o
    0x08002158   0x08002158   0x00000034   Code   RO         4114    i.HAL_SYSTICK_Config  stm32f4xx_hal_cortex.o
    0x0800218c   0x0800218c   0x00000002   Code   RO         5738    i.HAL_UART_ErrorCallback  stm32f4xx_hal_uart.o
    0x0800218e   0x0800218e   0x00000002   PAD
    0x08002190   0x08002190   0x00000154   Code   RO         5741    i.HAL_UART_IRQHandler  stm32f4xx_hal_uart.o
    0x080022e4   0x080022e4   0x00000072   Code   RO         5742    i.HAL_UART_Init     stm32f4xx_hal_uart.o
    0x08002356   0x08002356   0x00000002   PAD
    0x08002358   0x08002358   0x0000010c   Code   RO         2152    i.HAL_UART_MspInit  usart.o
    0x08002464   0x08002464   0x00000002   Code   RO         5748    i.HAL_UART_RxCpltCallback  stm32f4xx_hal_uart.o
    0x08002466   0x08002466   0x000000d8   Code   RO         5750    i.HAL_UART_Transmit  stm32f4xx_hal_uart.o
    0x0800253e   0x0800253e   0x00000002   Code   RO         5753    i.HAL_UART_TxCpltCallback  stm32f4xx_hal_uart.o
    0x08002540   0x08002540   0x00000004   Code   RO         2573    i.HardFault_Handler  stm32f4xx_it.o
    0x08002544   0x08002544   0x0000003e   Code   RO         2455    i.IntToUnicode      usbd_desc.o
    0x08002582   0x08002582   0x00000002   PAD
    0x08002584   0x08002584   0x00000154   Code   RO         1995    i.MX_GPIO_Init      gpio.o
    0x080026d8   0x080026d8   0x0000003c   Code   RO         2021    i.MX_I2C1_Init      i2c.o
    0x08002714   0x08002714   0x00000034   Code   RO         2063    i.MX_RTC_Init       rtc.o
    0x08002748   0x08002748   0x00000044   Code   RO         2105    i.MX_SPI1_Init      spi.o
    0x0800278c   0x0800278c   0x00000044   Code   RO         2106    i.MX_SPI3_Init      spi.o
    0x080027d0   0x080027d0   0x00000038   Code   RO         2153    i.MX_USART1_UART_Init  usart.o
    0x08002808   0x08002808   0x0000004c   Code   RO         2211    i.MX_USB_DEVICE_Init  usb_device.o
    0x08002854   0x08002854   0x00000004   Code   RO         2574    i.MemManage_Handler  stm32f4xx_it.o
    0x08002858   0x08002858   0x00000002   Code   RO         2575    i.NMI_Handler       stm32f4xx_it.o
    0x0800285a   0x0800285a   0x00000002   PAD
    0x0800285c   0x0800285c   0x00000010   Code   RO         2576    i.OTG_FS_IRQHandler  stm32f4xx_it.o
    0x0800286c   0x0800286c   0x00000064   Code   RO         2715    i.PCD_EP_OutSetupPacket_int  stm32f4xx_hal_pcd.o
    0x080028d0   0x080028d0   0x0000017c   Code   RO         2716    i.PCD_EP_OutXfrComplete_int  stm32f4xx_hal_pcd.o
    0x08002a4c   0x08002a4c   0x000000b6   Code   RO         2717    i.PCD_WriteEmptyTxFifo  stm32f4xx_hal_pcd.o
    0x08002b02   0x08002b02   0x00000002   Code   RO         2577    i.PendSV_Handler    stm32f4xx_it.o
    0x08002b04   0x08002b04   0x0000003e   Code   RO         5012    i.RTC_EnterInitMode  stm32f4xx_hal_rtc.o
    0x08002b42   0x08002b42   0x00000002   Code   RO         2578    i.SVC_Handler       stm32f4xx_it.o
    0x08002b44   0x08002b44   0x00000012   Code   RO         6223    i.SWAPBYTE          usbd_ctlreq.o
    0x08002b56   0x08002b56   0x00000008   Code   RO         2579    i.SysTick_Handler   stm32f4xx_it.o
    0x08002b5e   0x08002b5e   0x00000002   PAD
    0x08002b60   0x08002b60   0x000000d8   Code   RO         1922    i.SystemClock_Config  main.o
    0x08002c38   0x08002c38   0x0000001c   Code   RO         6049    i.SystemInit        system_stm32f4xx.o
    0x08002c54   0x08002c54   0x00000014   Code   RO         5755    i.UART_DMAAbortOnError  stm32f4xx_hal_uart.o
    0x08002c68   0x08002c68   0x00000020   Code   RO         5765    i.UART_EndRxTransfer  stm32f4xx_hal_uart.o
    0x08002c88   0x08002c88   0x00000020   Code   RO         5766    i.UART_EndTransmit_IT  stm32f4xx_hal_uart.o
    0x08002ca8   0x08002ca8   0x000000a6   Code   RO         5768    i.UART_Receive_IT   stm32f4xx_hal_uart.o
    0x08002d4e   0x08002d4e   0x00000002   PAD
    0x08002d50   0x08002d50   0x000003e8   Code   RO         5769    i.UART_SetConfig    stm32f4xx_hal_uart.o
    0x08003138   0x08003138   0x00000068   Code   RO         5770    i.UART_Transmit_IT  stm32f4xx_hal_uart.o
    0x080031a0   0x080031a0   0x0000006c   Code   RO         5771    i.UART_WaitOnFlagUntilTimeout  stm32f4xx_hal_uart.o
    0x0800320c   0x0800320c   0x00000010   Code   RO         2580    i.USART1_IRQHandler  stm32f4xx_it.o
    0x0800321c   0x0800321c   0x0000000e   Code   RO         6386    i.USBD_CUSTOM_HID_DataIn  usbd_customhid.o
    0x0800322a   0x0800322a   0x00000024   Code   RO         6387    i.USBD_CUSTOM_HID_DataOut  usbd_customhid.o
    0x0800324e   0x0800324e   0x00000046   Code   RO         6388    i.USBD_CUSTOM_HID_DeInit  usbd_customhid.o
    0x08003294   0x08003294   0x00000022   Code   RO         6389    i.USBD_CUSTOM_HID_EP0_RxReady  usbd_customhid.o
    0x080032b6   0x080032b6   0x00000002   PAD
    0x080032b8   0x080032b8   0x00000010   Code   RO         6390    i.USBD_CUSTOM_HID_GetDeviceQualifierDesc  usbd_customhid.o
    0x080032c8   0x080032c8   0x00000010   Code   RO         6391    i.USBD_CUSTOM_HID_GetFSCfgDesc  usbd_customhid.o
    0x080032d8   0x080032d8   0x00000010   Code   RO         6392    i.USBD_CUSTOM_HID_GetHSCfgDesc  usbd_customhid.o
    0x080032e8   0x080032e8   0x00000010   Code   RO         6393    i.USBD_CUSTOM_HID_GetOtherSpeedCfgDesc  usbd_customhid.o
    0x080032f8   0x080032f8   0x00000072   Code   RO         6394    i.USBD_CUSTOM_HID_Init  usbd_customhid.o
    0x0800336a   0x0800336a   0x00000022   Code   RO         6395    i.USBD_CUSTOM_HID_ReceivePacket  usbd_customhid.o
    0x0800338c   0x0800338c   0x00000010   Code   RO         6396    i.USBD_CUSTOM_HID_RegisterInterface  usbd_customhid.o
    0x0800339c   0x0800339c   0x0000017c   Code   RO         6398    i.USBD_CUSTOM_HID_Setup  usbd_customhid.o
    0x08003518   0x08003518   0x0000001c   Code   RO         6085    i.USBD_ClrClassConfig  usbd_core.o
    0x08003534   0x08003534   0x0000003e   Code   RO         6224    i.USBD_ClrFeature   usbd_ctlreq.o
    0x08003572   0x08003572   0x00000018   Code   RO         6326    i.USBD_CtlContinueRx  usbd_ioreq.o
    0x0800358a   0x0800358a   0x00000018   Code   RO         6327    i.USBD_CtlContinueSendData  usbd_ioreq.o
    0x080035a2   0x080035a2   0x00000018   Code   RO         6225    i.USBD_CtlError     usbd_ctlreq.o
    0x080035ba   0x080035ba   0x00000028   Code   RO         6328    i.USBD_CtlPrepareRx  usbd_ioreq.o
    0x080035e2   0x080035e2   0x0000001a   Code   RO         6329    i.USBD_CtlReceiveStatus  usbd_ioreq.o
    0x080035fc   0x080035fc   0x00000022   Code   RO         6330    i.USBD_CtlSendData  usbd_ioreq.o
    0x0800361e   0x0800361e   0x0000001a   Code   RO         6331    i.USBD_CtlSendStatus  usbd_ioreq.o
    0x08003638   0x08003638   0x0000003c   Code   RO         2456    i.USBD_FS_ConfigStrDescriptor  usbd_desc.o
    0x08003674   0x08003674   0x00000010   Code   RO         2457    i.USBD_FS_DeviceDescriptor  usbd_desc.o
    0x08003684   0x08003684   0x00000040   Code   RO         2458    i.USBD_FS_InterfaceStrDescriptor  usbd_desc.o
    0x080036c4   0x080036c4   0x00000010   Code   RO         2459    i.USBD_FS_LangIDStrDescriptor  usbd_desc.o
    0x080036d4   0x080036d4   0x0000002c   Code   RO         2460    i.USBD_FS_ManufacturerStrDescriptor  usbd_desc.o
    0x08003700   0x08003700   0x00000048   Code   RO         2461    i.USBD_FS_ProductStrDescriptor  usbd_desc.o
    0x08003748   0x08003748   0x00000018   Code   RO         2462    i.USBD_FS_SerialStrDescriptor  usbd_desc.o
    0x08003760   0x08003760   0x00000056   Code   RO         6226    i.USBD_GetConfig    usbd_ctlreq.o
    0x080037b6   0x080037b6   0x000001fc   Code   RO         6227    i.USBD_GetDescriptor  usbd_ctlreq.o
    0x080039b2   0x080039b2   0x00000016   Code   RO         6228    i.USBD_GetLen       usbd_ctlreq.o
    0x080039c8   0x080039c8   0x0000005a   Code   RO         6229    i.USBD_GetStatus    usbd_ctlreq.o
    0x08003a22   0x08003a22   0x00000054   Code   RO         6230    i.USBD_GetString    usbd_ctlreq.o
    0x08003a76   0x08003a76   0x0000002c   Code   RO         2272    i.USBD_Get_USB_Status  usbd_conf.o
    0x08003aa2   0x08003aa2   0x00000044   Code   RO         6087    i.USBD_Init         usbd_core.o
    0x08003ae6   0x08003ae6   0x00000026   Code   RO         2273    i.USBD_LL_ClearStallEP  usbd_conf.o
    0x08003b0c   0x08003b0c   0x00000026   Code   RO         2274    i.USBD_LL_CloseEP   usbd_conf.o
    0x08003b32   0x08003b32   0x000000e6   Code   RO         6088    i.USBD_LL_DataInStage  usbd_core.o
    0x08003c18   0x08003c18   0x00000092   Code   RO         6089    i.USBD_LL_DataOutStage  usbd_core.o
    0x08003caa   0x08003caa   0x00000006   Code   RO         6090    i.USBD_LL_DevConnected  usbd_core.o
    0x08003cb0   0x08003cb0   0x00000020   Code   RO         6091    i.USBD_LL_DevDisconnected  usbd_core.o
    0x08003cd0   0x08003cd0   0x00000068   Code   RO         2279    i.USBD_LL_Init      usbd_conf.o
    0x08003d38   0x08003d38   0x00000038   Code   RO         2280    i.USBD_LL_IsStallEP  usbd_conf.o
    0x08003d70   0x08003d70   0x00000006   Code   RO         6092    i.USBD_LL_IsoINIncomplete  usbd_core.o
    0x08003d76   0x08003d76   0x00000006   Code   RO         6093    i.USBD_LL_IsoOUTIncomplete  usbd_core.o
    0x08003d7c   0x08003d7c   0x00000030   Code   RO         2281    i.USBD_LL_OpenEP    usbd_conf.o
    0x08003dac   0x08003dac   0x00000030   Code   RO         2282    i.USBD_LL_PrepareReceive  usbd_conf.o
    0x08003ddc   0x08003ddc   0x0000005a   Code   RO         6094    i.USBD_LL_Reset     usbd_core.o
    0x08003e36   0x08003e36   0x00000016   Code   RO         6095    i.USBD_LL_Resume    usbd_core.o
    0x08003e4c   0x08003e4c   0x00000022   Code   RO         6096    i.USBD_LL_SOF       usbd_core.o
    0x08003e6e   0x08003e6e   0x00000008   Code   RO         6097    i.USBD_LL_SetSpeed  usbd_core.o
    0x08003e76   0x08003e76   0x00000026   Code   RO         2283    i.USBD_LL_SetUSBAddress  usbd_conf.o
    0x08003e9c   0x08003e9c   0x00000076   Code   RO         6098    i.USBD_LL_SetupStage  usbd_core.o
    0x08003f12   0x08003f12   0x00000026   Code   RO         2284    i.USBD_LL_StallEP   usbd_conf.o
    0x08003f38   0x08003f38   0x0000001e   Code   RO         2285    i.USBD_LL_Start     usbd_conf.o
    0x08003f56   0x08003f56   0x00000014   Code   RO         6099    i.USBD_LL_Suspend   usbd_core.o
    0x08003f6a   0x08003f6a   0x00000030   Code   RO         2287    i.USBD_LL_Transmit  usbd_conf.o
    0x08003f9a   0x08003f9a   0x00000036   Code   RO         6231    i.USBD_ParseSetupRequest  usbd_ctlreq.o
    0x08003fd0   0x08003fd0   0x00000026   Code   RO         6100    i.USBD_RegisterClass  usbd_core.o
    0x08003ff6   0x08003ff6   0x00000006   Code   RO         6101    i.USBD_RunTestMode  usbd_core.o
    0x08003ffc   0x08003ffc   0x0000005a   Code   RO         6232    i.USBD_SetAddress   usbd_ctlreq.o
    0x08004056   0x08004056   0x00000020   Code   RO         6102    i.USBD_SetClassConfig  usbd_core.o
    0x08004076   0x08004076   0x00000002   PAD
    0x08004078   0x08004078   0x000000fc   Code   RO         6233    i.USBD_SetConfig    usbd_ctlreq.o
    0x08004174   0x08004174   0x00000018   Code   RO         6234    i.USBD_SetFeature   usbd_ctlreq.o
    0x0800418c   0x0800418c   0x0000000c   Code   RO         6103    i.USBD_Start        usbd_core.o
    0x08004198   0x08004198   0x000000a6   Code   RO         6235    i.USBD_StdDevReq    usbd_ctlreq.o
    0x0800423e   0x0800423e   0x0000022a   Code   RO         6236    i.USBD_StdEPReq     usbd_ctlreq.o
    0x08004468   0x08004468   0x0000007e   Code   RO         6237    i.USBD_StdItfReq    usbd_ctlreq.o
    0x080044e6   0x080044e6   0x00000002   PAD
    0x080044e8   0x080044e8   0x000000d0   Code   RO         2951    i.USB_ActivateEndpoint  stm32f4xx_ll_usb.o
    0x080045b8   0x080045b8   0x00000028   Code   RO         2953    i.USB_ActivateSetup  stm32f4xx_ll_usb.o
    0x080045e0   0x080045e0   0x00000084   Code   RO         2955    i.USB_CoreInit      stm32f4xx_ll_usb.o
    0x08004664   0x08004664   0x0000004c   Code   RO         2956    i.USB_CoreReset     stm32f4xx_ll_usb.o
    0x080046b0   0x080046b0   0x0000014c   Code   RO         2959    i.USB_DeactivateEndpoint  stm32f4xx_ll_usb.o
    0x080047fc   0x080047fc   0x00000020   Code   RO         2960    i.USB_DevConnect    stm32f4xx_ll_usb.o
    0x0800481c   0x0800481c   0x00000020   Code   RO         2961    i.USB_DevDisconnect  stm32f4xx_ll_usb.o
    0x0800483c   0x0800483c   0x000001e0   Code   RO         2962    i.USB_DevInit       stm32f4xx_ll_usb.o
    0x08004a1c   0x08004a1c   0x0000000e   Code   RO         2963    i.USB_DisableGlobalInt  stm32f4xx_ll_usb.o
    0x08004a2a   0x08004a2a   0x00000002   PAD
    0x08004a2c   0x08004a2c   0x000001d8   Code   RO         2966    i.USB_EP0StartXfer  stm32f4xx_ll_usb.o
    0x08004c04   0x08004c04   0x00000070   Code   RO         2967    i.USB_EP0_OutStart  stm32f4xx_ll_usb.o
    0x08004c74   0x08004c74   0x0000008e   Code   RO         2968    i.USB_EPClearStall  stm32f4xx_ll_usb.o
    0x08004d02   0x08004d02   0x0000009a   Code   RO         2969    i.USB_EPSetStall    stm32f4xx_ll_usb.o
    0x08004d9c   0x08004d9c   0x00000344   Code   RO         2970    i.USB_EPStartXfer   stm32f4xx_ll_usb.o
    0x080050e0   0x080050e0   0x0000000e   Code   RO         2971    i.USB_EnableGlobalInt  stm32f4xx_ll_usb.o
    0x080050ee   0x080050ee   0x00000002   PAD
    0x080050f0   0x080050f0   0x0000002c   Code   RO         2972    i.USB_FlushRxFifo   stm32f4xx_ll_usb.o
    0x0800511c   0x0800511c   0x00000030   Code   RO         2973    i.USB_FlushTxFifo   stm32f4xx_ll_usb.o
    0x0800514c   0x0800514c   0x00000026   Code   RO         2975    i.USB_GetDevSpeed   stm32f4xx_ll_usb.o
    0x08005172   0x08005172   0x0000000a   Code   RO         2977    i.USB_GetMode       stm32f4xx_ll_usb.o
    0x0800517c   0x0800517c   0x00000014   Code   RO         2984    i.USB_ReadDevAllInEpInterrupt  stm32f4xx_ll_usb.o
    0x08005190   0x08005190   0x00000014   Code   RO         2985    i.USB_ReadDevAllOutEpInterrupt  stm32f4xx_ll_usb.o
    0x080051a4   0x080051a4   0x00000032   Code   RO         2986    i.USB_ReadDevInEPInterrupt  stm32f4xx_ll_usb.o
    0x080051d6   0x080051d6   0x0000001a   Code   RO         2987    i.USB_ReadDevOutEPInterrupt  stm32f4xx_ll_usb.o
    0x080051f0   0x080051f0   0x0000000a   Code   RO         2988    i.USB_ReadInterrupts  stm32f4xx_ll_usb.o
    0x080051fa   0x080051fa   0x00000022   Code   RO         2989    i.USB_ReadPacket    stm32f4xx_ll_usb.o
    0x0800521c   0x0800521c   0x00000036   Code   RO         2991    i.USB_SetCurrentMode  stm32f4xx_ll_usb.o
    0x08005252   0x08005252   0x0000002a   Code   RO         2992    i.USB_SetDevAddress  stm32f4xx_ll_usb.o
    0x0800527c   0x0800527c   0x00000012   Code   RO         2993    i.USB_SetDevSpeed   stm32f4xx_ll_usb.o
    0x0800528e   0x0800528e   0x00000002   PAD
    0x08005290   0x08005290   0x000000e8   Code   RO         2994    i.USB_SetTurnaroundTime  stm32f4xx_ll_usb.o
    0x08005378   0x08005378   0x0000003c   Code   RO         2997    i.USB_WritePacket   stm32f4xx_ll_usb.o
    0x080053b4   0x080053b4   0x00000004   Code   RO         2581    i.UsageFault_Handler  stm32f4xx_it.o
    0x080053b8   0x080053b8   0x00000020   Code   RO         6699    i.__0printf$8       mc_w.l(printf8.o)
    0x080053d8   0x080053d8   0x00000010   Code   RO         4116    i.__NVIC_GetPriorityGrouping  stm32f4xx_hal_cortex.o
    0x080053e8   0x080053e8   0x00000028   Code   RO         4117    i.__NVIC_SetPriority  stm32f4xx_hal_cortex.o
    0x08005410   0x08005410   0x0000000e   Code   RO         6825    i.__scatterload_copy  mc_w.l(handlers.o)
    0x0800541e   0x0800541e   0x00000002   Code   RO         6826    i.__scatterload_null  mc_w.l(handlers.o)
    0x08005420   0x08005420   0x0000000e   Code   RO         6827    i.__scatterload_zeroinit  mc_w.l(handlers.o)
    0x0800542e   0x0800542e   0x00000002   PAD
    0x08005430   0x08005430   0x00000404   Code   RO         6706    i._printf_core      mc_w.l(printf8.o)
    0x08005834   0x08005834   0x00000024   Code   RO         6707    i._printf_post_padding  mc_w.l(printf8.o)
    0x08005858   0x08005858   0x0000002e   Code   RO         6708    i._printf_pre_padding  mc_w.l(printf8.o)
    0x08005886   0x08005886   0x00000002   PAD
    0x08005888   0x08005888   0x00000068   Code   RO         1560    i._sample_setmodulator_parm  vatek_sample_broadcast_via_h1_vatek.o
    0x080058f0   0x080058f0   0x00000026   Code   RO         1096    i.audioinfo_samplerate  phy_ep9555e.o
    0x08005916   0x08005916   0x000000f2   Code   RO         1097    i.autoset_videoinfo  phy_ep9555e.o
    0x08005a08   0x08005a08   0x0000007a   Code   RO          630    i.broadcast_ctrl    vatek_broadcast.o
    0x08005a82   0x08005a82   0x00000002   PAD
    0x08005a84   0x08005a84   0x000000cc   Code   RO          632    i.broadcast_getstatus  vatek_broadcast.o
    0x08005b50   0x08005b50   0x00000128   Code   RO          633    i.broadcast_reset   vatek_broadcast.o
    0x08005c78   0x08005c78   0x00000100   Code   RO         1376    i.check_source      phy_h1.o
    0x08005d78   0x08005d78   0x00000124   Code   RO         1098    i.check_sourcevalid  phy_ep9555e.o
    0x08005e9c   0x08005e9c   0x000000b4   Code   RO         1377    i.enable_vout       phy_h1.o
    0x08005f50   0x08005f50   0x000001a8   Code   RO           10    i.encoder_ae_setparm  vatek_encoder.o
    0x080060f8   0x080060f8   0x000000b4   Code   RO           11    i.encoder_ai_setparm  vatek_encoder.o
    0x080061ac   0x080061ac   0x000002b4   Code   RO           12    i.encoder_logo_setparm  vatek_encoder.o
    0x08006460   0x08006460   0x00000032   Code   RO           13    i.encoder_mux_setparm  vatek_encoder.o
    0x08006492   0x08006492   0x00000002   PAD
    0x08006494   0x08006494   0x0000010c   Code   RO           14    i.encoder_quality_setparm  vatek_encoder.o
    0x080065a0   0x080065a0   0x00000140   Code   RO           15    i.encoder_ve_setparm  vatek_encoder.o
    0x080066e0   0x080066e0   0x0000034c   Code   RO           16    i.encoder_vi_setparm  vatek_encoder.o
    0x08006a2c   0x08006a2c   0x00000160   Code   RO         1099    i.ep9555e_create    phy_ep9555e.o
    0x08006b8c   0x08006b8c   0x00000068   Code   RO         1101    i.ep9555e_enable    phy_ep9555e.o
    0x08006bf4   0x08006bf4   0x000000a4   Code   RO         1102    i.ep9555e_get_audioinfo  phy_ep9555e.o
    0x08006c98   0x08006c98   0x0000005a   Code   RO         1103    i.ep9555e_get_status  phy_ep9555e.o
    0x08006cf2   0x08006cf2   0x00000002   PAD
    0x08006cf4   0x08006cf4   0x00000120   Code   RO         1104    i.ep9555e_get_videoinfo  phy_ep9555e.o
    0x08006e14   0x08006e14   0x00000052   Code   RO         1107    i.ep9555e_set_videoinfo  phy_ep9555e.o
    0x08006e66   0x08006e66   0x00000002   PAD
    0x08006e68   0x08006e68   0x0000001c   Code   RO         2156    i.fputc             usart.o
    0x08006e84   0x08006e84   0x00000050   Code   RO         6753    i.free              mc_w.l(malloc.o)
    0x08006ed4   0x08006ed4   0x00000098   Code   RO         1379    i.get_h1_rev        phy_h1.o
    0x08006f6c   0x08006f6c   0x000000f4   Code   RO         1231    i.get_pixel         tool_hdmi.o
    0x08007060   0x08007060   0x00000094   Code   RO         1108    i.get_scaletiming   phy_ep9555e.o
    0x080070f4   0x080070f4   0x0000006a   Code   RO         1109    i.get_videotiming   phy_ep9555e.o
    0x0800715e   0x0800715e   0x00000002   PAD
    0x08007160   0x08007160   0x00000168   Code   RO         1381    i.h1_create         phy_h1.o
    0x080072c8   0x080072c8   0x00000034   Code   RO         1384    i.h1_enable         phy_h1.o
    0x080072fc   0x080072fc   0x0000006a   Code   RO         1385    i.h1_get_audioinfo  phy_h1.o
    0x08007366   0x08007366   0x00000058   Code   RO         1386    i.h1_get_status     phy_h1.o
    0x080073be   0x080073be   0x00000002   PAD
    0x080073c0   0x080073c0   0x00000178   Code   RO         1387    i.h1_get_videoinfo  phy_h1.o
    0x08007538   0x08007538   0x0000004e   Code   RO          142    i.hms_i2c_read      vatek_hms.o
    0x08007586   0x08007586   0x0000004e   Code   RO          143    i.hms_i2c_write     vatek_hms.o
    0x080075d4   0x080075d4   0x000000aa   Code   RO         1110    i.i2c_read          phy_ep9555e.o
    0x0800767e   0x0800767e   0x00000092   Code   RO         1393    i.i2c_read          phy_h1.o
    0x08007710   0x08007710   0x00000016   Code   RO         1394    i.i2c_reg_write     phy_h1.o
    0x08007726   0x08007726   0x00000084   Code   RO         1111    i.i2c_write         phy_ep9555e.o
    0x080077aa   0x080077aa   0x00000072   Code   RO         1395    i.i2c_write         phy_h1.o
    0x0800781c   0x0800781c   0x0000003e   Code   RO         1396    i.i2c_write_double_reg  phy_h1.o
    0x0800785a   0x0800785a   0x00000002   PAD
    0x0800785c   0x0800785c   0x00000094   Code   RO         1112    i.is_hdcpauthenticate  phy_ep9555e.o
    0x080078f0   0x080078f0   0x00000038   Code   RO         1113    i.is_interrupt      phy_ep9555e.o
    0x08007928   0x08007928   0x00000038   Code   RO         1670    i.ll_i2c_check_busy  vatek_porting_i2c.o
    0x08007960   0x08007960   0x0000001c   Code   RO         1671    i.ll_i2c_send_start  vatek_porting_i2c.o
    0x0800797c   0x0800797c   0x00000064   Code   RO         1672    i.ll_i2c_set_device_address  vatek_porting_i2c.o
    0x080079e0   0x080079e0   0x0000005c   Code   RO         1673    i.ll_i2c_wait_flag  vatek_porting_i2c.o
    0x08007a3c   0x08007a3c   0x00000012   Code   RO         1674    i.ll_i2c_wait_flag_clr  vatek_porting_i2c.o
    0x08007a4e   0x08007a4e   0x00000012   Code   RO         1675    i.ll_i2c_wait_flag_set  vatek_porting_i2c.o
    0x08007a60   0x08007a60   0x0000003c   Code   RO         1923    i.main              main.o
    0x08007a9c   0x08007a9c   0x0000006c   Code   RO         6754    i.malloc            mc_w.l(malloc.o)
    0x08007b08   0x08007b08   0x0000008c   Code   RO          226    i.modulator_atsc_setparm  vatek_modulator.o
    0x08007b94   0x08007b94   0x000001b4   Code   RO          227    i.modulator_base_setparm  vatek_modulator.o
    0x08007d48   0x08007d48   0x00000300   Code   RO          228    i.modulator_dtmb_setparm  vatek_modulator.o
    0x08008048   0x08008048   0x00000676   Code   RO          229    i.modulator_dvbt2_setparm  vatek_modulator.o
    0x080086be   0x080086be   0x00000002   PAD
    0x080086c0   0x080086c0   0x0000026c   Code   RO          230    i.modulator_dvbt_setparm  vatek_modulator.o
    0x0800892c   0x0800892c   0x00000350   Code   RO          231    i.modulator_isdbt_setparm  vatek_modulator.o
    0x08008c7c   0x08008c7c   0x000000b8   Code   RO          232    i.modulator_j83a_setparm  vatek_modulator.o
    0x08008d34   0x08008d34   0x000000a8   Code   RO          233    i.modulator_j83b_setparm  vatek_modulator.o
    0x08008ddc   0x08008ddc   0x000000ac   Code   RO          234    i.modulator_j83c_setparm  vatek_modulator.o
    0x08008e88   0x08008e88   0x00000052   Code   RO         1397    i.output_bypass     phy_h1.o
    0x08008eda   0x08008eda   0x000000fc   Code   RO         1398    i.output_format     phy_h1.o
    0x08008fd6   0x08008fd6   0x00000060   Code   RO         1399    i.output_interlace  phy_h1.o
    0x08009036   0x08009036   0x00000060   Code   RO         1400    i.output_progressive  phy_h1.o
    0x08009096   0x08009096   0x00000002   PAD
    0x08009098   0x08009098   0x0000004c   Code   RO          401    i.psitable_register_end  vatek_psitable.o
    0x080090e4   0x080090e4   0x000000f4   Code   RO          402    i.psitable_register_put  vatek_psitable.o
    0x080091d8   0x080091d8   0x00000010   Code   RO          403    i.psitable_register_start  vatek_psitable.o
    0x080091e8   0x080091e8   0x00000080   Code   RO          963    i.r2_viavatek_cmd   rf_r2_via_vatek.o
    0x08009268   0x08009268   0x00000040   Code   RO          964    i.r2_viavatek_create  rf_r2_via_vatek.o
    0x080092a8   0x080092a8   0x00000064   Code   RO          965    i.r2_viavatek_ctrl  rf_r2_via_vatek.o
    0x0800930c   0x0800930c   0x00000052   Code   RO          967    i.r2_viavatek_getstatus  rf_r2_via_vatek.o
    0x0800935e   0x0800935e   0x00000002   PAD
    0x08009360   0x08009360   0x00000098   Code   RO          970    i.r2_viavatek_start  rf_r2_via_vatek.o
    0x080093f8   0x080093f8   0x0000006a   Code   RO         1114    i.read_timing       phy_ep9555e.o
    0x08009462   0x08009462   0x00000002   PAD
    0x08009464   0x08009464   0x00000170   Code   RO         1561    i.sample_bc_broadcast  vatek_sample_broadcast_via_h1_vatek.o
    0x080095d4   0x080095d4   0x000002d4   Code   RO         1562    i.sample_bc_broadcast_from_logo  vatek_sample_broadcast_via_h1_vatek.o
    0x080098a8   0x080098a8   0x000004c0   Code   RO         1563    i.sample_bc_broadcast_from_phy  vatek_sample_broadcast_via_h1_vatek.o
    0x08009d68   0x08009d68   0x000003a8   Code   RO         1564    i.sample_bc_broadcast_signalischange  vatek_sample_broadcast_via_h1_vatek.o
    0x0800a110   0x0800a110   0x00000130   Code   RO         1565    i.sample_bc_broadcast_stop  vatek_sample_broadcast_via_h1_vatek.o
    0x0800a240   0x0800a240   0x00000188   Code   RO         1566    i.sample_bc_init    vatek_sample_broadcast_via_h1_vatek.o
    0x0800a3c8   0x0800a3c8   0x000002bc   Code   RO         1567    i.sample_bc_polling  vatek_sample_broadcast_via_h1_vatek.o
    0x0800a684   0x0800a684   0x00000072   Code   RO         1401    i.set_output_format  phy_h1.o
    0x0800a6f6   0x0800a6f6   0x00000088   Code   RO         1402    i.set_output_timing  phy_h1.o
    0x0800a77e   0x0800a77e   0x00000002   PAD
    0x0800a780   0x0800a780   0x000000dc   Code   RO         1115    i.set_outputformat  phy_ep9555e.o
    0x0800a85c   0x0800a85c   0x00000240   Code   RO         1116    i.set_outputtiming  phy_ep9555e.o
    0x0800aa9c   0x0800aa9c   0x0000008c   Code   RO         1403    i.set_videoinfo     phy_h1.o
    0x0800ab28   0x0800ab28   0x0000000a   Code   RO         1117    i.swip_byte         phy_ep9555e.o
    0x0800ab32   0x0800ab32   0x00000002   PAD
    0x0800ab34   0x0800ab34   0x00000054   Code   RO         1232    i.tool_hdmi_get_vid  tool_hdmi.o
    0x0800ab88   0x0800ab88   0x000000b8   Code   RO         1233    i.tool_hdmi_get_videoinfo  tool_hdmi.o
    0x0800ac40   0x0800ac40   0x000001c4   Code   RO          556    i.tsmux_default_setparm  vatek_tsmux.o
    0x0800ae04   0x0800ae04   0x00000240   Code   RO          557    i.tsmux_iso13818_setparm  vatek_tsmux.o
    0x0800b044   0x0800b044   0x00000144   Code   RO          558    i.tsmux_pure_setparm  vatek_tsmux.o
    0x0800b188   0x0800b188   0x00000144   Code   RO          559    i.tsmux_rule_setparm  vatek_tsmux.o
    0x0800b2cc   0x0800b2cc   0x00000056   Code   RO          560    i.tsmux_transform_setparm  vatek_tsmux.o
    0x0800b322   0x0800b322   0x00000024   Code   RO          634    i.vatek_broadcast_bcstatus  vatek_broadcast.o
    0x0800b346   0x0800b346   0x00000002   PAD
    0x0800b348   0x0800b348   0x000000f4   Code   RO          635    i.vatek_broadcast_chipstatus  vatek_broadcast.o
    0x0800b43c   0x0800b43c   0x00000044   Code   RO          636    i.vatek_broadcast_create  vatek_broadcast.o
    0x0800b480   0x0800b480   0x00000058   Code   RO          638    i.vatek_broadcast_encoder_setencodeparm  vatek_broadcast.o
    0x0800b4d8   0x0800b4d8   0x0000001e   Code   RO          639    i.vatek_broadcast_encoder_setinputparm_logo  vatek_broadcast.o
    0x0800b4f6   0x0800b4f6   0x00000032   Code   RO          640    i.vatek_broadcast_encoder_setinputparm_phy  vatek_broadcast.o
    0x0800b528   0x0800b528   0x0000001c   Code   RO          641    i.vatek_broadcast_encoder_setmuxparm  vatek_broadcast.o
    0x0800b544   0x0800b544   0x0000002a   Code   RO          642    i.vatek_broadcast_encoder_setqualityparm  vatek_broadcast.o
    0x0800b56e   0x0800b56e   0x0000002c   Code   RO          646    i.vatek_broadcast_modulator_setparm  vatek_broadcast.o
    0x0800b59a   0x0800b59a   0x0000001e   Code   RO          655    i.vatek_broadcast_psitable_register  vatek_broadcast.o
    0x0800b5b8   0x0800b5b8   0x0000001e   Code   RO          658    i.vatek_broadcast_reset  vatek_broadcast.o
    0x0800b5d6   0x0800b5d6   0x00000002   PAD
    0x0800b5d8   0x0800b5d8   0x000000bc   Code   RO          659    i.vatek_broadcast_start  vatek_broadcast.o
    0x0800b694   0x0800b694   0x00000026   Code   RO          661    i.vatek_broadcast_tsmux_setparm  vatek_broadcast.o
    0x0800b6ba   0x0800b6ba   0x00000002   PAD
    0x0800b6bc   0x0800b6bc   0x000000e4   Code   RO           17    i.vatek_encoder_setencodeparm  vatek_encoder.o
    0x0800b7a0   0x0800b7a0   0x0000008c   Code   RO           18    i.vatek_encoder_setinputparm_logo  vatek_encoder.o
    0x0800b82c   0x0800b82c   0x000000ec   Code   RO           19    i.vatek_encoder_setinputparm_phy  vatek_encoder.o
    0x0800b918   0x0800b918   0x0000013c   Code   RO           20    i.vatek_encoder_setmuxparm  vatek_encoder.o
    0x0800ba54   0x0800ba54   0x00000140   Code   RO           21    i.vatek_encoder_setqualityparm  vatek_encoder.o
    0x0800bb94   0x0800bb94   0x00000042   Code   RO          144    i.vatek_hms_create  vatek_hms.o
    0x0800bbd6   0x0800bbd6   0x00000002   PAD
    0x0800bbd8   0x0800bbd8   0x00000074   Code   RO          146    i.vatek_hms_issystemidle  vatek_hms.o
    0x0800bc4c   0x0800bc4c   0x00000088   Code   RO          148    i.vatek_hms_read_hal  vatek_hms.o
    0x0800bcd4   0x0800bcd4   0x00000024   Code   RO          151    i.vatek_hms_reset   vatek_hms.o
    0x0800bcf8   0x0800bcf8   0x00000050   Code   RO          152    i.vatek_hms_write_hal  vatek_hms.o
    0x0800bd48   0x0800bd48   0x00000062   Code   RO          153    i.vatek_hms_write_halbuf  vatek_hms.o
    0x0800bdaa   0x0800bdaa   0x00000002   PAD
    0x0800bdac   0x0800bdac   0x00000118   Code   RO          235    i.vatek_modulator_setparm  vatek_modulator.o
    0x0800bec4   0x0800bec4   0x000000a2   Code   RO         1262    i.vatek_phy_create  vatek_phy.o
    0x0800bf66   0x0800bf66   0x0000003c   Code   RO         1265    i.vatek_phy_enable  vatek_phy.o
    0x0800bfa2   0x0800bfa2   0x0000003e   Code   RO         1267    i.vatek_phy_getaudioinfo  vatek_phy.o
    0x0800bfe0   0x0800bfe0   0x0000003e   Code   RO         1270    i.vatek_phy_getvideoinfo  vatek_phy.o
    0x0800c01e   0x0800c01e   0x0000003e   Code   RO         1277    i.vatek_phy_status  vatek_phy.o
    0x0800c05c   0x0800c05c   0x00000130   Code   RO         1676    i.vatek_porting_i2c_read  vatek_porting_i2c.o
    0x0800c18c   0x0800c18c   0x00000006   Code   RO         1677    i.vatek_porting_i2c_set_speed  vatek_porting_i2c.o
    0x0800c192   0x0800c192   0x00000082   Code   RO         1678    i.vatek_porting_i2c_start  vatek_porting_i2c.o
    0x0800c214   0x0800c214   0x00000022   Code   RO         1679    i.vatek_porting_i2c_stop  vatek_porting_i2c.o
    0x0800c236   0x0800c236   0x00000002   PAD
    0x0800c238   0x0800c238   0x00000054   Code   RO         1680    i.vatek_porting_i2c_write  vatek_porting_i2c.o
    0x0800c28c   0x0800c28c   0x00000010   Code   RO         1748    i.vatek_porting_system_delay  vatek_porting_system.o
    0x0800c29c   0x0800c29c   0x0000000c   Code   RO         1749    i.vatek_porting_system_demodreset  vatek_porting_system.o
    0x0800c2a8   0x0800c2a8   0x0000000e   Code   RO         1750    i.vatek_porting_system_gettick  vatek_porting_system.o
    0x0800c2b6   0x0800c2b6   0x00000002   PAD
    0x0800c2b8   0x0800c2b8   0x00000040   Code   RO         1751    i.vatek_porting_system_mainreset  vatek_porting_system.o
    0x0800c2f8   0x0800c2f8   0x00000088   Code   RO         1752    i.vatek_porting_system_phyreset  vatek_porting_system.o
    0x0800c380   0x0800c380   0x0000000c   Code   RO         1753    i.vatek_porting_system_rfreset  vatek_porting_system.o
    0x0800c38c   0x0800c38c   0x0000000c   Code   RO         1754    i.vatek_porting_system_tunerreset  vatek_porting_system.o
    0x0800c398   0x0800c398   0x00000066   Code   RO          405    i.vatek_psitable_register  vatek_psitable.o
    0x0800c3fe   0x0800c3fe   0x00000078   Code   RO         1034    i.vatek_rf_create   vatek_rf.o
    0x0800c476   0x0800c476   0x0000002a   Code   RO         1039    i.vatek_rf_start    vatek_rf.o
    0x0800c4a0   0x0800c4a0   0x0000000c   Code   RO         1839    i.vatek_system_delay  vatek_system.o
    0x0800c4ac   0x0800c4ac   0x00000008   Code   RO         1840    i.vatek_system_gettick  vatek_system.o
    0x0800c4b4   0x0800c4b4   0x00000058   Code   RO         1843    i.vatek_system_i2c_create  vatek_system.o
    0x0800c50c   0x0800c50c   0x0000001a   Code   RO         1844    i.vatek_system_i2c_destroy  vatek_system.o
    0x0800c526   0x0800c526   0x000000ca   Code   RO         1845    i.vatek_system_reset  vatek_system.o
    0x0800c5f0   0x0800c5f0   0x000001a4   Code   RO          561    i.vatek_tsmux_setparm  vatek_tsmux.o
    0x0800c794   0x0800c794   0x00000020   Code   RO          599    i.vatek_userdata_setvideocodec  vatek_userdata.o
    0x0800c7b4   0x0800c7b4   0x0000010a   Data   RO           22    .constdata          vatek_encoder.o
    0x0800c8be   0x0800c8be   0x000000e9   Data   RO          236    .constdata          vatek_modulator.o
    0x0800c9a7   0x0800c9a7   0x00000067   Data   RO          562    .constdata          vatek_tsmux.o
    0x0800ca0e   0x0800ca0e   0x00000061   Data   RO          664    .constdata          vatek_broadcast.o
    0x0800ca6f   0x0800ca6f   0x00000012   Data   RO          973    .constdata          rf_r2_via_vatek.o
    0x0800ca81   0x0800ca81   0x00000003   PAD
    0x0800ca84   0x0800ca84   0x00000250   Data   RO         1118    .constdata          phy_ep9555e.o
    0x0800ccd4   0x0800ccd4   0x0000017c   Data   RO         1235    .constdata          tool_hdmi.o
    0x0800ce50   0x0800ce50   0x000001b4   Data   RO         1405    .constdata          phy_h1.o
    0x0800d004   0x0800d004   0x000000db   Data   RO         1570    .constdata          vatek_sample_broadcast_via_h1_vatek.o
    0x0800d0df   0x0800d0df   0x00000018   Data   RO         6050    .constdata          system_stm32f4xx.o
    0x0800d0f7   0x0800d0f7   0x00000001   PAD
    0x0800d0f8   0x0800d0f8   0x00000086   Data   RO          237    .conststring        vatek_modulator.o
    0x0800d17e   0x0800d17e   0x00000002   PAD
    0x0800d180   0x0800d180   0x00000043   Data   RO          665    .conststring        vatek_broadcast.o
    0x0800d1c3   0x0800d1c3   0x00000001   PAD
    0x0800d1c4   0x0800d1c4   0x00000047   Data   RO          974    .conststring        rf_r2_via_vatek.o
    0x0800d20b   0x0800d20b   0x00000001   PAD
    0x0800d20c   0x0800d20c   0x00000085   Data   RO         1119    .conststring        phy_ep9555e.o
    0x0800d291   0x0800d291   0x00000003   PAD
    0x0800d294   0x0800d294   0x00000208   Data   RO         1571    .conststring        vatek_sample_broadcast_via_h1_vatek.o
    0x0800d49c   0x0800d49c   0x00000020   Data   RO         6823    Region$$Table       anon$$obj.o


    Execution Region RW_IRAM1 (Exec base: 0x20000000, Load base: 0x0800d4bc, Size: 0x00005660, Max: 0x00010000, ABSOLUTE, COMPRESSED[0x00000168])

    Exec Addr    Load Addr    Size         Type   Attr      Idx    E Section Name        Object

    0x20000000   COMPRESSED   0x00000018   Data   RW          408    .data               vatek_psitable.o
    0x20000018   COMPRESSED   0x00000001   Data   RW          601    .data               vatek_userdata.o
    0x20000019   COMPRESSED   0x00000003   PAD
    0x2000001c   COMPRESSED   0x00000018   Data   RW          666    .data               vatek_broadcast.o
    0x20000034   COMPRESSED   0x00000001   Data   RW         1120    .data               phy_ep9555e.o
    0x20000035   COMPRESSED   0x00000003   PAD
    0x20000038   COMPRESSED   0x00000010   Data   RW         1406    .data               phy_h1.o
    0x20000048   COMPRESSED   0x000003d4   Data   RW         1572    .data               vatek_sample_broadcast_via_h1_vatek.o
    0x2000041c   COMPRESSED   0x0000004e   Data   RW         2464    .data               usbd_desc.o
    0x2000046a   COMPRESSED   0x00000002   PAD
    0x2000046c   COMPRESSED   0x00000034   Data   RW         2534    .data               usbd_custom_hid_if.o
    0x200004a0   COMPRESSED   0x00000009   Data   RW         4265    .data               stm32f4xx_hal.o
    0x200004a9   COMPRESSED   0x00000003   PAD
    0x200004ac   COMPRESSED   0x00000004   Data   RW         6051    .data               system_stm32f4xx.o
    0x200004b0   COMPRESSED   0x00000001   Data   RW         6238    .data               usbd_ctlreq.o
    0x200004b1   COMPRESSED   0x00000003   PAD
    0x200004b4   COMPRESSED   0x000000d2   Data   RW         6399    .data               usbd_customhid.o
    0x20000586   COMPRESSED   0x00000002   PAD
    0x20000588   COMPRESSED   0x00000004   Data   RW         6797    .data               mc_w.l(stdout.o)
    0x2000058c   COMPRESSED   0x00000004   Data   RW         6804    .data               mc_w.l(mvars.o)
    0x20000590   COMPRESSED   0x00000004   Data   RW         6805    .data               mc_w.l(mvars.o)
    0x20000594        -       0x00000009   Zero   RW          155    .bss                vatek_hms.o
    0x2000059d   COMPRESSED   0x00000003   PAD
    0x200005a0        -       0x00000054   Zero   RW         2022    .bss                i2c.o
    0x200005f4        -       0x00000020   Zero   RW         2064    .bss                rtc.o
    0x20000614        -       0x000000b0   Zero   RW         2107    .bss                spi.o
    0x200006c4        -       0x00000080   Zero   RW         2157    .bss                usart.o
    0x20000744        -       0x000002d0   Zero   RW         2212    .bss                usb_device.o
    0x20000a14        -       0x00000408   Zero   RW         2288    .bss                usbd_conf.o
    0x20000e1c        -       0x00000040   Zero   RW         2463    .bss                usbd_desc.o
    0x20000e5c   COMPRESSED   0x00000004   PAD
    0x20000e60        -       0x00004000   Zero   RW            2    HEAP                startup_stm32f401xc.o
    0x20004e60        -       0x00000800   Zero   RW            1    STACK               startup_stm32f401xc.o


==============================================================================

Image component sizes


      Code (inc. data)   RO Data    RW Data    ZI Data      Debug   Object Name

       340         18          0          0          0       1099   gpio.o
       196         26          0          0         84       1653   i2c.o
       278         16          0          0          0       8444   main.o
      3324        526        725          1          0      25135   phy_ep9555e.o
      2830        370        436         16          0      20094   phy_h1.o
       526         16         89          0          0       4833   rf_r2_via_vatek.o
        76         18          0          0         32       1443   rtc.o
       392         40          0          0        176       2314   spi.o
        36          8        404          0      18432        844   startup_stm32f401xc.o
       212         36          0          9          0       9321   stm32f4xx_hal.o
       304         22          0          0          0      34527   stm32f4xx_hal_cortex.o
        40          0          0          0          0       1143   stm32f4xx_hal_dma.o
       480         32          0          0          0       2316   stm32f4xx_hal_gpio.o
       464         18          0          0          0       2059   stm32f4xx_hal_i2c.o
        72          4          0          0          0        850   stm32f4xx_hal_msp.o
      3206         14          0          0          0      12353   stm32f4xx_hal_pcd.o
        90          0          0          0          0       2469   stm32f4xx_hal_pcd_ex.o
      1800         84          0          0          0       5676   stm32f4xx_hal_rcc.o
       436         24          0          0          0       1432   stm32f4xx_hal_rcc_ex.o
       336          4          0          0          0       2652   stm32f4xx_hal_rtc.o
       140          0          0          0          0       1183   stm32f4xx_hal_spi.o
      2138         12          0          0          0       9907   stm32f4xx_hal_uart.o
        64         12          0          0          0       5198   stm32f4xx_it.o
      3782        102          0          0          0      22934   stm32f4xx_ll_usb.o
        28          4         24          4          0       1155   system_stm32f4xx.o
       512         12        380          0          0       2926   tool_hdmi.o
       352         38          0          0        128       2541   usart.o
        76         16          0          0        720       2254   usb_device.o
       960         18          0          0       1032      15312   usbd_conf.o
       902          0          0          0          0      13413   usbd_core.o
      2160         28          0          1          0      17044   usbd_ctlreq.o
        28          4          0         52          0       2184   usbd_custom_hid_if.o
       762         38          0        210          0      11366   usbd_customhid.o
       410        146          0         78         64       6737   usbd_desc.o
       174          0          0          0          0       4780   usbd_ioreq.o
      1538        288        164         24          0     425131   vatek_broadcast.o
      4018       1212        266          0          0      41875   vatek_encoder.o
       688         14          0          0          9       6998   vatek_hms.o
      5270       1914        367          0          0       9502   vatek_modulator.o
       408          0          0          0          0       4467   vatek_phy.o
       870         18          0          0          0       8864   vatek_porting_i2c.o
       266         10          0          0          0       4720   vatek_porting_system.o
       438         22          0         24          0       3690   vatek_psitable.o
       162          0          0          0          0       2111   vatek_rf.o
      4744       2516        739        980          0      10064   vatek_sample_broadcast_via_h1_vatek.o
       336         22          0          0          0       3838   vatek_system.o
      2182        876        103          0          0       5106   vatek_tsmux.o
        32          4          0          1          0        875   vatek_userdata.o

    ----------------------------------------------------------------------
     48950       8602       3740       1416      20684     786832   Object Totals
         0          0         32          0          0          0   (incl. Generated)
        72          0         11         16          7          0   (incl. Padding)

    ----------------------------------------------------------------------

      Code (inc. data)   RO Data    RW Data    ZI Data      Debug   Library Member Name

        86          0          0          0          0          0   __dczerorl2.o
         0          0          0          0          0          0   entry.o
         0          0          0          0          0          0   entry10a.o
         0          0          0          0          0          0   entry11a.o
         4          0          0          0          0          0   entry12b.o
         8          4          0          0          0          0   entry2.o
         4          0          0          0          0          0   entry5.o
         0          0          0          0          0          0   entry7b.o
         0          0          0          0          0          0   entry8b.o
         8          4          0          0          0          0   entry9a.o
        30          0          0          0          0          0   handlers.o
        36          8          0          0          0         68   init.o
        30          0          0          0          0         68   llshl.o
        32          0          0          0          0         68   llushr.o
       188         20          0          0          0        160   malloc.o
        26          0          0          0          0         80   memcmp.o
        36          0          0          0          0         68   memcpya.o
        36          0          0          0          0        108   memseta.o
         0          0          0          8          0          0   mvars.o
      1142         54          0          0          0        352   printf8.o
         0          0          0          4          0          0   stdout.o
        98          0          0          0          0         92   uldiv.o

    ----------------------------------------------------------------------
      1770         90          0         12          0       1064   Library Totals
         6          0          0          0          0          0   (incl. Padding)

    ----------------------------------------------------------------------

      Code (inc. data)   RO Data    RW Data    ZI Data      Debug   Library Name

      1764         90          0         12          0       1064   mc_w.l

    ----------------------------------------------------------------------
      1770         90          0         12          0       1064   Library Totals

    ----------------------------------------------------------------------

==============================================================================


      Code (inc. data)   RO Data    RW Data    ZI Data      Debug   

     50720       8692       3740       1428      20684     754360   Grand Totals
     50720       8692       3740        360      20684     754360   ELF Image Totals (compressed)
     50720       8692       3740        360          0          0   ROM Totals

==============================================================================

    Total RO  Size (Code + RO Data)                54460 (  53.18kB)
    Total RW  Size (RW Data + ZI Data)             22112 (  21.59kB)
    Total ROM Size (Code + RO Data + RW Data)      54820 (  53.54kB)

==============================================================================

