Component: ARM Compiler 5.06 update 7 (build 960) Tool: armlink [4d3601]

==============================================================================

Section Cross References

    startup_stm32f401xc.o(RESET) refers to startup_stm32f401xc.o(STACK) for __initial_sp
    startup_stm32f401xc.o(RESET) refers to startup_stm32f401xc.o(.text) for Reset_Handler
    startup_stm32f401xc.o(RESET) refers to stm32f4xx_it.o(i.NMI_Handler) for NMI_Handler
    startup_stm32f401xc.o(RESET) refers to stm32f4xx_it.o(i.HardFault_Handler) for HardFault_Handler
    startup_stm32f401xc.o(RESET) refers to stm32f4xx_it.o(i.MemManage_Handler) for MemManage_Handler
    startup_stm32f401xc.o(RESET) refers to stm32f4xx_it.o(i.BusFault_Handler) for BusFault_Handler
    startup_stm32f401xc.o(RESET) refers to stm32f4xx_it.o(i.UsageFault_Handler) for UsageFault_Handler
    startup_stm32f401xc.o(RESET) refers to stm32f4xx_it.o(i.SVC_Handler) for SVC_Handler
    startup_stm32f401xc.o(RESET) refers to stm32f4xx_it.o(i.DebugMon_Handler) for DebugMon_Handler
    startup_stm32f401xc.o(RESET) refers to stm32f4xx_it.o(i.PendSV_Handler) for PendSV_Handler
    startup_stm32f401xc.o(RESET) refers to stm32f4xx_it.o(i.SysTick_Handler) for SysTick_Handler
    startup_stm32f401xc.o(RESET) refers to stm32f4xx_it.o(i.USART1_IRQHandler) for USART1_IRQHandler
    startup_stm32f401xc.o(RESET) refers to stm32f4xx_it.o(i.OTG_FS_IRQHandler) for OTG_FS_IRQHandler
    startup_stm32f401xc.o(.text) refers to system_stm32f4xx.o(i.SystemInit) for SystemInit
    startup_stm32f401xc.o(.text) refers to entry.o(.ARM.Collect$$$$00000000) for __main
    vatek_encoder.o(i.encoder_ae_setparm) refers to vatek_system.o(i.vatek_system_gettick) for vatek_system_gettick
    vatek_encoder.o(i.encoder_ae_setparm) refers to printf8.o(i.__0printf$8) for __2printf
    vatek_encoder.o(i.encoder_ae_setparm) refers to vatek_hms.o(i.vatek_hms_write_hal) for vatek_hms_write_hal
    vatek_encoder.o(i.encoder_ae_setparm) refers to vatek_hms.o(i.vatek_hms_read_hal) for vatek_hms_read_hal
    vatek_encoder.o(i.encoder_ae_setparm) refers to vatek_encoder.o(.constdata) for __func__
    vatek_encoder.o(i.encoder_ai_setparm) refers to vatek_system.o(i.vatek_system_gettick) for vatek_system_gettick
    vatek_encoder.o(i.encoder_ai_setparm) refers to printf8.o(i.__0printf$8) for __2printf
    vatek_encoder.o(i.encoder_ai_setparm) refers to vatek_hms.o(i.vatek_hms_write_hal) for vatek_hms_write_hal
    vatek_encoder.o(i.encoder_ai_setparm) refers to vatek_encoder.o(.constdata) for __func__
    vatek_encoder.o(i.encoder_logo_setparm) refers to vatek_system.o(i.vatek_system_gettick) for vatek_system_gettick
    vatek_encoder.o(i.encoder_logo_setparm) refers to printf8.o(i.__0printf$8) for __2printf
    vatek_encoder.o(i.encoder_logo_setparm) refers to vatek_hms.o(i.vatek_hms_write_hal) for vatek_hms_write_hal
    vatek_encoder.o(i.encoder_logo_setparm) refers to vatek_encoder.o(.constdata) for __func__
    vatek_encoder.o(i.encoder_mux_setparm) refers to vatek_hms.o(i.vatek_hms_write_hal) for vatek_hms_write_hal
    vatek_encoder.o(i.encoder_quality_setparm) refers to vatek_system.o(i.vatek_system_gettick) for vatek_system_gettick
    vatek_encoder.o(i.encoder_quality_setparm) refers to printf8.o(i.__0printf$8) for __2printf
    vatek_encoder.o(i.encoder_quality_setparm) refers to vatek_hms.o(i.vatek_hms_write_hal) for vatek_hms_write_hal
    vatek_encoder.o(i.encoder_quality_setparm) refers to vatek_encoder.o(.constdata) for __func__
    vatek_encoder.o(i.encoder_ve_setparm) refers to vatek_system.o(i.vatek_system_gettick) for vatek_system_gettick
    vatek_encoder.o(i.encoder_ve_setparm) refers to printf8.o(i.__0printf$8) for __2printf
    vatek_encoder.o(i.encoder_ve_setparm) refers to vatek_hms.o(i.vatek_hms_write_hal) for vatek_hms_write_hal
    vatek_encoder.o(i.encoder_ve_setparm) refers to vatek_hms.o(i.vatek_hms_read_hal) for vatek_hms_read_hal
    vatek_encoder.o(i.encoder_ve_setparm) refers to vatek_encoder.o(.constdata) for __func__
    vatek_encoder.o(i.encoder_vi_setparm) refers to vatek_system.o(i.vatek_system_gettick) for vatek_system_gettick
    vatek_encoder.o(i.encoder_vi_setparm) refers to printf8.o(i.__0printf$8) for __2printf
    vatek_encoder.o(i.encoder_vi_setparm) refers to vatek_hms.o(i.vatek_hms_write_hal) for vatek_hms_write_hal
    vatek_encoder.o(i.encoder_vi_setparm) refers to vatek_encoder.o(.constdata) for __func__
    vatek_encoder.o(i.vatek_encoder_setencodeparm) refers to vatek_hms.o(i.vatek_hms_issystemidle) for vatek_hms_issystemidle
    vatek_encoder.o(i.vatek_encoder_setencodeparm) refers to vatek_encoder.o(i.encoder_ve_setparm) for encoder_ve_setparm
    vatek_encoder.o(i.vatek_encoder_setencodeparm) refers to vatek_system.o(i.vatek_system_gettick) for vatek_system_gettick
    vatek_encoder.o(i.vatek_encoder_setencodeparm) refers to printf8.o(i.__0printf$8) for __2printf
[...]
    TIM4_IRQHandler                          0x080001c7   Thumb Code     0  startup_stm32f401xc.o(.text)
    TIM5_IRQHandler                          0x080001c7   Thumb Code     0  startup_stm32f401xc.o(.text)
    USART2_IRQHandler                        0x080001c7   Thumb Code     0  startup_stm32f401xc.o(.text)
    USART6_IRQHandler                        0x080001c7   Thumb Code     0  startup_stm32f401xc.o(.text)
    WWDG_IRQHandler                          0x080001c7   Thumb Code     0  startup_stm32f401xc.o(.text)
    __aeabi_uldivmod                         0x080001d1   Thumb Code    98  uldiv.o(.text)
    __aeabi_memcpy                           0x08000233   Thumb Code    36  memcpya.o(.text)
    __aeabi_memcpy4                          0x08000233   Thumb Code     0  memcpya.o(.text)
    __aeabi_memcpy8                          0x08000233   Thumb Code     0  memcpya.o(.text)
    __aeabi_memset                           0x08000257   Thumb Code    14  memseta.o(.text)
    __aeabi_memset4                          0x08000257   Thumb Code     0  memseta.o(.text)
    __aeabi_memset8                          0x08000257   Thumb Code     0  memseta.o(.text)
    __aeabi_memclr                           0x08000265   Thumb Code     4  memseta.o(.text)
    __aeabi_memclr4                          0x08000265   Thumb Code     0  memseta.o(.text)
    __aeabi_memclr8                          0x08000265   Thumb Code     0  memseta.o(.text)
    _memset$wrapper                          0x08000269   Thumb Code    18  memseta.o(.text)
    memcmp                                   0x0800027b   Thumb Code    26  memcmp.o(.text)
    __aeabi_llsl                             0x08000295   Thumb Code    30  llshl.o(.text)
    _ll_shift_l                              0x08000295   Thumb Code     0  llshl.o(.text)
    __aeabi_llsr                             0x080002b3   Thumb Code    32  llushr.o(.text)
    _ll_ushift_r                             0x080002b3   Thumb Code     0  llushr.o(.text)
    __scatterload                            0x080002d5   Thumb Code    28  init.o(.text)
    __scatterload_rt2                        0x080002d5   Thumb Code     0  init.o(.text)
    __decompress                             0x080002f9   Thumb Code     0  __dczerorl2.o(.text)
    __decompress1                            0x080002f9   Thumb Code    86  __dczerorl2.o(.text)
    BusFault_Handler                         0x0800034f   Thumb Code     4  stm32f4xx_it.o(i.BusFault_Handler)
    DebugMon_Handler                         0x08000371   Thumb Code     2  stm32f4xx_it.o(i.DebugMon_Handler)
    Error_Handler                            0x08000373   Thumb Code     2  main.o(i.Error_Handler)
    HAL_DMA_Abort_IT                         0x080003a9   Thumb Code    40  stm32f4xx_hal_dma.o(i.HAL_DMA_Abort_IT)
    HAL_Delay                                0x080003d1   Thumb Code    36  stm32f4xx_hal.o(i.HAL_Delay)
    HAL_GPIO_Init                            0x080003f9   Thumb Code   436  stm32f4xx_hal_gpio.o(i.HAL_GPIO_Init)
    HAL_GPIO_WritePin                        0x080005cd   Thumb Code    12  stm32f4xx_hal_gpio.o(i.HAL_GPIO_WritePin)
    HAL_GetTick                              0x080005d9   Thumb Code     6  stm32f4xx_hal.o(i.HAL_GetTick)
    HAL_I2C_Init                             0x080005e5   Thumb Code   446  stm32f4xx_hal_i2c.o(i.HAL_I2C_Init)
    HAL_I2C_MspInit                          0x080007b5   Thumb Code   122  i2c.o(i.HAL_I2C_MspInit)
    HAL_IncTick                              0x0800083d   Thumb Code    16  stm32f4xx_hal.o(i.HAL_IncTick)
    HAL_Init                                 0x08000855   Thumb Code    54  stm32f4xx_hal.o(i.HAL_Init)
    HAL_InitTick                             0x08000891   Thumb Code    64  stm32f4xx_hal.o(i.HAL_InitTick)
    HAL_MspInit                              0x080008dd   Thumb Code    68  stm32f4xx_hal_msp.o(i.HAL_MspInit)
    HAL_NVIC_EnableIRQ                       0x08000925   Thumb Code    32  stm32f4xx_hal_cortex.o(i.HAL_NVIC_EnableIRQ)
    HAL_NVIC_SetPriority                     0x08000945   Thumb Code   124  stm32f4xx_hal_cortex.o(i.HAL_NVIC_SetPriority)
    HAL_NVIC_SetPriorityGrouping             0x080009c1   Thumb Code    32  stm32f4xx_hal_cortex.o(i.HAL_NVIC_SetPriorityGrouping)
    HAL_PCDEx_LPM_Callback                   0x080009e9   Thumb Code     2  stm32f4xx_hal_pcd_ex.o(i.HAL_PCDEx_LPM_Callback)
    HAL_PCDEx_SetRxFiFo                      0x080009eb   Thumb Code    10  stm32f4xx_hal_pcd_ex.o(i.HAL_PCDEx_SetRxFiFo)
    HAL_PCDEx_SetTxFiFo                      0x080009f5   Thumb Code    78  stm32f4xx_hal_pcd_ex.o(i.HAL_PCDEx_SetTxFiFo)
    HAL_PCD_ConnectCallback                  0x08000a43   Thumb Code    14  usbd_conf.o(i.HAL_PCD_ConnectCallback)
    HAL_PCD_DataInStageCallback              0x08000a51   Thumb Code    32  usbd_conf.o(i.HAL_PCD_DataInStageCallback)
    HAL_PCD_DataOutStageCallback             0x08000a71   Thumb Code    32  usbd_conf.o(i.HAL_PCD_DataOutStageCallback)
    HAL_PCD_DisconnectCallback               0x08000a91   Thumb Code    14  usbd_conf.o(i.HAL_PCD_DisconnectCallback)
    HAL_PCD_EP_Close                         0x08000a9f   Thumb Code   106  stm32f4xx_hal_pcd.o(i.HAL_PCD_EP_Close)
    HAL_PCD_EP_ClrStall                      0x08000b09   Thumb Code   124  stm32f4xx_hal_pcd.o(i.HAL_PCD_EP_ClrStall)
    HAL_PCD_EP_Open                          0x08000b85   Thumb Code   140  stm32f4xx_hal_pcd.o(i.HAL_PCD_EP_Open)
    HAL_PCD_EP_Receive                       0x08000c11   Thumb Code    88  stm32f4xx_hal_pcd.o(i.HAL_PCD_EP_Receive)
    HAL_PCD_EP_SetStall                      0x08000c69   Thumb Code   138  stm32f4xx_hal_pcd.o(i.HAL_PCD_EP_SetStall)
    HAL_PCD_EP_Transmit                      0x08000cf3   Thumb Code    90  stm32f4xx_hal_pcd.o(i.HAL_PCD_EP_Transmit)
    HAL_PCD_IRQHandler                       0x08000d4d   Thumb Code  1372  stm32f4xx_hal_pcd.o(i.HAL_PCD_IRQHandler)
    HAL_PCD_ISOINIncompleteCallback          0x080012a9   Thumb Code    18  usbd_conf.o(i.HAL_PCD_ISOINIncompleteCallback)
    HAL_PCD_ISOOUTIncompleteCallback         0x080012bb   Thumb Code    18  usbd_conf.o(i.HAL_PCD_ISOOUTIncompleteCallback)
    HAL_PCD_Init                             0x080012cd   Thumb Code   358  stm32f4xx_hal_pcd.o(i.HAL_PCD_Init)
    HAL_PCD_MspInit                          0x08001435   Thumb Code   160  usbd_conf.o(i.HAL_PCD_MspInit)
    HAL_PCD_ResetCallback                    0x080014dd   Thumb Code    36  usbd_conf.o(i.HAL_PCD_ResetCallback)
    HAL_PCD_ResumeCallback                   0x08001501   Thumb Code    14  usbd_conf.o(i.HAL_PCD_ResumeCallback)
    HAL_PCD_SOFCallback                      0x0800150f   Thumb Code    14  usbd_conf.o(i.HAL_PCD_SOFCallback)
    HAL_PCD_SetAddress                       0x0800151d   Thumb Code    54  stm32f4xx_hal_pcd.o(i.HAL_PCD_SetAddress)
    HAL_PCD_SetupStageCallback               0x08001553   Thumb Code    18  usbd_conf.o(i.HAL_PCD_SetupStageCallback)
    HAL_PCD_Start                            0x08001565   Thumb Code    74  stm32f4xx_hal_pcd.o(i.HAL_PCD_Start)
    HAL_PCD_SuspendCallback                  0x080015b1   Thumb Code    46  usbd_conf.o(i.HAL_PCD_SuspendCallback)
    HAL_RCCEx_PeriphCLKConfig                0x080015e5   Thumb Code   412  stm32f4xx_hal_rcc_ex.o(i.HAL_RCCEx_PeriphCLKConfig)
    HAL_RCC_ClockConfig                      0x08001799   Thumb Code   368  stm32f4xx_hal_rcc.o(i.HAL_RCC_ClockConfig)
    HAL_RCC_GetHCLKFreq                      0x0800191d   Thumb Code     6  stm32f4xx_hal_rcc.o(i.HAL_RCC_GetHCLKFreq)
    HAL_RCC_GetPCLK1Freq                     0x08001929   Thumb Code    22  stm32f4xx_hal_rcc.o(i.HAL_RCC_GetPCLK1Freq)
    HAL_RCC_GetPCLK2Freq                     0x08001949   Thumb Code    22  stm32f4xx_hal_rcc.o(i.HAL_RCC_GetPCLK2Freq)
    HAL_RCC_GetSysClockFreq                  0x08001969   Thumb Code   162  stm32f4xx_hal_rcc.o(i.HAL_RCC_GetSysClockFreq)
    HAL_RCC_OscConfig                        0x08001a19   Thumb Code  1152  stm32f4xx_hal_rcc.o(i.HAL_RCC_OscConfig)
    HAL_RTC_Init                             0x08001ea1   Thumb Code   212  stm32f4xx_hal_rtc.o(i.HAL_RTC_Init)
    HAL_RTC_MspInit                          0x08001f79   Thumb Code    16  rtc.o(i.HAL_RTC_MspInit)
    HAL_RTC_WaitForSynchro                   0x08001f91   Thumb Code    58  stm32f4xx_hal_rtc.o(i.HAL_RTC_WaitForSynchro)
    HAL_SPI_Init                             0x08001fcb   Thumb Code   140  stm32f4xx_hal_spi.o(i.HAL_SPI_Init)
    HAL_SPI_MspInit                          0x08002059   Thumb Code   234  spi.o(i.HAL_SPI_MspInit)
    HAL_SYSTICK_Config                       0x08002159   Thumb Code    52  stm32f4xx_hal_cortex.o(i.HAL_SYSTICK_Config)
    HAL_UART_ErrorCallback                   0x0800218d   Thumb Code     2  stm32f4xx_hal_uart.o(i.HAL_UART_ErrorCallback)
    HAL_UART_IRQHandler                      0x08002191   Thumb Code   336  stm32f4xx_hal_uart.o(i.HAL_UART_IRQHandler)
    HAL_UART_Init                            0x080022e5   Thumb Code   114  stm32f4xx_hal_uart.o(i.HAL_UART_Init)
    HAL_UART_MspInit                         0x08002359   Thumb Code   246  usart.o(i.HAL_UART_MspInit)
    HAL_UART_RxCpltCallback                  0x08002465   Thumb Code     2  stm32f4xx_hal_uart.o(i.HAL_UART_RxCpltCallback)
    HAL_UART_Transmit                        0x08002467   Thumb Code   216  stm32f4xx_hal_uart.o(i.HAL_UART_Transmit)
    HAL_UART_TxCpltCallback                  0x0800253f   Thumb Code     2  stm32f4xx_hal_uart.o(i.HAL_UART_TxCpltCallback)
    HardFault_Handler                        0x08002541   Thumb Code     4  stm32f4xx_it.o(i.HardFault_Handler)
    MX_GPIO_Init                             0x08002585   Thumb Code   352  gpio.o(i.MX_GPIO_Init)
    MX_I2C1_Init                             0x080026f5   Thumb Code    48  i2c.o(i.MX_I2C1_Init)
    MX_RTC_Init                              0x08002731   Thumb Code    42  rtc.o(i.MX_RTC_Init)
    MX_SPI1_Init                             0x08002765   Thumb Code    60  spi.o(i.MX_SPI1_Init)
    MX_SPI3_Init                             0x080027a9   Thumb Code    58  spi.o(i.MX_SPI3_Init)
    MX_USART1_UART_Init                      0x080027ed   Thumb Code    46  usart.o(i.MX_USART1_UART_Init)
    MX_USB_DEVICE_Init                       0x08002825   Thumb Code    60  usb_device.o(i.MX_USB_DEVICE_Init)
    MemManage_Handler                        0x08002871   Thumb Code     4  stm32f4xx_it.o(i.MemManage_Handler)
    NMI_Handler                              0x08002875   Thumb Code     2  stm32f4xx_it.o(i.NMI_Handler)
    OTG_FS_IRQHandler                        0x08002879   Thumb Code    10  stm32f4xx_it.o(i.OTG_FS_IRQHandler)
    PendSV_Handler                           0x08002b1f   Thumb Code     2  stm32f4xx_it.o(i.PendSV_Handler)
    RTC_EnterInitMode                        0x08002b21   Thumb Code    62  stm32f4xx_hal_rtc.o(i.RTC_EnterInitMode)
    SVC_Handler                              0x08002b5f   Thumb Code     2  stm32f4xx_it.o(i.SVC_Handler)
    SysTick_Handler                          0x08002b73   Thumb Code     8  stm32f4xx_it.o(i.SysTick_Handler)
    SystemClock_Config                       0x08002b7d   Thumb Code   206  main.o(i.SystemClock_Config)
    SystemInit                               0x08002c55   Thumb Code    24  system_stm32f4xx.o(i.SystemInit)
    USART1_IRQHandler                        0x08003229   Thumb Code    10  stm32f4xx_it.o(i.USART1_IRQHandler)
    USBD_CUSTOM_HID_ReceivePacket            0x08003387   Thumb Code    34  usbd_customhid.o(i.USBD_CUSTOM_HID_ReceivePacket)
    USBD_CUSTOM_HID_RegisterInterface        0x080033a9   Thumb Code    16  usbd_customhid.o(i.USBD_CUSTOM_HID_RegisterInterface)
    USBD_ClrClassConfig                      0x08003535   Thumb Code    28  usbd_core.o(i.USBD_ClrClassConfig)
    USBD_CtlContinueRx                       0x0800358f   Thumb Code    24  usbd_ioreq.o(i.USBD_CtlContinueRx)
    USBD_CtlContinueSendData                 0x080035a7   Thumb Code    24  usbd_ioreq.o(i.USBD_CtlContinueSendData)
    USBD_CtlError                            0x080035bf   Thumb Code    24  usbd_ctlreq.o(i.USBD_CtlError)
    USBD_CtlPrepareRx                        0x080035d7   Thumb Code    40  usbd_ioreq.o(i.USBD_CtlPrepareRx)
    USBD_CtlReceiveStatus                    0x080035ff   Thumb Code    26  usbd_ioreq.o(i.USBD_CtlReceiveStatus)
    USBD_CtlSendData                         0x08003619   Thumb Code    34  usbd_ioreq.o(i.USBD_CtlSendData)
    USBD_CtlSendStatus                       0x0800363b   Thumb Code    26  usbd_ioreq.o(i.USBD_CtlSendStatus)
    USBD_FS_ConfigStrDescriptor              0x08003655   Thumb Code    34  usbd_desc.o(i.USBD_FS_ConfigStrDescriptor)
    USBD_FS_DeviceDescriptor                 0x08003691   Thumb Code    10  usbd_desc.o(i.USBD_FS_DeviceDescriptor)
    USBD_FS_InterfaceStrDescriptor           0x080036a1   Thumb Code    34  usbd_desc.o(i.USBD_FS_InterfaceStrDescriptor)
    USBD_FS_LangIDStrDescriptor              0x080036e1   Thumb Code    10  usbd_desc.o(i.USBD_FS_LangIDStrDescriptor)
    USBD_FS_ManufacturerStrDescriptor        0x080036f1   Thumb Code    20  usbd_desc.o(i.USBD_FS_ManufacturerStrDescriptor)
    USBD_FS_ProductStrDescriptor             0x0800371d   Thumb Code    34  usbd_desc.o(i.USBD_FS_ProductStrDescriptor)
    USBD_FS_SerialStrDescriptor              0x08003765   Thumb Code    18  usbd_desc.o(i.USBD_FS_SerialStrDescriptor)
    USBD_GetString                           0x08003a3f   Thumb Code    84  usbd_ctlreq.o(i.USBD_GetString)
    USBD_Get_USB_Status                      0x08003a93   Thumb Code    44  usbd_conf.o(i.USBD_Get_USB_Status)
    USBD_Init                                0x08003abf   Thumb Code    68  usbd_core.o(i.USBD_Init)
    USBD_LL_ClearStallEP                     0x08003b03   Thumb Code    38  usbd_conf.o(i.USBD_LL_ClearStallEP)
    USBD_LL_CloseEP                          0x08003b29   Thumb Code    38  usbd_conf.o(i.USBD_LL_CloseEP)
    USBD_LL_DataInStage                      0x08003b4f   Thumb Code   230  usbd_core.o(i.USBD_LL_DataInStage)
    USBD_LL_DataOutStage                     0x08003c35   Thumb Code   146  usbd_core.o(i.USBD_LL_DataOutStage)
    USBD_LL_DevConnected                     0x08003cc7   Thumb Code     6  usbd_core.o(i.USBD_LL_DevConnected)
    USBD_LL_DevDisconnected                  0x08003ccd   Thumb Code    32  usbd_core.o(i.USBD_LL_DevDisconnected)
    USBD_LL_Init                             0x08003ced   Thumb Code   100  usbd_conf.o(i.USBD_LL_Init)
    USBD_LL_IsStallEP                        0x08003d55   Thumb Code    56  usbd_conf.o(i.USBD_LL_IsStallEP)
    USBD_LL_IsoINIncomplete                  0x08003d8d   Thumb Code     6  usbd_core.o(i.USBD_LL_IsoINIncomplete)
    USBD_LL_IsoOUTIncomplete                 0x08003d93   Thumb Code     6  usbd_core.o(i.USBD_LL_IsoOUTIncomplete)
    USBD_LL_OpenEP                           0x08003d99   Thumb Code    48  usbd_conf.o(i.USBD_LL_OpenEP)
    USBD_LL_PrepareReceive                   0x08003dc9   Thumb Code    48  usbd_conf.o(i.USBD_LL_PrepareReceive)
    USBD_LL_Reset                            0x08003df9   Thumb Code    90  usbd_core.o(i.USBD_LL_Reset)
    USBD_LL_Resume                           0x08003e53   Thumb Code    22  usbd_core.o(i.USBD_LL_Resume)
    USBD_LL_SOF                              0x08003e69   Thumb Code    34  usbd_core.o(i.USBD_LL_SOF)
    USBD_LL_SetSpeed                         0x08003e8b   Thumb Code     8  usbd_core.o(i.USBD_LL_SetSpeed)
    USBD_LL_SetUSBAddress                    0x08003e93   Thumb Code    38  usbd_conf.o(i.USBD_LL_SetUSBAddress)
    USBD_LL_SetupStage                       0x08003eb9   Thumb Code   118  usbd_core.o(i.USBD_LL_SetupStage)
    USBD_LL_StallEP                          0x08003f2f   Thumb Code    38  usbd_conf.o(i.USBD_LL_StallEP)
    USBD_LL_Start                            0x08003f55   Thumb Code    30  usbd_conf.o(i.USBD_LL_Start)
    USBD_LL_Suspend                          0x08003f73   Thumb Code    20  usbd_core.o(i.USBD_LL_Suspend)
    USBD_LL_Transmit                         0x08003f87   Thumb Code    48  usbd_conf.o(i.USBD_LL_Transmit)
    USBD_ParseSetupRequest                   0x08003fb7   Thumb Code    54  usbd_ctlreq.o(i.USBD_ParseSetupRequest)
    USBD_RegisterClass                       0x08003fed   Thumb Code    38  usbd_core.o(i.USBD_RegisterClass)
    USBD_RunTestMode                         0x08004013   Thumb Code     6  usbd_core.o(i.USBD_RunTestMode)
    USBD_SetClassConfig                      0x08004073   Thumb Code    32  usbd_core.o(i.USBD_SetClassConfig)
    USBD_Start                               0x080041a9   Thumb Code    12  usbd_core.o(i.USBD_Start)
    USBD_StdDevReq                           0x080041b5   Thumb Code   166  usbd_ctlreq.o(i.USBD_StdDevReq)
    USBD_StdEPReq                            0x0800425b   Thumb Code   554  usbd_ctlreq.o(i.USBD_StdEPReq)
    USBD_StdItfReq                           0x08004485   Thumb Code   126  usbd_ctlreq.o(i.USBD_StdItfReq)
    USB_ActivateEndpoint                     0x08004505   Thumb Code   202  stm32f4xx_ll_usb.o(i.USB_ActivateEndpoint)
    USB_ActivateSetup                        0x080045d5   Thumb Code    40  stm32f4xx_ll_usb.o(i.USB_ActivateSetup)
    USB_CoreInit                             0x080045fd   Thumb Code   128  stm32f4xx_ll_usb.o(i.USB_CoreInit)
    USB_DeactivateEndpoint                   0x080046cd   Thumb Code   318  stm32f4xx_ll_usb.o(i.USB_DeactivateEndpoint)
    USB_DevConnect                           0x08004819   Thumb Code    32  stm32f4xx_ll_usb.o(i.USB_DevConnect)
    USB_DevDisconnect                        0x08004839   Thumb Code    32  stm32f4xx_ll_usb.o(i.USB_DevDisconnect)
    USB_DevInit                              0x08004859   Thumb Code   472  stm32f4xx_ll_usb.o(i.USB_DevInit)
    USB_DisableGlobalInt                     0x08004a39   Thumb Code    14  stm32f4xx_ll_usb.o(i.USB_DisableGlobalInt)
    USB_EP0StartXfer                         0x08004a49   Thumb Code   468  stm32f4xx_ll_usb.o(i.USB_EP0StartXfer)
    USB_EP0_OutStart                         0x08004c21   Thumb Code   106  stm32f4xx_ll_usb.o(i.USB_EP0_OutStart)
    USB_EPClearStall                         0x08004c91   Thumb Code   142  stm32f4xx_ll_usb.o(i.USB_EPClearStall)
    USB_EPSetStall                           0x08004d1f   Thumb Code   154  stm32f4xx_ll_usb.o(i.USB_EPSetStall)
    USB_EPStartXfer                          0x08004db9   Thumb Code   832  stm32f4xx_ll_usb.o(i.USB_EPStartXfer)
    USB_EnableGlobalInt                      0x080050fd   Thumb Code    14  stm32f4xx_ll_usb.o(i.USB_EnableGlobalInt)
    USB_FlushRxFifo                          0x0800510d   Thumb Code    38  stm32f4xx_ll_usb.o(i.USB_FlushRxFifo)
    USB_FlushTxFifo                          0x08005139   Thumb Code    44  stm32f4xx_ll_usb.o(i.USB_FlushTxFifo)
    USB_GetDevSpeed                          0x08005169   Thumb Code    38  stm32f4xx_ll_usb.o(i.USB_GetDevSpeed)
    USB_GetMode                              0x0800518f   Thumb Code    10  stm32f4xx_ll_usb.o(i.USB_GetMode)
    USB_ReadDevAllInEpInterrupt              0x08005199   Thumb Code    20  stm32f4xx_ll_usb.o(i.USB_ReadDevAllInEpInterrupt)
    USB_ReadDevAllOutEpInterrupt             0x080051ad   Thumb Code    20  stm32f4xx_ll_usb.o(i.USB_ReadDevAllOutEpInterrupt)
    USB_ReadDevInEPInterrupt                 0x080051c1   Thumb Code    50  stm32f4xx_ll_usb.o(i.USB_ReadDevInEPInterrupt)
    USB_ReadDevOutEPInterrupt                0x080051f3   Thumb Code    26  stm32f4xx_ll_usb.o(i.USB_ReadDevOutEPInterrupt)
    USB_ReadInterrupts                       0x0800520d   Thumb Code    10  stm32f4xx_ll_usb.o(i.USB_ReadInterrupts)
    USB_ReadPacket                           0x08005217   Thumb Code    34  stm32f4xx_ll_usb.o(i.USB_ReadPacket)
    USB_SetCurrentMode                       0x08005239   Thumb Code    54  stm32f4xx_ll_usb.o(i.USB_SetCurrentMode)
    USB_SetDevAddress                        0x0800526f   Thumb Code    42  stm32f4xx_ll_usb.o(i.USB_SetDevAddress)
    USB_SetDevSpeed                          0x08005299   Thumb Code    18  stm32f4xx_ll_usb.o(i.USB_SetDevSpeed)
    USB_SetTurnaroundTime                    0x080052ad   Thumb Code   192  stm32f4xx_ll_usb.o(i.USB_SetTurnaroundTime)
    USB_WritePacket                          0x08005395   Thumb Code    60  stm32f4xx_ll_usb.o(i.USB_WritePacket)
    UsageFault_Handler                       0x080053d1   Thumb Code     4  stm32f4xx_it.o(i.UsageFault_Handler)
    __0printf$8                              0x080053d5   Thumb Code    22  printf8.o(i.__0printf$8)
    __1printf$8                              0x080053d5   Thumb Code     0  printf8.o(i.__0printf$8)
    __2printf                                0x080053d5   Thumb Code     0  printf8.o(i.__0printf$8)
    __scatterload_copy                       0x0800542d   Thumb Code    14  handlers.o(i.__scatterload_copy)
    __scatterload_null                       0x0800543b   Thumb Code     2  handlers.o(i.__scatterload_null)
    __scatterload_zeroinit                   0x0800543d   Thumb Code    14  handlers.o(i.__scatterload_zeroinit)
    ep9555e_create                           0x0800709d   Thumb Code   270  phy_ep9555e.o(i.ep9555e_create)
    ep9555e_enable                           0x080071fd   Thumb Code   104  phy_ep9555e.o(i.ep9555e_enable)
    ep9555e_get_audioinfo                    0x08007265   Thumb Code   146  phy_ep9555e.o(i.ep9555e_get_audioinfo)
    ep9555e_get_status                       0x08007309   Thumb Code    90  phy_ep9555e.o(i.ep9555e_get_status)
    ep9555e_get_videoinfo                    0x08007365   Thumb Code   212  phy_ep9555e.o(i.ep9555e_get_videoinfo)
    ep9555e_set_videoinfo                    0x08007485   Thumb Code    82  phy_ep9555e.o(i.ep9555e_set_videoinfo)
    fputc                                    0x080074d9   Thumb Code    22  usart.o(i.fputc)
    free                                     0x080074f5   Thumb Code    76  malloc.o(i.free)
    h1_create                                0x080077d1   Thumb Code   272  phy_h1.o(i.h1_create)
    h1_dump_reg                              0x08007929   Thumb Code   148  phy_h1.o(i.h1_dump_reg)
    h1_enable                                0x08007aa1   Thumb Code    46  phy_h1.o(i.h1_enable)
    h1_get_audioinfo                         0x08007ad5   Thumb Code   106  phy_h1.o(i.h1_get_audioinfo)
    h1_get_status                            0x08007b3f   Thumb Code    88  phy_h1.o(i.h1_get_status)
    h1_get_videoinfo                         0x08007b99   Thumb Code   340  phy_h1.o(i.h1_get_videoinfo)
    main                                     0x08008341   Thumb Code    54  main.o(i.main)
    malloc                                   0x0800837d   Thumb Code    92  malloc.o(i.malloc)
    r2_viavatek_create                       0x08009f69   Thumb Code    64  rf_r2_via_vatek.o(i.r2_viavatek_create)
    r2_viavatek_getstatus                    0x0800a00d   Thumb Code    82  rf_r2_via_vatek.o(i.r2_viavatek_getstatus)
    r2_viavatek_start                        0x0800a061   Thumb Code   140  rf_r2_via_vatek.o(i.r2_viavatek_start)
    sample_bc_broadcast                      0x0800a165   Thumb Code   124  vatek_sample_broadcast_via_h1.o(i.sample_bc_broadcast)
    sample_bc_broadcast_from_logo            0x0800a2d5   Thumb Code   554  vatek_sample_broadcast_via_h1.o(i.sample_bc_broadcast_from_logo)
    sample_bc_broadcast_from_phy             0x0800a655   Thumb Code   852  vatek_sample_broadcast_via_h1.o(i.sample_bc_broadcast_from_phy)
    sample_bc_broadcast_signalischange       0x0800ac2d   Thumb Code   340  vatek_sample_broadcast_via_h1.o(i.sample_bc_broadcast_signalischange)
    sample_bc_broadcast_stop                 0x0800afd5   Thumb Code   116  vatek_sample_broadcast_via_h1.o(i.sample_bc_broadcast_stop)
    sample_bc_init                           0x0800b105   Thumb Code   154  vatek_sample_broadcast_via_h1.o(i.sample_bc_init)
    sample_bc_polling                        0x0800b295   Thumb Code   308  vatek_sample_broadcast_via_h1.o(i.sample_bc_polling)
    set_output_timing                        0x0800b5df   Thumb Code   136  phy_h1.o(i.set_output_timing)
    tool_hdmi_get_vid                        0x0800ba31   Thumb Code    78  tool_hdmi.o(i.tool_hdmi_get_vid)
    tool_hdmi_get_videoinfo                  0x0800ba85   Thumb Code   178  tool_hdmi.o(i.tool_hdmi_get_videoinfo)
    uart_cmdline_get_interface               0x0800c20d   Thumb Code    16  uart_cmdline.o(i.uart_cmdline_get_interface)
    vatek_broadcast_bcstatus                 0x0800c221   Thumb Code    36  vatek_broadcast.o(i.vatek_broadcast_bcstatus)
    vatek_broadcast_chipstatus               0x0800c245   Thumb Code   220  vatek_broadcast.o(i.vatek_broadcast_chipstatus)
    vatek_broadcast_create                   0x0800c339   Thumb Code    68  vatek_broadcast.o(i.vatek_broadcast_create)
    vatek_broadcast_encoder_setencodeparm    0x0800c37d   Thumb Code    90  vatek_broadcast.o(i.vatek_broadcast_encoder_setencodeparm)
    vatek_broadcast_encoder_setinputparm_logo 0x0800c3e5   Thumb Code    30  vatek_broadcast.o(i.vatek_broadcast_encoder_setinputparm_logo)
    vatek_broadcast_encoder_setinputparm_phy 0x0800c403   Thumb Code    50  vatek_broadcast.o(i.vatek_broadcast_encoder_setinputparm_phy)
    vatek_broadcast_encoder_setmuxparm       0x0800c435   Thumb Code    28  vatek_broadcast.o(i.vatek_broadcast_encoder_setmuxparm)
    vatek_broadcast_encoder_setqualityparm   0x0800c451   Thumb Code    42  vatek_broadcast.o(i.vatek_broadcast_encoder_setqualityparm)
    vatek_broadcast_modulator_setparm        0x0800c47b   Thumb Code    44  vatek_broadcast.o(i.vatek_broadcast_modulator_setparm)
    vatek_broadcast_psispec_default_config   0x0800c4a7   Thumb Code    36  vatek_broadcast.o(i.vatek_broadcast_psispec_default_config)
    vatek_broadcast_psispec_default_init     0x0800c4cb   Thumb Code    36  vatek_broadcast.o(i.vatek_broadcast_psispec_default_init)
    vatek_broadcast_psispec_default_start    0x0800c4ef   Thumb Code    20  vatek_broadcast.o(i.vatek_broadcast_psispec_default_start)
    vatek_broadcast_psitable_register        0x0800c503   Thumb Code    30  vatek_broadcast.o(i.vatek_broadcast_psitable_register)
    vatek_broadcast_reset                    0x0800c521   Thumb Code    30  vatek_broadcast.o(i.vatek_broadcast_reset)
    vatek_broadcast_start                    0x0800c541   Thumb Code   116  vatek_broadcast.o(i.vatek_broadcast_start)
    vatek_broadcast_tsmux_setparm            0x0800c5fd   Thumb Code    38  vatek_broadcast.o(i.vatek_broadcast_tsmux_setparm)
    vatek_encoder_setencodeparm              0x0800c625   Thumb Code   128  vatek_encoder.o(i.vatek_encoder_setencodeparm)
    vatek_encoder_setinputparm_logo          0x0800c711   Thumb Code    76  vatek_encoder.o(i.vatek_encoder_setinputparm_logo)
    vatek_encoder_setinputparm_phy           0x0800c79d   Thumb Code   126  vatek_encoder.o(i.vatek_encoder_setinputparm_phy)
    vatek_encoder_setmuxparm                 0x0800c889   Thumb Code   148  vatek_encoder.o(i.vatek_encoder_setmuxparm)
    vatek_encoder_setqualityparm             0x0800c9c5   Thumb Code   154  vatek_encoder.o(i.vatek_encoder_setqualityparm)
    vatek_hms_create                         0x0800cb05   Thumb Code    66  vatek_hms.o(i.vatek_hms_create)
    vatek_hms_issystemidle                   0x0800cb49   Thumb Code    70  vatek_hms.o(i.vatek_hms_issystemidle)
    vatek_hms_read_hal                       0x0800cb95   Thumb Code   132  vatek_hms.o(i.vatek_hms_read_hal)
    vatek_hms_read_reg                       0x0800cc1d   Thumb Code   132  vatek_hms.o(i.vatek_hms_read_reg)
    vatek_hms_reset                          0x0800cca5   Thumb Code    36  vatek_hms.o(i.vatek_hms_reset)
    vatek_hms_write_hal                      0x0800ccc9   Thumb Code    74  vatek_hms.o(i.vatek_hms_write_hal)
    vatek_hms_write_halbuf                   0x0800cd19   Thumb Code    98  vatek_hms.o(i.vatek_hms_write_halbuf)
    vatek_modulator_setparm                  0x0800cd7d   Thumb Code   218  vatek_modulator.o(i.vatek_modulator_setparm)
    vatek_phy_create                         0x0800ce95   Thumb Code   162  vatek_phy.o(i.vatek_phy_create)
    vatek_phy_dump_reg                       0x0800cf37   Thumb Code    14  vatek_phy.o(i.vatek_phy_dump_reg)
    vatek_phy_enable                         0x0800cf45   Thumb Code    60  vatek_phy.o(i.vatek_phy_enable)
    vatek_phy_getaudioinfo                   0x0800cf81   Thumb Code    62  vatek_phy.o(i.vatek_phy_getaudioinfo)
    vatek_phy_getvideoinfo                   0x0800cfbf   Thumb Code    62  vatek_phy.o(i.vatek_phy_getvideoinfo)
    vatek_phy_status                         0x0800cffd   Thumb Code    62  vatek_phy.o(i.vatek_phy_status)
    vatek_porting_i2c_read                   0x0800d03d   Thumb Code   300  vatek_porting_i2c.o(i.vatek_porting_i2c_read)
    vatek_porting_i2c_set_speed              0x0800d16d   Thumb Code     6  vatek_porting_i2c.o(i.vatek_porting_i2c_set_speed)
    vatek_porting_i2c_start                  0x0800d173   Thumb Code   130  vatek_porting_i2c.o(i.vatek_porting_i2c_start)
    vatek_porting_i2c_stop                   0x0800d1f5   Thumb Code    34  vatek_porting_i2c.o(i.vatek_porting_i2c_stop)
    vatek_porting_i2c_write                  0x0800d219   Thumb Code    80  vatek_porting_i2c.o(i.vatek_porting_i2c_write)
    vatek_porting_system_delay               0x0800d26d   Thumb Code    16  vatek_porting_system.o(i.vatek_porting_system_delay)
    vatek_porting_system_demodreset          0x0800d27d   Thumb Code    12  vatek_porting_system.o(i.vatek_porting_system_demodreset)
    vatek_porting_system_gettick             0x0800d289   Thumb Code    14  vatek_porting_system.o(i.vatek_porting_system_gettick)
    vatek_porting_system_mainreset           0x0800d299   Thumb Code    58  vatek_porting_system.o(i.vatek_porting_system_mainreset)
    vatek_porting_system_phyreset            0x0800d2d9   Thumb Code   132  vatek_porting_system.o(i.vatek_porting_system_phyreset)
    vatek_porting_system_rfreset             0x0800d361   Thumb Code    12  vatek_porting_system.o(i.vatek_porting_system_rfreset)
    vatek_porting_system_tunerreset          0x0800d36d   Thumb Code    12  vatek_porting_system.o(i.vatek_porting_system_tunerreset)
    vatek_psispec_default_config             0x0800d379   Thumb Code   230  vatek_psispec_default.o(i.vatek_psispec_default_config)
    vatek_psispec_default_init_br            0x0800d46d   Thumb Code   230  vatek_psispec_default.o(i.vatek_psispec_default_init_br)
    vatek_psispec_default_start              0x0800d565   Thumb Code    18  vatek_psispec_default.o(i.vatek_psispec_default_start)
    vatek_psitable_register                  0x0800d585   Thumb Code   102  vatek_psitable.o(i.vatek_psitable_register)
    vatek_rf_create                          0x0800d5eb   Thumb Code   120  vatek_rf.o(i.vatek_rf_create)
    vatek_rf_start                           0x0800d663   Thumb Code    42  vatek_rf.o(i.vatek_rf_start)
    vatek_system_delay                       0x0800d68d   Thumb Code    12  vatek_system.o(i.vatek_system_delay)
    vatek_system_gettick                     0x0800d699   Thumb Code     8  vatek_system.o(i.vatek_system_gettick)
    vatek_system_i2c_create                  0x0800d6a1   Thumb Code    66  vatek_system.o(i.vatek_system_i2c_create)
    vatek_system_i2c_destroy                 0x0800d6f9   Thumb Code    26  vatek_system.o(i.vatek_system_i2c_destroy)
    vatek_system_reset                       0x0800d713   Thumb Code   202  vatek_system.o(i.vatek_system_reset)
    vatek_tsmux_setparm                      0x0800d7dd   Thumb Code   234  vatek_tsmux.o(i.vatek_tsmux_setparm)
    vatek_userdata_setvideocodec             0x0800d981   Thumb Code    28  vatek_userdata.o(i.vatek_userdata_setvideocodec)
    h1_init_cmd_0                            0x0800e064   Data          28  phy_h1.o(.constdata)
    h1_init_cmd_1                            0x0800e080   Data          28  phy_h1.o(.constdata)
    AHBPrescTable                            0x0800e36f   Data          16  system_stm32f4xx.o(.constdata)
    APBPrescTable                            0x0800e37f   Data           8  system_stm32f4xx.o(.constdata)
    Region$$Table$$Base                      0x0800e72c   Number         0  anon$$obj.o(Region$$Table)
    Region$$Table$$Limit                     0x0800e74c   Number         0  anon$$obj.o(Region$$Table)
    read_bitrate                             0x200001f8   Data           4  vatek_broadcast.o(.data)
    read_datarate                            0x200001fc   Data           4  vatek_broadcast.o(.data)
    max_read_bitrate                         0x20000200   Data           4  vatek_broadcast.o(.data)
    max_read_datarate                        0x20000204   Data           4  vatek_broadcast.o(.data)
    read_chip_id                             0x20000208   Data           4  vatek_broadcast.o(.data)
    read_chip_fw_ver                         0x2000020c   Data           4  vatek_broadcast.o(.data)
    h1_rev                                   0x2000021c   Data           4  phy_h1.o(.data)
    PAT                                      0x20000241   Data         188  vatek_sample_broadcast_via_h1.o(.data)
    PMT                                      0x200002fd   Data         188  vatek_sample_broadcast_via_h1.o(.data)
    MGT                                      0x200003b9   Data         376  vatek_sample_broadcast_via_h1.o(.data)
    TVCT                                     0x20000531   Data         188  vatek_sample_broadcast_via_h1.o(.data)
    FS_Desc                                  0x2000061c   Data          28  usbd_desc.o(.data)
    USBD_FS_DeviceDesc                       0x20000638   Data          18  usbd_desc.o(.data)
    USBD_LangIDDesc                          0x2000064c   Data           4  usbd_desc.o(.data)
    USBD_StringSerial                        0x20000650   Data          26  usbd_desc.o(.data)
    USBD_CustomHID_fops_FS                   0x20000690   Data          16  usbd_custom_hid_if.o(.data)
    uwTick                                   0x200006a0   Data           4  stm32f4xx_hal.o(.data)
    uwTickPrio                               0x200006a4   Data           4  stm32f4xx_hal.o(.data)
    uwTickFreq                               0x200006a8   Data           1  stm32f4xx_hal.o(.data)
    SystemCoreClock                          0x200006ac   Data           4  system_stm32f4xx.o(.data)
    USBD_CUSTOM_HID                          0x200006b4   Data          56  usbd_customhid.o(.data)
    __stdout                                 0x20000788   Data           4  stdout.o(.data)
    __microlib_freelist                      0x2000078c   Data           4  mvars.o(.data)
    __microlib_freelist_initialised          0x20000790   Data           4  mvars.o(.data)
    hi2c1                                    0x200007a0   Data          84  i2c.o(.bss)
    hrtc                                     0x200007f4   Data          32  rtc.o(.bss)
    hspi1                                    0x20000814   Data          88  spi.o(.bss)
    hspi3                                    0x2000086c   Data          88  spi.o(.bss)
    huart1                                   0x200008c4   Data          64  usart.o(.bss)
    huart6                                   0x20000904   Data          64  usart.o(.bss)
    hUsbDeviceFS                             0x20000944   Data         720  usb_device.o(.bss)
    hpcd_USB_OTG_FS                          0x20000c14   Data        1032  usbd_conf.o(.bss)
    USBD_StrDesc                             0x2000101c   Data          64  usbd_desc.o(.bss)
    __heap_base                              0x20001060   Data           0  startup_stm32f401xc.o(HEAP)
    __heap_limit                             0x20005060   Data           0  startup_stm32f401xc.o(HEAP)
    __initial_sp                             0x20005860   Data           0  startup_stm32f401xc.o(STACK)



==============================================================================

Memory Map of the image

  Image Entry point : 0x08000195

  Load Region LR_IROM1 (Base: 0x08000000, Size: 0x0000eee0, Max: 0x00040000, ABSOLUTE, COMPRESSED[0x0000e9b0])

    Execution Region ER_IROM1 (Exec base: 0x08000000, Load base: 0x08000000, Size: 0x0000e74c, Max: 0x00040000, ABSOLUTE)

    Exec Addr    Load Addr    Size         Type   Attr      Idx    E Section Name        Object

    0x08000000   0x08000000   0x00000194   Data   RO            3    RESET               startup_stm32f401xc.o
    0x08000194   0x08000194   0x00000000   Code   RO         6690  * .ARM.Collect$$$$00000000  mc_w.l(entry.o)
    0x08000194   0x08000194   0x00000004   Code   RO         7007    .ARM.Collect$$$$00000001  mc_w.l(entry2.o)
    0x08000198   0x08000198   0x00000004   Code   RO         7010    .ARM.Collect$$$$00000004  mc_w.l(entry5.o)
    0x0800019c   0x0800019c   0x00000000   Code   RO         7012    .ARM.Collect$$$$00000008  mc_w.l(entry7b.o)
    0x0800019c   0x0800019c   0x00000000   Code   RO         7014    .ARM.Collect$$$$0000000A  mc_w.l(entry8b.o)
    0x0800019c   0x0800019c   0x00000008   Code   RO         7015    .ARM.Collect$$$$0000000B  mc_w.l(entry9a.o)
    0x080001a4   0x080001a4   0x00000004   Code   RO         7022    .ARM.Collect$$$$0000000E  mc_w.l(entry12b.o)
    0x080001a8   0x080001a8   0x00000000   Code   RO         7017    .ARM.Collect$$$$0000000F  mc_w.l(entry10a.o)
    0x080001a8   0x080001a8   0x00000000   Code   RO         7019    .ARM.Collect$$$$00000011  mc_w.l(entry11a.o)
    0x080001a8   0x080001a8   0x00000004   Code   RO         7008    .ARM.Collect$$$$00002712  mc_w.l(entry2.o)
    0x080001ac   0x080001ac   0x00000024   Code   RO            4    .text               startup_stm32f401xc.o
    0x080001d0   0x080001d0   0x00000062   Code   RO         6696    .text               mc_w.l(uldiv.o)
    0x08000232   0x08000232   0x00000024   Code   RO         6698    .text               mc_w.l(memcpya.o)
    0x08000256   0x08000256   0x00000024   Code   RO         6700    .text               mc_w.l(memseta.o)
    0x0800027a   0x0800027a   0x0000001a   Code   RO         6706    .text               mc_w.l(memcmp.o)
    0x08000294   0x08000294   0x0000001e   Code   RO         7026    .text               mc_w.l(llshl.o)
    0x080002b2   0x080002b2   0x00000020   Code   RO         7028    .text               mc_w.l(llushr.o)
    0x080002d2   0x080002d2   0x00000002   PAD
    0x080002d4   0x080002d4   0x00000024   Code   RO         7052    .text               mc_w.l(init.o)
    0x080002f8   0x080002f8   0x00000056   Code   RO         7098    .text               mc_w.l(__dczerorl2.o)
    0x0800034e   0x0800034e   0x00000004   Code   RO         2786    i.BusFault_Handler  stm32f4xx_it.o
    0x08000352   0x08000352   0x00000004   Code   RO         2746    i.CUSTOM_HID_DeInit_FS  usbd_custom_hid_if.o
    0x08000356   0x08000356   0x00000004   Code   RO         2747    i.CUSTOM_HID_Init_FS  usbd_custom_hid_if.o
    0x0800035a   0x0800035a   0x00000002   PAD
    0x0800035c   0x0800035c   0x00000014   Code   RO         2748    i.CUSTOM_HID_OutEvent_FS  usbd_custom_hid_if.o
    0x08000370   0x08000370   0x00000002   Code   RO         2787    i.DebugMon_Handler  stm32f4xx_it.o
    0x08000372   0x08000372   0x00000002   Code   RO         2121    i.Error_Handler     main.o
    0x08000374   0x08000374   0x00000034   Code   RO         2669    i.Get_SerialNum     usbd_desc.o
    0x080003a8   0x080003a8   0x00000028   Code   RO         4013    i.HAL_DMA_Abort_IT  stm32f4xx_hal_dma.o
    0x080003d0   0x080003d0   0x00000028   Code   RO         4460    i.HAL_Delay         stm32f4xx_hal.o
    0x080003f8   0x080003f8   0x000001d4   Code   RO         3905    i.HAL_GPIO_Init     stm32f4xx_hal_gpio.o
    0x080005cc   0x080005cc   0x0000000c   Code   RO         3909    i.HAL_GPIO_WritePin  stm32f4xx_hal_gpio.o
    0x080005d8   0x080005d8   0x0000000c   Code   RO         4466    i.HAL_GetTick       stm32f4xx_hal.o
    0x080005e4   0x080005e4   0x000001d0   Code   RO         4722    i.HAL_I2C_Init      stm32f4xx_hal_i2c.o
    0x080007b4   0x080007b4   0x00000088   Code   RO         2226    i.HAL_I2C_MspInit   i2c.o
    0x0800083c   0x0800083c   0x00000018   Code   RO         4472    i.HAL_IncTick       stm32f4xx_hal.o
    0x08000854   0x08000854   0x0000003c   Code   RO         4473    i.HAL_Init          stm32f4xx_hal.o
    0x08000890   0x08000890   0x0000004c   Code   RO         4474    i.HAL_InitTick      stm32f4xx_hal.o
    0x080008dc   0x080008dc   0x00000048   Code   RO         2874    i.HAL_MspInit       stm32f4xx_hal_msp.o
    0x08000924   0x08000924   0x00000020   Code   RO         4318    i.HAL_NVIC_EnableIRQ  stm32f4xx_hal_cortex.o
    0x08000944   0x08000944   0x0000007c   Code   RO         4324    i.HAL_NVIC_SetPriority  stm32f4xx_hal_cortex.o
    0x080009c0   0x080009c0   0x00000028   Code   RO         4325    i.HAL_NVIC_SetPriorityGrouping  stm32f4xx_hal_cortex.o
    0x080009e8   0x080009e8   0x00000002   Code   RO         3124    i.HAL_PCDEx_LPM_Callback  stm32f4xx_hal_pcd_ex.o
    0x080009ea   0x080009ea   0x0000000a   Code   RO         3125    i.HAL_PCDEx_SetRxFiFo  stm32f4xx_hal_pcd_ex.o
    0x080009f4   0x080009f4   0x0000004e   Code   RO         3126    i.HAL_PCDEx_SetTxFiFo  stm32f4xx_hal_pcd_ex.o
    0x08000a42   0x08000a42   0x0000000e   Code   RO         2474    i.HAL_PCD_ConnectCallback  usbd_conf.o
    0x08000a50   0x08000a50   0x00000020   Code   RO         2475    i.HAL_PCD_DataInStageCallback  usbd_conf.o
    0x08000a70   0x08000a70   0x00000020   Code   RO         2476    i.HAL_PCD_DataOutStageCallback  usbd_conf.o
    0x08000a90   0x08000a90   0x0000000e   Code   RO         2477    i.HAL_PCD_DisconnectCallback  usbd_conf.o
    0x08000a9e   0x08000a9e   0x0000006a   Code   RO         2907    i.HAL_PCD_EP_Close  stm32f4xx_hal_pcd.o
    0x08000b08   0x08000b08   0x0000007c   Code   RO         2908    i.HAL_PCD_EP_ClrStall  stm32f4xx_hal_pcd.o
    0x08000b84   0x08000b84   0x0000008c   Code   RO         2911    i.HAL_PCD_EP_Open   stm32f4xx_hal_pcd.o
    0x08000c10   0x08000c10   0x00000058   Code   RO         2912    i.HAL_PCD_EP_Receive  stm32f4xx_hal_pcd.o
    0x08000c68   0x08000c68   0x0000008a   Code   RO         2913    i.HAL_PCD_EP_SetStall  stm32f4xx_hal_pcd.o
    0x08000cf2   0x08000cf2   0x0000005a   Code   RO         2914    i.HAL_PCD_EP_Transmit  stm32f4xx_hal_pcd.o
    0x08000d4c   0x08000d4c   0x0000055c   Code   RO         2916    i.HAL_PCD_IRQHandler  stm32f4xx_hal_pcd.o
    0x080012a8   0x080012a8   0x00000012   Code   RO         2478    i.HAL_PCD_ISOINIncompleteCallback  usbd_conf.o
    0x080012ba   0x080012ba   0x00000012   Code   RO         2479    i.HAL_PCD_ISOOUTIncompleteCallback  usbd_conf.o
    0x080012cc   0x080012cc   0x00000166   Code   RO         2919    i.HAL_PCD_Init      stm32f4xx_hal_pcd.o
    0x08001432   0x08001432   0x00000002   PAD
    0x08001434   0x08001434   0x000000a8   Code   RO         2481    i.HAL_PCD_MspInit   usbd_conf.o
    0x080014dc   0x080014dc   0x00000024   Code   RO         2482    i.HAL_PCD_ResetCallback  usbd_conf.o
    0x08001500   0x08001500   0x0000000e   Code   RO         2483    i.HAL_PCD_ResumeCallback  usbd_conf.o
    0x0800150e   0x0800150e   0x0000000e   Code   RO         2484    i.HAL_PCD_SOFCallback  usbd_conf.o
    0x0800151c   0x0800151c   0x00000036   Code   RO         2925    i.HAL_PCD_SetAddress  stm32f4xx_hal_pcd.o
    0x08001552   0x08001552   0x00000012   Code   RO         2485    i.HAL_PCD_SetupStageCallback  usbd_conf.o
    0x08001564   0x08001564   0x0000004a   Code   RO         2927    i.HAL_PCD_Start     stm32f4xx_hal_pcd.o
    0x080015ae   0x080015ae   0x00000002   PAD
    0x080015b0   0x080015b0   0x00000034   Code   RO         2486    i.HAL_PCD_SuspendCallback  usbd_conf.o
    0x080015e4   0x080015e4   0x000001b4   Code   RO         3577    i.HAL_RCCEx_PeriphCLKConfig  stm32f4xx_hal_rcc_ex.o
    0x08001798   0x08001798   0x00000184   Code   RO         3472    i.HAL_RCC_ClockConfig  stm32f4xx_hal_rcc.o
    0x0800191c   0x0800191c   0x0000000c   Code   RO         3477    i.HAL_RCC_GetHCLKFreq  stm32f4xx_hal_rcc.o
    0x08001928   0x08001928   0x00000020   Code   RO         3479    i.HAL_RCC_GetPCLK1Freq  stm32f4xx_hal_rcc.o
    0x08001948   0x08001948   0x00000020   Code   RO         3480    i.HAL_RCC_GetPCLK2Freq  stm32f4xx_hal_rcc.o
    0x08001968   0x08001968   0x000000b0   Code   RO         3481    i.HAL_RCC_GetSysClockFreq  stm32f4xx_hal_rcc.o
    0x08001a18   0x08001a18   0x00000488   Code   RO         3484    i.HAL_RCC_OscConfig  stm32f4xx_hal_rcc.o
    0x08001ea0   0x08001ea0   0x000000d8   Code   RO         5216    i.HAL_RTC_Init      stm32f4xx_hal_rtc.o
    0x08001f78   0x08001f78   0x00000018   Code   RO         2268    i.HAL_RTC_MspInit   rtc.o
    0x08001f90   0x08001f90   0x0000003a   Code   RO         5224    i.HAL_RTC_WaitForSynchro  stm32f4xx_hal_rtc.o
    0x08001fca   0x08001fca   0x0000008c   Code   RO         5585    i.HAL_SPI_Init      stm32f4xx_hal_spi.o
    0x08002056   0x08002056   0x00000002   PAD
    0x08002058   0x08002058   0x00000100   Code   RO         2310    i.HAL_SPI_MspInit   spi.o
    0x08002158   0x08002158   0x00000034   Code   RO         4329    i.HAL_SYSTICK_Config  stm32f4xx_hal_cortex.o
    0x0800218c   0x0800218c   0x00000002   Code   RO         5953    i.HAL_UART_ErrorCallback  stm32f4xx_hal_uart.o
    0x0800218e   0x0800218e   0x00000002   PAD
    0x08002190   0x08002190   0x00000154   Code   RO         5956    i.HAL_UART_IRQHandler  stm32f4xx_hal_uart.o
    0x080022e4   0x080022e4   0x00000072   Code   RO         5957    i.HAL_UART_Init     stm32f4xx_hal_uart.o
    0x08002356   0x08002356   0x00000002   PAD
    0x08002358   0x08002358   0x0000010c   Code   RO         2358    i.HAL_UART_MspInit  usart.o
    0x08002464   0x08002464   0x00000002   Code   RO         5963    i.HAL_UART_RxCpltCallback  stm32f4xx_hal_uart.o
    0x08002466   0x08002466   0x000000d8   Code   RO         5965    i.HAL_UART_Transmit  stm32f4xx_hal_uart.o
    0x0800253e   0x0800253e   0x00000002   Code   RO         5968    i.HAL_UART_TxCpltCallback  stm32f4xx_hal_uart.o
    0x08002540   0x08002540   0x00000004   Code   RO         2788    i.HardFault_Handler  stm32f4xx_it.o
    0x08002544   0x08002544   0x0000003e   Code   RO         2670    i.IntToUnicode      usbd_desc.o
    0x08002582   0x08002582   0x00000002   PAD
    0x08002584   0x08002584   0x00000170   Code   RO         2198    i.MX_GPIO_Init      gpio.o
    0x080026f4   0x080026f4   0x0000003c   Code   RO         2227    i.MX_I2C1_Init      i2c.o
    0x08002730   0x08002730   0x00000034   Code   RO         2269    i.MX_RTC_Init       rtc.o
    0x08002764   0x08002764   0x00000044   Code   RO         2311    i.MX_SPI1_Init      spi.o
    0x080027a8   0x080027a8   0x00000044   Code   RO         2312    i.MX_SPI3_Init      spi.o
    0x080027ec   0x080027ec   0x00000038   Code   RO         2359    i.MX_USART1_UART_Init  usart.o
    0x08002824   0x08002824   0x0000004c   Code   RO         2417    i.MX_USB_DEVICE_Init  usb_device.o
    0x08002870   0x08002870   0x00000004   Code   RO         2789    i.MemManage_Handler  stm32f4xx_it.o
    0x08002874   0x08002874   0x00000002   Code   RO         2790    i.NMI_Handler       stm32f4xx_it.o
    0x08002876   0x08002876   0x00000002   PAD
    0x08002878   0x08002878   0x00000010   Code   RO         2791    i.OTG_FS_IRQHandler  stm32f4xx_it.o
    0x08002888   0x08002888   0x00000064   Code   RO         2930    i.PCD_EP_OutSetupPacket_int  stm32f4xx_hal_pcd.o
    0x080028ec   0x080028ec   0x0000017c   Code   RO         2931    i.PCD_EP_OutXfrComplete_int  stm32f4xx_hal_pcd.o
    0x08002a68   0x08002a68   0x000000b6   Code   RO         2932    i.PCD_WriteEmptyTxFifo  stm32f4xx_hal_pcd.o
    0x08002b1e   0x08002b1e   0x00000002   Code   RO         2792    i.PendSV_Handler    stm32f4xx_it.o
    0x08002b20   0x08002b20   0x0000003e   Code   RO         5227    i.RTC_EnterInitMode  stm32f4xx_hal_rtc.o
    0x08002b5e   0x08002b5e   0x00000002   Code   RO         2793    i.SVC_Handler       stm32f4xx_it.o
    0x08002b60   0x08002b60   0x00000012   Code   RO         6438    i.SWAPBYTE          usbd_ctlreq.o
    0x08002b72   0x08002b72   0x00000008   Code   RO         2794    i.SysTick_Handler   stm32f4xx_it.o
    0x08002b7a   0x08002b7a   0x00000002   PAD
    0x08002b7c   0x08002b7c   0x000000d8   Code   RO         2122    i.SystemClock_Config  main.o
    0x08002c54   0x08002c54   0x0000001c   Code   RO         6264    i.SystemInit        system_stm32f4xx.o
    0x08002c70   0x08002c70   0x00000014   Code   RO         5970    i.UART_DMAAbortOnError  stm32f4xx_hal_uart.o
    0x08002c84   0x08002c84   0x00000020   Code   RO         5980    i.UART_EndRxTransfer  stm32f4xx_hal_uart.o
    0x08002ca4   0x08002ca4   0x00000020   Code   RO         5981    i.UART_EndTransmit_IT  stm32f4xx_hal_uart.o
    0x08002cc4   0x08002cc4   0x000000a6   Code   RO         5983    i.UART_Receive_IT   stm32f4xx_hal_uart.o
    0x08002d6a   0x08002d6a   0x00000002   PAD
    0x08002d6c   0x08002d6c   0x000003e8   Code   RO         5984    i.UART_SetConfig    stm32f4xx_hal_uart.o
    0x08003154   0x08003154   0x00000068   Code   RO         5985    i.UART_Transmit_IT  stm32f4xx_hal_uart.o
    0x080031bc   0x080031bc   0x0000006c   Code   RO         5986    i.UART_WaitOnFlagUntilTimeout  stm32f4xx_hal_uart.o
    0x08003228   0x08003228   0x00000010   Code   RO         2795    i.USART1_IRQHandler  stm32f4xx_it.o
    0x08003238   0x08003238   0x0000000e   Code   RO         6601    i.USBD_CUSTOM_HID_DataIn  usbd_customhid.o
    0x08003246   0x08003246   0x00000024   Code   RO         6602    i.USBD_CUSTOM_HID_DataOut  usbd_customhid.o
    0x0800326a   0x0800326a   0x00000046   Code   RO         6603    i.USBD_CUSTOM_HID_DeInit  usbd_customhid.o
    0x080032b0   0x080032b0   0x00000022   Code   RO         6604    i.USBD_CUSTOM_HID_EP0_RxReady  usbd_customhid.o
    0x080032d2   0x080032d2   0x00000002   PAD
    0x080032d4   0x080032d4   0x00000010   Code   RO         6605    i.USBD_CUSTOM_HID_GetDeviceQualifierDesc  usbd_customhid.o
    0x080032e4   0x080032e4   0x00000010   Code   RO         6606    i.USBD_CUSTOM_HID_GetFSCfgDesc  usbd_customhid.o
    0x080032f4   0x080032f4   0x00000010   Code   RO         6607    i.USBD_CUSTOM_HID_GetHSCfgDesc  usbd_customhid.o
    0x08003304   0x08003304   0x00000010   Code   RO         6608    i.USBD_CUSTOM_HID_GetOtherSpeedCfgDesc  usbd_customhid.o
    0x08003314   0x08003314   0x00000072   Code   RO         6609    i.USBD_CUSTOM_HID_Init  usbd_customhid.o
    0x08003386   0x08003386   0x00000022   Code   RO         6610    i.USBD_CUSTOM_HID_ReceivePacket  usbd_customhid.o
    0x080033a8   0x080033a8   0x00000010   Code   RO         6611    i.USBD_CUSTOM_HID_RegisterInterface  usbd_customhid.o
    0x080033b8   0x080033b8   0x0000017c   Code   RO         6613    i.USBD_CUSTOM_HID_Setup  usbd_customhid.o
    0x08003534   0x08003534   0x0000001c   Code   RO         6300    i.USBD_ClrClassConfig  usbd_core.o
    0x08003550   0x08003550   0x0000003e   Code   RO         6439    i.USBD_ClrFeature   usbd_ctlreq.o
    0x0800358e   0x0800358e   0x00000018   Code   RO         6541    i.USBD_CtlContinueRx  usbd_ioreq.o
    0x080035a6   0x080035a6   0x00000018   Code   RO         6542    i.USBD_CtlContinueSendData  usbd_ioreq.o
    0x080035be   0x080035be   0x00000018   Code   RO         6440    i.USBD_CtlError     usbd_ctlreq.o
    0x080035d6   0x080035d6   0x00000028   Code   RO         6543    i.USBD_CtlPrepareRx  usbd_ioreq.o
    0x080035fe   0x080035fe   0x0000001a   Code   RO         6544    i.USBD_CtlReceiveStatus  usbd_ioreq.o
    0x08003618   0x08003618   0x00000022   Code   RO         6545    i.USBD_CtlSendData  usbd_ioreq.o
    0x0800363a   0x0800363a   0x0000001a   Code   RO         6546    i.USBD_CtlSendStatus  usbd_ioreq.o
    0x08003654   0x08003654   0x0000003c   Code   RO         2671    i.USBD_FS_ConfigStrDescriptor  usbd_desc.o
    0x08003690   0x08003690   0x00000010   Code   RO         2672    i.USBD_FS_DeviceDescriptor  usbd_desc.o
    0x080036a0   0x080036a0   0x00000040   Code   RO         2673    i.USBD_FS_InterfaceStrDescriptor  usbd_desc.o
    0x080036e0   0x080036e0   0x00000010   Code   RO         2674    i.USBD_FS_LangIDStrDescriptor  usbd_desc.o
    0x080036f0   0x080036f0   0x0000002c   Code   RO         2675    i.USBD_FS_ManufacturerStrDescriptor  usbd_desc.o
    0x0800371c   0x0800371c   0x00000048   Code   RO         2676    i.USBD_FS_ProductStrDescriptor  usbd_desc.o
    0x08003764   0x08003764   0x00000018   Code   RO         2677    i.USBD_FS_SerialStrDescriptor  usbd_desc.o
    0x0800377c   0x0800377c   0x00000056   Code   RO         6441    i.USBD_GetConfig    usbd_ctlreq.o
    0x080037d2   0x080037d2   0x000001fc   Code   RO         6442    i.USBD_GetDescriptor  usbd_ctlreq.o
    0x080039ce   0x080039ce   0x00000016   Code   RO         6443    i.USBD_GetLen       usbd_ctlreq.o
    0x080039e4   0x080039e4   0x0000005a   Code   RO         6444    i.USBD_GetStatus    usbd_ctlreq.o
    0x08003a3e   0x08003a3e   0x00000054   Code   RO         6445    i.USBD_GetString    usbd_ctlreq.o
    0x08003a92   0x08003a92   0x0000002c   Code   RO         2487    i.USBD_Get_USB_Status  usbd_conf.o
    0x08003abe   0x08003abe   0x00000044   Code   RO         6302    i.USBD_Init         usbd_core.o
    0x08003b02   0x08003b02   0x00000026   Code   RO         2488    i.USBD_LL_ClearStallEP  usbd_conf.o
    0x08003b28   0x08003b28   0x00000026   Code   RO         2489    i.USBD_LL_CloseEP   usbd_conf.o
    0x08003b4e   0x08003b4e   0x000000e6   Code   RO         6303    i.USBD_LL_DataInStage  usbd_core.o
    0x08003c34   0x08003c34   0x00000092   Code   RO         6304    i.USBD_LL_DataOutStage  usbd_core.o
    0x08003cc6   0x08003cc6   0x00000006   Code   RO         6305    i.USBD_LL_DevConnected  usbd_core.o
    0x08003ccc   0x08003ccc   0x00000020   Code   RO         6306    i.USBD_LL_DevDisconnected  usbd_core.o
    0x08003cec   0x08003cec   0x00000068   Code   RO         2494    i.USBD_LL_Init      usbd_conf.o
    0x08003d54   0x08003d54   0x00000038   Code   RO         2495    i.USBD_LL_IsStallEP  usbd_conf.o
    0x08003d8c   0x08003d8c   0x00000006   Code   RO         6307    i.USBD_LL_IsoINIncomplete  usbd_core.o
    0x08003d92   0x08003d92   0x00000006   Code   RO         6308    i.USBD_LL_IsoOUTIncomplete  usbd_core.o
    0x08003d98   0x08003d98   0x00000030   Code   RO         2496    i.USBD_LL_OpenEP    usbd_conf.o
    0x08003dc8   0x08003dc8   0x00000030   Code   RO         2497    i.USBD_LL_PrepareReceive  usbd_conf.o
    0x08003df8   0x08003df8   0x0000005a   Code   RO         6309    i.USBD_LL_Reset     usbd_core.o
    0x08003e52   0x08003e52   0x00000016   Code   RO         6310    i.USBD_LL_Resume    usbd_core.o
    0x08003e68   0x08003e68   0x00000022   Code   RO         6311    i.USBD_LL_SOF       usbd_core.o
    0x08003e8a   0x08003e8a   0x00000008   Code   RO         6312    i.USBD_LL_SetSpeed  usbd_core.o
    0x08003e92   0x08003e92   0x00000026   Code   RO         2498    i.USBD_LL_SetUSBAddress  usbd_conf.o
    0x08003eb8   0x08003eb8   0x00000076   Code   RO         6313    i.USBD_LL_SetupStage  usbd_core.o
    0x08003f2e   0x08003f2e   0x00000026   Code   RO         2499    i.USBD_LL_StallEP   usbd_conf.o
    0x08003f54   0x08003f54   0x0000001e   Code   RO         2500    i.USBD_LL_Start     usbd_conf.o
    0x08003f72   0x08003f72   0x00000014   Code   RO         6314    i.USBD_LL_Suspend   usbd_core.o
    0x08003f86   0x08003f86   0x00000030   Code   RO         2502    i.USBD_LL_Transmit  usbd_conf.o
    0x08003fb6   0x08003fb6   0x00000036   Code   RO         6446    i.USBD_ParseSetupRequest  usbd_ctlreq.o
    0x08003fec   0x08003fec   0x00000026   Code   RO         6315    i.USBD_RegisterClass  usbd_core.o
    0x08004012   0x08004012   0x00000006   Code   RO         6316    i.USBD_RunTestMode  usbd_core.o
    0x08004018   0x08004018   0x0000005a   Code   RO         6447    i.USBD_SetAddress   usbd_ctlreq.o
    0x08004072   0x08004072   0x00000020   Code   RO         6317    i.USBD_SetClassConfig  usbd_core.o
    0x08004092   0x08004092   0x00000002   PAD
    0x08004094   0x08004094   0x000000fc   Code   RO         6448    i.USBD_SetConfig    usbd_ctlreq.o
    0x08004190   0x08004190   0x00000018   Code   RO         6449    i.USBD_SetFeature   usbd_ctlreq.o
    0x080041a8   0x080041a8   0x0000000c   Code   RO         6318    i.USBD_Start        usbd_core.o
    0x080041b4   0x080041b4   0x000000a6   Code   RO         6450    i.USBD_StdDevReq    usbd_ctlreq.o
    0x0800425a   0x0800425a   0x0000022a   Code   RO         6451    i.USBD_StdEPReq     usbd_ctlreq.o
    0x08004484   0x08004484   0x0000007e   Code   RO         6452    i.USBD_StdItfReq    usbd_ctlreq.o
    0x08004502   0x08004502   0x00000002   PAD
    0x08004504   0x08004504   0x000000d0   Code   RO         3166    i.USB_ActivateEndpoint  stm32f4xx_ll_usb.o
    0x080045d4   0x080045d4   0x00000028   Code   RO         3168    i.USB_ActivateSetup  stm32f4xx_ll_usb.o
    0x080045fc   0x080045fc   0x00000084   Code   RO         3170    i.USB_CoreInit      stm32f4xx_ll_usb.o
    0x08004680   0x08004680   0x0000004c   Code   RO         3171    i.USB_CoreReset     stm32f4xx_ll_usb.o
    0x080046cc   0x080046cc   0x0000014c   Code   RO         3174    i.USB_DeactivateEndpoint  stm32f4xx_ll_usb.o
    0x08004818   0x08004818   0x00000020   Code   RO         3175    i.USB_DevConnect    stm32f4xx_ll_usb.o
    0x08004838   0x08004838   0x00000020   Code   RO         3176    i.USB_DevDisconnect  stm32f4xx_ll_usb.o
    0x08004858   0x08004858   0x000001e0   Code   RO         3177    i.USB_DevInit       stm32f4xx_ll_usb.o
    0x08004a38   0x08004a38   0x0000000e   Code   RO         3178    i.USB_DisableGlobalInt  stm32f4xx_ll_usb.o
    0x08004a46   0x08004a46   0x00000002   PAD
    0x08004a48   0x08004a48   0x000001d8   Code   RO         3181    i.USB_EP0StartXfer  stm32f4xx_ll_usb.o
    0x08004c20   0x08004c20   0x00000070   Code   RO         3182    i.USB_EP0_OutStart  stm32f4xx_ll_usb.o
    0x08004c90   0x08004c90   0x0000008e   Code   RO         3183    i.USB_EPClearStall  stm32f4xx_ll_usb.o
    0x08004d1e   0x08004d1e   0x0000009a   Code   RO         3184    i.USB_EPSetStall    stm32f4xx_ll_usb.o
    0x08004db8   0x08004db8   0x00000344   Code   RO         3185    i.USB_EPStartXfer   stm32f4xx_ll_usb.o
    0x080050fc   0x080050fc   0x0000000e   Code   RO         3186    i.USB_EnableGlobalInt  stm32f4xx_ll_usb.o
    0x0800510a   0x0800510a   0x00000002   PAD
    0x0800510c   0x0800510c   0x0000002c   Code   RO         3187    i.USB_FlushRxFifo   stm32f4xx_ll_usb.o
    0x08005138   0x08005138   0x00000030   Code   RO         3188    i.USB_FlushTxFifo   stm32f4xx_ll_usb.o
    0x08005168   0x08005168   0x00000026   Code   RO         3190    i.USB_GetDevSpeed   stm32f4xx_ll_usb.o
    0x0800518e   0x0800518e   0x0000000a   Code   RO         3192    i.USB_GetMode       stm32f4xx_ll_usb.o
    0x08005198   0x08005198   0x00000014   Code   RO         3199    i.USB_ReadDevAllInEpInterrupt  stm32f4xx_ll_usb.o
    0x080051ac   0x080051ac   0x00000014   Code   RO         3200    i.USB_ReadDevAllOutEpInterrupt  stm32f4xx_ll_usb.o
    0x080051c0   0x080051c0   0x00000032   Code   RO         3201    i.USB_ReadDevInEPInterrupt  stm32f4xx_ll_usb.o
    0x080051f2   0x080051f2   0x0000001a   Code   RO         3202    i.USB_ReadDevOutEPInterrupt  stm32f4xx_ll_usb.o
    0x0800520c   0x0800520c   0x0000000a   Code   RO         3203    i.USB_ReadInterrupts  stm32f4xx_ll_usb.o
    0x08005216   0x08005216   0x00000022   Code   RO         3204    i.USB_ReadPacket    stm32f4xx_ll_usb.o
    0x08005238   0x08005238   0x00000036   Code   RO         3206    i.USB_SetCurrentMode  stm32f4xx_ll_usb.o
    0x0800526e   0x0800526e   0x0000002a   Code   RO         3207    i.USB_SetDevAddress  stm32f4xx_ll_usb.o
    0x08005298   0x08005298   0x00000012   Code   RO         3208    i.USB_SetDevSpeed   stm32f4xx_ll_usb.o
    0x080052aa   0x080052aa   0x00000002   PAD
    0x080052ac   0x080052ac   0x000000e8   Code   RO         3209    i.USB_SetTurnaroundTime  stm32f4xx_ll_usb.o
    0x08005394   0x08005394   0x0000003c   Code   RO         3212    i.USB_WritePacket   stm32f4xx_ll_usb.o
    0x080053d0   0x080053d0   0x00000004   Code   RO         2796    i.UsageFault_Handler  stm32f4xx_it.o
    0x080053d4   0x080053d4   0x00000020   Code   RO         6923    i.__0printf$8       mc_w.l(printf8.o)
    0x080053f4   0x080053f4   0x00000010   Code   RO         4331    i.__NVIC_GetPriorityGrouping  stm32f4xx_hal_cortex.o
    0x08005404   0x08005404   0x00000028   Code   RO         4332    i.__NVIC_SetPriority  stm32f4xx_hal_cortex.o
    0x0800542c   0x0800542c   0x0000000e   Code   RO         7092    i.__scatterload_copy  mc_w.l(handlers.o)
    0x0800543a   0x0800543a   0x00000002   Code   RO         7093    i.__scatterload_null  mc_w.l(handlers.o)
    0x0800543c   0x0800543c   0x0000000e   Code   RO         7094    i.__scatterload_zeroinit  mc_w.l(handlers.o)
    0x0800544a   0x0800544a   0x00000002   PAD
    0x0800544c   0x0800544c   0x00000084   Code   RO          626    i._default_cli_dump_reg_all  uart_cmdline.o
    0x080054d0   0x080054d0   0x0000005c   Code   RO          627    i._default_cli_dump_reg_one  uart_cmdline.o
    0x0800552c   0x0800552c   0x00000002   Code   RO          628    i._default_cli_dump_reg_range  uart_cmdline.o
    0x0800552e   0x0800552e   0x00000002   PAD
    0x08005530   0x08005530   0x0000001c   Code   RO          629    i._default_cli_help  uart_cmdline.o
    0x0800554c   0x0800554c   0x00000002   Code   RO          630    i._default_cli_write_reg_one  uart_cmdline.o
    0x0800554e   0x0800554e   0x00000002   PAD
    0x08005550   0x08005550   0x00000404   Code   RO         6930    i._printf_core      mc_w.l(printf8.o)
    0x08005954   0x08005954   0x00000024   Code   RO         6931    i._printf_post_padding  mc_w.l(printf8.o)
    0x08005978   0x08005978   0x0000002e   Code   RO         6932    i._printf_pre_padding  mc_w.l(printf8.o)
    0x080059a6   0x080059a6   0x00000002   PAD
    0x080059a8   0x080059a8   0x00000078   Code   RO         1610    i._sample_setmodulator_parm  vatek_sample_broadcast_via_h1.o
    0x08005a20   0x08005a20   0x000001f6   Code   RO          287    i.abnt_format       vatek_psispec_default.o
    0x08005c16   0x08005c16   0x000001ee   Code   RO          288    i.arib_format       vatek_psispec_default.o
    0x08005e04   0x08005e04   0x00000026   Code   RO         1163    i.audioinfo_samplerate  phy_ep9555e.o
    0x08005e2a   0x08005e2a   0x000000f2   Code   RO         1164    i.autoset_videoinfo  phy_ep9555e.o
    0x08005f1c   0x08005f1c   0x0000007a   Code   RO          697    i.broadcast_ctrl    vatek_broadcast.o
    0x08005f96   0x08005f96   0x00000002   PAD
    0x08005f98   0x08005f98   0x000000cc   Code   RO          699    i.broadcast_getstatus  vatek_broadcast.o
    0x08006064   0x08006064   0x00000128   Code   RO          700    i.broadcast_reset   vatek_broadcast.o
    0x0800618c   0x0800618c   0x0000001e   Code   RO          289    i.buffer_align      vatek_psispec_default.o
    0x080061aa   0x080061aa   0x00000002   PAD
    0x080061ac   0x080061ac   0x00000100   Code   RO         1437    i.check_source      phy_h1.o
    0x080062ac   0x080062ac   0x00000124   Code   RO         1165    i.check_sourcevalid  phy_ep9555e.o
    0x080063d0   0x080063d0   0x000001c0   Code   RO          290    i.dvb_format        vatek_psispec_default.o
    0x08006590   0x08006590   0x00000078   Code   RO         1438    i.enable_vout       phy_h1.o
    0x08006608   0x08006608   0x000001a8   Code   RO           10    i.encoder_ae_setparm  vatek_encoder.o
    0x080067b0   0x080067b0   0x000000b4   Code   RO           11    i.encoder_ai_setparm  vatek_encoder.o
    0x08006864   0x08006864   0x00000284   Code   RO           12    i.encoder_logo_setparm  vatek_encoder.o
    0x08006ae8   0x08006ae8   0x00000032   Code   RO           13    i.encoder_mux_setparm  vatek_encoder.o
    0x08006b1a   0x08006b1a   0x00000002   PAD
    0x08006b1c   0x08006b1c   0x0000010c   Code   RO           14    i.encoder_quality_setparm  vatek_encoder.o
    0x08006c28   0x08006c28   0x00000150   Code   RO           15    i.encoder_ve_setparm  vatek_encoder.o
    0x08006d78   0x08006d78   0x00000324   Code   RO           16    i.encoder_vi_setparm  vatek_encoder.o
    0x0800709c   0x0800709c   0x00000160   Code   RO         1166    i.ep9555e_create    phy_ep9555e.o
    0x080071fc   0x080071fc   0x00000068   Code   RO         1168    i.ep9555e_enable    phy_ep9555e.o
    0x08007264   0x08007264   0x000000a4   Code   RO         1169    i.ep9555e_get_audioinfo  phy_ep9555e.o
    0x08007308   0x08007308   0x0000005a   Code   RO         1170    i.ep9555e_get_status  phy_ep9555e.o
    0x08007362   0x08007362   0x00000002   PAD
    0x08007364   0x08007364   0x00000120   Code   RO         1171    i.ep9555e_get_videoinfo  phy_ep9555e.o
    0x08007484   0x08007484   0x00000052   Code   RO         1174    i.ep9555e_set_videoinfo  phy_ep9555e.o
    0x080074d6   0x080074d6   0x00000002   PAD
    0x080074d8   0x080074d8   0x0000001c   Code   RO         2362    i.fputc             usart.o
    0x080074f4   0x080074f4   0x00000050   Code   RO         6977    i.free              mc_w.l(malloc.o)
    0x08007544   0x08007544   0x00000098   Code   RO         1439    i.get_h1_rev        phy_h1.o
    0x080075dc   0x080075dc   0x000000f4   Code   RO         1298    i.get_pixel         tool_hdmi.o
    0x080076d0   0x080076d0   0x00000094   Code   RO         1175    i.get_scaletiming   phy_ep9555e.o
    0x08007764   0x08007764   0x0000006a   Code   RO         1176    i.get_videotiming   phy_ep9555e.o
    0x080077ce   0x080077ce   0x00000002   PAD
    0x080077d0   0x080077d0   0x00000158   Code   RO         1441    i.h1_create         phy_h1.o
    0x08007928   0x08007928   0x00000178   Code   RO         1443    i.h1_dump_reg       phy_h1.o
    0x08007aa0   0x08007aa0   0x00000034   Code   RO         1444    i.h1_enable         phy_h1.o
    0x08007ad4   0x08007ad4   0x0000006a   Code   RO         1445    i.h1_get_audioinfo  phy_h1.o
    0x08007b3e   0x08007b3e   0x00000058   Code   RO         1446    i.h1_get_status     phy_h1.o
    0x08007b96   0x08007b96   0x00000002   PAD
    0x08007b98   0x08007b98   0x000001b8   Code   RO         1447    i.h1_get_videoinfo  phy_h1.o
    0x08007d50   0x08007d50   0x0000004e   Code   RO          141    i.hms_i2c_read      vatek_hms.o
    0x08007d9e   0x08007d9e   0x0000004e   Code   RO          142    i.hms_i2c_write     vatek_hms.o
    0x08007dec   0x08007dec   0x000000aa   Code   RO         1177    i.i2c_read          phy_ep9555e.o
    0x08007e96   0x08007e96   0x00000098   Code   RO         1452    i.i2c_read          phy_h1.o
    0x08007f2e   0x08007f2e   0x00000016   Code   RO         1453    i.i2c_reg_write     phy_h1.o
    0x08007f44   0x08007f44   0x00000084   Code   RO         1178    i.i2c_write         phy_ep9555e.o
    0x08007fc8   0x08007fc8   0x00000072   Code   RO         1454    i.i2c_write         phy_h1.o
    0x0800803a   0x0800803a   0x0000003e   Code   RO         1455    i.i2c_write_double_reg  phy_h1.o
    0x08008078   0x08008078   0x00000094   Code   RO         1179    i.is_hdcpauthenticate  phy_ep9555e.o
    0x0800810c   0x0800810c   0x00000038   Code   RO         1180    i.is_interrupt      phy_ep9555e.o
    0x08008144   0x08008144   0x000000c4   Code   RO          291    i.iso_format        vatek_psispec_default.o
    0x08008208   0x08008208   0x00000038   Code   RO         1870    i.ll_i2c_check_busy  vatek_porting_i2c.o
    0x08008240   0x08008240   0x0000001c   Code   RO         1871    i.ll_i2c_send_start  vatek_porting_i2c.o
    0x0800825c   0x0800825c   0x00000064   Code   RO         1872    i.ll_i2c_set_device_address  vatek_porting_i2c.o
    0x080082c0   0x080082c0   0x0000005c   Code   RO         1873    i.ll_i2c_wait_flag  vatek_porting_i2c.o
    0x0800831c   0x0800831c   0x00000012   Code   RO         1874    i.ll_i2c_wait_flag_clr  vatek_porting_i2c.o
    0x0800832e   0x0800832e   0x00000012   Code   RO         1875    i.ll_i2c_wait_flag_set  vatek_porting_i2c.o
    0x08008340   0x08008340   0x0000003c   Code   RO         2123    i.main              main.o
    0x0800837c   0x0800837c   0x0000006c   Code   RO         6978    i.malloc            mc_w.l(malloc.o)
    0x080083e8   0x080083e8   0x0000008c   Code   RO          225    i.modulator_atsc_setparm  vatek_modulator.o
    0x08008474   0x08008474   0x000001b4   Code   RO          226    i.modulator_base_setparm  vatek_modulator.o
    0x08008628   0x08008628   0x00000300   Code   RO          227    i.modulator_dtmb_setparm  vatek_modulator.o
    0x08008928   0x08008928   0x00000676   Code   RO          228    i.modulator_dvbt2_setparm  vatek_modulator.o
    0x08008f9e   0x08008f9e   0x00000002   PAD
    0x08008fa0   0x08008fa0   0x0000026c   Code   RO          229    i.modulator_dvbt_setparm  vatek_modulator.o
    0x0800920c   0x0800920c   0x00000350   Code   RO          230    i.modulator_isdbt_setparm  vatek_modulator.o
    0x0800955c   0x0800955c   0x000000b8   Code   RO          231    i.modulator_j83a_setparm  vatek_modulator.o
    0x08009614   0x08009614   0x000000a8   Code   RO          232    i.modulator_j83b_setparm  vatek_modulator.o
    0x080096bc   0x080096bc   0x000000ac   Code   RO          233    i.modulator_j83c_setparm  vatek_modulator.o
    0x08009768   0x08009768   0x000000e8   Code   RO         1456    i.output_bypass     phy_h1.o
    0x08009850   0x08009850   0x0000011c   Code   RO         1457    i.output_format     phy_h1.o
    0x0800996c   0x0800996c   0x00000060   Code   RO         1458    i.output_interlace  phy_h1.o
    0x080099cc   0x080099cc   0x00000060   Code   RO         1459    i.output_progressive  phy_h1.o
    0x08009a2c   0x08009a2c   0x00000094   Code   RO         1460    i.output_scale      phy_h1.o
    0x08009ac0   0x08009ac0   0x00000090   Code   RO          292    i.psi_format        vatek_psispec_default.o
    0x08009b50   0x08009b50   0x00000248   Code   RO          293    i.psip_format       vatek_psispec_default.o
    0x08009d98   0x08009d98   0x0000004c   Code   RO          400    i.psitable_register_end  vatek_psitable.o
    0x08009de4   0x08009de4   0x000000f4   Code   RO          401    i.psitable_register_put  vatek_psitable.o
    0x08009ed8   0x08009ed8   0x00000010   Code   RO          402    i.psitable_register_start  vatek_psitable.o
    0x08009ee8   0x08009ee8   0x00000080   Code   RO         1030    i.r2_viavatek_cmd   rf_r2_via_vatek.o
    0x08009f68   0x08009f68   0x00000040   Code   RO         1031    i.r2_viavatek_create  rf_r2_via_vatek.o
    0x08009fa8   0x08009fa8   0x00000064   Code   RO         1032    i.r2_viavatek_ctrl  rf_r2_via_vatek.o
    0x0800a00c   0x0800a00c   0x00000052   Code   RO         1034    i.r2_viavatek_getstatus  rf_r2_via_vatek.o
    0x0800a05e   0x0800a05e   0x00000002   PAD
    0x0800a060   0x0800a060   0x00000098   Code   RO         1037    i.r2_viavatek_start  rf_r2_via_vatek.o
    0x0800a0f8   0x0800a0f8   0x0000006a   Code   RO         1181    i.read_timing       phy_ep9555e.o
    0x0800a162   0x0800a162   0x00000002   PAD
    0x0800a164   0x0800a164   0x00000170   Code   RO         1611    i.sample_bc_broadcast  vatek_sample_broadcast_via_h1.o
    0x0800a2d4   0x0800a2d4   0x00000380   Code   RO         1612    i.sample_bc_broadcast_from_logo  vatek_sample_broadcast_via_h1.o
    0x0800a654   0x0800a654   0x000005d8   Code   RO         1613    i.sample_bc_broadcast_from_phy  vatek_sample_broadcast_via_h1.o
    0x0800ac2c   0x0800ac2c   0x000003a8   Code   RO         1614    i.sample_bc_broadcast_signalischange  vatek_sample_broadcast_via_h1.o
    0x0800afd4   0x0800afd4   0x00000130   Code   RO         1615    i.sample_bc_broadcast_stop  vatek_sample_broadcast_via_h1.o
    0x0800b104   0x0800b104   0x00000190   Code   RO         1616    i.sample_bc_init    vatek_sample_broadcast_via_h1.o
    0x0800b294   0x0800b294   0x000002d8   Code   RO         1617    i.sample_bc_polling  vatek_sample_broadcast_via_h1.o
    0x0800b56c   0x0800b56c   0x00000072   Code   RO         1461    i.set_output_format  phy_h1.o
    0x0800b5de   0x0800b5de   0x00000088   Code   RO         1462    i.set_output_timing  phy_h1.o
    0x0800b666   0x0800b666   0x00000002   PAD
    0x0800b668   0x0800b668   0x000000dc   Code   RO         1182    i.set_outputformat  phy_ep9555e.o
    0x0800b744   0x0800b744   0x00000240   Code   RO         1183    i.set_outputtiming  phy_ep9555e.o
    0x0800b984   0x0800b984   0x000000a0   Code   RO         1463    i.set_videoinfo     phy_h1.o
    0x0800ba24   0x0800ba24   0x0000000a   Code   RO         1184    i.swip_byte         phy_ep9555e.o
    0x0800ba2e   0x0800ba2e   0x00000002   PAD
    0x0800ba30   0x0800ba30   0x00000054   Code   RO         1299    i.tool_hdmi_get_vid  tool_hdmi.o
    0x0800ba84   0x0800ba84   0x000000b8   Code   RO         1300    i.tool_hdmi_get_videoinfo  tool_hdmi.o
    0x0800bb3c   0x0800bb3c   0x000001b0   Code   RO          555    i.tsmux_default_setparm  vatek_tsmux.o
    0x0800bcec   0x0800bcec   0x00000240   Code   RO          556    i.tsmux_iso13818_setparm  vatek_tsmux.o
    0x0800bf2c   0x0800bf2c   0x00000144   Code   RO          557    i.tsmux_pure_setparm  vatek_tsmux.o
    0x0800c070   0x0800c070   0x00000144   Code   RO          558    i.tsmux_rule_setparm  vatek_tsmux.o
    0x0800c1b4   0x0800c1b4   0x00000056   Code   RO          559    i.tsmux_transform_setparm  vatek_tsmux.o
    0x0800c20a   0x0800c20a   0x00000002   PAD
    0x0800c20c   0x0800c20c   0x00000014   Code   RO          632    i.uart_cmdline_get_interface  uart_cmdline.o
    0x0800c220   0x0800c220   0x00000024   Code   RO          701    i.vatek_broadcast_bcstatus  vatek_broadcast.o
    0x0800c244   0x0800c244   0x000000f4   Code   RO          702    i.vatek_broadcast_chipstatus  vatek_broadcast.o
    0x0800c338   0x0800c338   0x00000044   Code   RO          703    i.vatek_broadcast_create  vatek_broadcast.o
    0x0800c37c   0x0800c37c   0x00000068   Code   RO          705    i.vatek_broadcast_encoder_setencodeparm  vatek_broadcast.o
    0x0800c3e4   0x0800c3e4   0x0000001e   Code   RO          706    i.vatek_broadcast_encoder_setinputparm_logo  vatek_broadcast.o
    0x0800c402   0x0800c402   0x00000032   Code   RO          707    i.vatek_broadcast_encoder_setinputparm_phy  vatek_broadcast.o
    0x0800c434   0x0800c434   0x0000001c   Code   RO          708    i.vatek_broadcast_encoder_setmuxparm  vatek_broadcast.o
    0x0800c450   0x0800c450   0x0000002a   Code   RO          709    i.vatek_broadcast_encoder_setqualityparm  vatek_broadcast.o
    0x0800c47a   0x0800c47a   0x0000002c   Code   RO          713    i.vatek_broadcast_modulator_setparm  vatek_broadcast.o
    0x0800c4a6   0x0800c4a6   0x00000024   Code   RO          714    i.vatek_broadcast_psispec_default_config  vatek_broadcast.o
    0x0800c4ca   0x0800c4ca   0x00000024   Code   RO          715    i.vatek_broadcast_psispec_default_init  vatek_broadcast.o
    0x0800c4ee   0x0800c4ee   0x00000014   Code   RO          716    i.vatek_broadcast_psispec_default_start  vatek_broadcast.o
    0x0800c502   0x0800c502   0x0000001e   Code   RO          722    i.vatek_broadcast_psitable_register  vatek_broadcast.o
    0x0800c520   0x0800c520   0x0000001e   Code   RO          725    i.vatek_broadcast_reset  vatek_broadcast.o
    0x0800c53e   0x0800c53e   0x00000002   PAD
    0x0800c540   0x0800c540   0x000000bc   Code   RO          726    i.vatek_broadcast_start  vatek_broadcast.o
    0x0800c5fc   0x0800c5fc   0x00000026   Code   RO          728    i.vatek_broadcast_tsmux_setparm  vatek_broadcast.o
    0x0800c622   0x0800c622   0x00000002   PAD
    0x0800c624   0x0800c624   0x000000ec   Code   RO           17    i.vatek_encoder_setencodeparm  vatek_encoder.o
    0x0800c710   0x0800c710   0x0000008c   Code   RO           18    i.vatek_encoder_setinputparm_logo  vatek_encoder.o
    0x0800c79c   0x0800c79c   0x000000ec   Code   RO           19    i.vatek_encoder_setinputparm_phy  vatek_encoder.o
    0x0800c888   0x0800c888   0x0000013c   Code   RO           20    i.vatek_encoder_setmuxparm  vatek_encoder.o
    0x0800c9c4   0x0800c9c4   0x00000140   Code   RO           21    i.vatek_encoder_setqualityparm  vatek_encoder.o
    0x0800cb04   0x0800cb04   0x00000042   Code   RO          143    i.vatek_hms_create  vatek_hms.o
    0x0800cb46   0x0800cb46   0x00000002   PAD
    0x0800cb48   0x0800cb48   0x0000004c   Code   RO          145    i.vatek_hms_issystemidle  vatek_hms.o
    0x0800cb94   0x0800cb94   0x00000088   Code   RO          147    i.vatek_hms_read_hal  vatek_hms.o
    0x0800cc1c   0x0800cc1c   0x00000088   Code   RO          149    i.vatek_hms_read_reg  vatek_hms.o
    0x0800cca4   0x0800cca4   0x00000024   Code   RO          150    i.vatek_hms_reset   vatek_hms.o
    0x0800ccc8   0x0800ccc8   0x00000050   Code   RO          151    i.vatek_hms_write_hal  vatek_hms.o
    0x0800cd18   0x0800cd18   0x00000062   Code   RO          152    i.vatek_hms_write_halbuf  vatek_hms.o
    0x0800cd7a   0x0800cd7a   0x00000002   PAD
    0x0800cd7c   0x0800cd7c   0x00000118   Code   RO          234    i.vatek_modulator_setparm  vatek_modulator.o
    0x0800ce94   0x0800ce94   0x000000a2   Code   RO         1330    i.vatek_phy_create  vatek_phy.o
    0x0800cf36   0x0800cf36   0x0000000e   Code   RO         1332    i.vatek_phy_dump_reg  vatek_phy.o
    0x0800cf44   0x0800cf44   0x0000003c   Code   RO         1333    i.vatek_phy_enable  vatek_phy.o
    0x0800cf80   0x0800cf80   0x0000003e   Code   RO         1334    i.vatek_phy_getaudioinfo  vatek_phy.o
    0x0800cfbe   0x0800cfbe   0x0000003e   Code   RO         1336    i.vatek_phy_getvideoinfo  vatek_phy.o
    0x0800cffc   0x0800cffc   0x0000003e   Code   RO         1342    i.vatek_phy_status  vatek_phy.o
    0x0800d03a   0x0800d03a   0x00000002   PAD
    0x0800d03c   0x0800d03c   0x00000130   Code   RO         1876    i.vatek_porting_i2c_read  vatek_porting_i2c.o
    0x0800d16c   0x0800d16c   0x00000006   Code   RO         1877    i.vatek_porting_i2c_set_speed  vatek_porting_i2c.o
    0x0800d172   0x0800d172   0x00000082   Code   RO         1878    i.vatek_porting_i2c_start  vatek_porting_i2c.o
    0x0800d1f4   0x0800d1f4   0x00000022   Code   RO         1879    i.vatek_porting_i2c_stop  vatek_porting_i2c.o
    0x0800d216   0x0800d216   0x00000002   PAD
    0x0800d218   0x0800d218   0x00000054   Code   RO         1880    i.vatek_porting_i2c_write  vatek_porting_i2c.o
    0x0800d26c   0x0800d26c   0x00000010   Code   RO         1948    i.vatek_porting_system_delay  vatek_porting_system.o
    0x0800d27c   0x0800d27c   0x0000000c   Code   RO         1949    i.vatek_porting_system_demodreset  vatek_porting_system.o
    0x0800d288   0x0800d288   0x0000000e   Code   RO         1950    i.vatek_porting_system_gettick  vatek_porting_system.o
    0x0800d296   0x0800d296   0x00000002   PAD
    0x0800d298   0x0800d298   0x00000040   Code   RO         1951    i.vatek_porting_system_mainreset  vatek_porting_system.o
    0x0800d2d8   0x0800d2d8   0x00000088   Code   RO         1952    i.vatek_porting_system_phyreset  vatek_porting_system.o
    0x0800d360   0x0800d360   0x0000000c   Code   RO         1953    i.vatek_porting_system_rfreset  vatek_porting_system.o
    0x0800d36c   0x0800d36c   0x0000000c   Code   RO         1954    i.vatek_porting_system_tunerreset  vatek_porting_system.o
    0x0800d378   0x0800d378   0x000000f4   Code   RO          297    i.vatek_psispec_default_config  vatek_psispec_default.o
    0x0800d46c   0x0800d46c   0x000000f8   Code   RO          298    i.vatek_psispec_default_init_br  vatek_psispec_default.o
    0x0800d564   0x0800d564   0x00000020   Code   RO          302    i.vatek_psispec_default_start  vatek_psispec_default.o
    0x0800d584   0x0800d584   0x00000066   Code   RO          404    i.vatek_psitable_register  vatek_psitable.o
    0x0800d5ea   0x0800d5ea   0x00000078   Code   RO         1101    i.vatek_rf_create   vatek_rf.o
    0x0800d662   0x0800d662   0x0000002a   Code   RO         1106    i.vatek_rf_start    vatek_rf.o
    0x0800d68c   0x0800d68c   0x0000000c   Code   RO         2039    i.vatek_system_delay  vatek_system.o
    0x0800d698   0x0800d698   0x00000008   Code   RO         2040    i.vatek_system_gettick  vatek_system.o
    0x0800d6a0   0x0800d6a0   0x00000058   Code   RO         2043    i.vatek_system_i2c_create  vatek_system.o
    0x0800d6f8   0x0800d6f8   0x0000001a   Code   RO         2044    i.vatek_system_i2c_destroy  vatek_system.o
    0x0800d712   0x0800d712   0x000000ca   Code   RO         2045    i.vatek_system_reset  vatek_system.o
    0x0800d7dc   0x0800d7dc   0x000001a4   Code   RO          560    i.vatek_tsmux_setparm  vatek_tsmux.o
    0x0800d980   0x0800d980   0x00000020   Code   RO          598    i.vatek_userdata_setvideocodec  vatek_userdata.o
    0x0800d9a0   0x0800d9a0   0x0000010a   Data   RO           22    .constdata          vatek_encoder.o
    0x0800daaa   0x0800daaa   0x000000e9   Data   RO          235    .constdata          vatek_modulator.o
    0x0800db93   0x0800db93   0x00000067   Data   RO          561    .constdata          vatek_tsmux.o
    0x0800dbfa   0x0800dbfa   0x00000061   Data   RO          731    .constdata          vatek_broadcast.o
    0x0800dc5b   0x0800dc5b   0x00000012   Data   RO         1040    .constdata          rf_r2_via_vatek.o
    0x0800dc6d   0x0800dc6d   0x00000003   PAD
    0x0800dc70   0x0800dc70   0x00000264   Data   RO         1185    .constdata          phy_ep9555e.o
    0x0800ded4   0x0800ded4   0x00000190   Data   RO         1302    .constdata          tool_hdmi.o
    0x0800e064   0x0800e064   0x000001c8   Data   RO         1464    .constdata          phy_h1.o
    0x0800e22c   0x0800e22c   0x00000143   Data   RO         1620    .constdata          vatek_sample_broadcast_via_h1.o
    0x0800e36f   0x0800e36f   0x00000018   Data   RO         6265    .constdata          system_stm32f4xx.o
    0x0800e387   0x0800e387   0x00000001   PAD
    0x0800e388   0x0800e388   0x00000086   Data   RO          236    .conststring        vatek_modulator.o
    0x0800e40e   0x0800e40e   0x00000002   PAD
    0x0800e410   0x0800e410   0x00000043   Data   RO          732    .conststring        vatek_broadcast.o
    0x0800e453   0x0800e453   0x00000001   PAD
    0x0800e454   0x0800e454   0x00000047   Data   RO         1041    .conststring        rf_r2_via_vatek.o
    0x0800e49b   0x0800e49b   0x00000001   PAD
    0x0800e49c   0x0800e49c   0x00000085   Data   RO         1186    .conststring        phy_ep9555e.o
    0x0800e521   0x0800e521   0x00000003   PAD
    0x0800e524   0x0800e524   0x00000208   Data   RO         1621    .conststring        vatek_sample_broadcast_via_h1.o
    0x0800e72c   0x0800e72c   0x00000020   Data   RO         7090    Region$$Table       anon$$obj.o


    Execution Region RW_IRAM1 (Exec base: 0x20000000, Load base: 0x0800e74c, Size: 0x00005860, Max: 0x00010000, ABSOLUTE, COMPRESSED[0x00000264])

    Exec Addr    Load Addr    Size         Type   Attr      Idx    E Section Name        Object

    0x20000000   COMPRESSED   0x0000000c   Data   RW          305    .data               vatek_psispec_default.o
    0x2000000c   COMPRESSED   0x00000018   Data   RW          407    .data               vatek_psitable.o
    0x20000024   COMPRESSED   0x00000001   Data   RW          600    .data               vatek_userdata.o
    0x20000025   COMPRESSED   0x00000003   PAD
    0x20000028   COMPRESSED   0x000001d0   Data   RW          637    .data               uart_cmdline.o
    0x200001f8   COMPRESSED   0x00000018   Data   RW          733    .data               vatek_broadcast.o
    0x20000210   COMPRESSED   0x00000001   Data   RW         1187    .data               phy_ep9555e.o
    0x20000211   COMPRESSED   0x00000003   PAD
    0x20000214   COMPRESSED   0x00000014   Data   RW         1465    .data               phy_h1.o
    0x20000228   COMPRESSED   0x000003f4   Data   RW         1622    .data               vatek_sample_broadcast_via_h1.o
    0x2000061c   COMPRESSED   0x0000004e   Data   RW         2679    .data               usbd_desc.o
    0x2000066a   COMPRESSED   0x00000002   PAD
    0x2000066c   COMPRESSED   0x00000034   Data   RW         2749    .data               usbd_custom_hid_if.o
    0x200006a0   COMPRESSED   0x00000009   Data   RW         4480    .data               stm32f4xx_hal.o
    0x200006a9   COMPRESSED   0x00000003   PAD
    0x200006ac   COMPRESSED   0x00000004   Data   RW         6266    .data               system_stm32f4xx.o
    0x200006b0   COMPRESSED   0x00000001   Data   RW         6453    .data               usbd_ctlreq.o
    0x200006b1   COMPRESSED   0x00000003   PAD
    0x200006b4   COMPRESSED   0x000000d2   Data   RW         6614    .data               usbd_customhid.o
    0x20000786   COMPRESSED   0x00000002   PAD
    0x20000788   COMPRESSED   0x00000004   Data   RW         7023    .data               mc_w.l(stdout.o)
    0x2000078c   COMPRESSED   0x00000004   Data   RW         7030    .data               mc_w.l(mvars.o)
    0x20000790   COMPRESSED   0x00000004   Data   RW         7031    .data               mc_w.l(mvars.o)
    0x20000794        -       0x00000009   Zero   RW          154    .bss                vatek_hms.o
    0x2000079d   COMPRESSED   0x00000003   PAD
    0x200007a0        -       0x00000054   Zero   RW         2228    .bss                i2c.o
    0x200007f4        -       0x00000020   Zero   RW         2270    .bss                rtc.o
    0x20000814        -       0x000000b0   Zero   RW         2313    .bss                spi.o
    0x200008c4        -       0x00000080   Zero   RW         2363    .bss                usart.o
    0x20000944        -       0x000002d0   Zero   RW         2418    .bss                usb_device.o
    0x20000c14        -       0x00000408   Zero   RW         2503    .bss                usbd_conf.o
    0x2000101c        -       0x00000040   Zero   RW         2678    .bss                usbd_desc.o
    0x2000105c   COMPRESSED   0x00000004   PAD
    0x20001060        -       0x00004000   Zero   RW            2    HEAP                startup_stm32f401xc.o
    0x20005060        -       0x00000800   Zero   RW            1    STACK               startup_stm32f401xc.o


==============================================================================

Image component sizes


      Code (inc. data)   RO Data    RW Data    ZI Data      Debug   Object Name

       368         16          0          0          0       1139   gpio.o
       196         26          0          0         84       1669   i2c.o
       278         16          0          0          0       3580   main.o
      3324        526        745          1          0      25699   phy_ep9555e.o
      3550        586        456         20          0      22333   phy_h1.o
       526         16         89          0          0       4973   rf_r2_via_vatek.o
        76         18          0          0         32       1459   rtc.o
       392         40          0          0        176       2334   spi.o
        36          8        404          0      18432        848   startup_stm32f401xc.o
       212         36          0          9          0       9353   stm32f4xx_hal.o
       304         22          0          0          0      34555   stm32f4xx_hal_cortex.o
        40          0          0          0          0       1151   stm32f4xx_hal_dma.o
       480         32          0          0          0       2328   stm32f4xx_hal_gpio.o
       464         18          0          0          0       2067   stm32f4xx_hal_i2c.o
        72          4          0          0          0        858   stm32f4xx_hal_msp.o
      3206         14          0          0          0      12409   stm32f4xx_hal_pcd.o
        90          0          0          0          0       2485   stm32f4xx_hal_pcd_ex.o
      1800         84          0          0          0       5704   stm32f4xx_hal_rcc.o
       436         24          0          0          0       1440   stm32f4xx_hal_rcc_ex.o
       336          4          0          0          0       2668   stm32f4xx_hal_rtc.o
       140          0          0          0          0       1191   stm32f4xx_hal_spi.o
      2138         12          0          0          0       9963   stm32f4xx_hal_uart.o
        64         12          0          0          0       5242   stm32f4xx_it.o
      3782        102          0          0          0      23058   stm32f4xx_ll_usb.o
        28          4         24          4          0       1167   system_stm32f4xx.o
       512         12        400          0          0       3042   tool_hdmi.o
       276        118          0        464          0       5757   uart_cmdline.o
       352         38          0          0        128       2561   usart.o
        76         16          0          0        720       7306   usb_device.o
       960         18          0          0       1032      15412   usbd_conf.o
       902          0          0          0          0      13489   usbd_core.o
      2160         28          0          1          0      17112   usbd_ctlreq.o
        28          4          0         52          0       2204   usbd_custom_hid_if.o
       762         38          0        210          0      11426   usbd_customhid.o
       410        146          0         78         64       6781   usbd_desc.o
       174          0          0          0          0       4808   usbd_ioreq.o
      1646        288        164         24          0     390975   vatek_broadcast.o
      3954       1214        266          0          0      42639   vatek_encoder.o
       784         20          0          0          9       8175   vatek_hms.o
      5270       1914        367          0          0       9734   vatek_modulator.o
       422          0          0          0          0       5252   vatek_phy.o
       870         18          0          0          0       9152   vatek_porting_i2c.o
       266         10          0          0          0       4896   vatek_porting_system.o
      2922         50          0         12          0      11761   vatek_psispec_default.o
       438         22          0         24          0       3822   vatek_psitable.o
       162          0          0          0          0       2179   vatek_rf.o
      5248       2694        843       1012          0      11451   vatek_sample_broadcast_via_h1.o
         0          0          0          0          0     410316   vatek_sample_keypad_stm32f401.o
       336         22          0          0          0       3974   vatek_system.o
      2162        876        103          0          0       5238   vatek_tsmux.o
        32          4          0          1          0        919   vatek_userdata.o

    ----------------------------------------------------------------------
     53538       9170       3904       1928      20684    1190054   Object Totals
         0          0         32          0          0          0   (incl. Generated)
        76          0         11         16          7          0   (incl. Padding)

    ----------------------------------------------------------------------

      Code (inc. data)   RO Data    RW Data    ZI Data      Debug   Library Member Name

        86          0          0          0          0          0   __dczerorl2.o
         0          0          0          0          0          0   entry.o
         0          0          0          0          0          0   entry10a.o
         0          0          0          0          0          0   entry11a.o
         4          0          0          0          0          0   entry12b.o
         8          4          0          0          0          0   entry2.o
         4          0          0          0          0          0   entry5.o
         0          0          0          0          0          0   entry7b.o
         0          0          0          0          0          0   entry8b.o
         8          4          0          0          0          0   entry9a.o
        30          0          0          0          0          0   handlers.o
        36          8          0          0          0         68   init.o
        30          0          0          0          0         68   llshl.o
        32          0          0          0          0         68   llushr.o
       188         20          0          0          0        160   malloc.o
        26          0          0          0          0         80   memcmp.o
        36          0          0          0          0         68   memcpya.o
        36          0          0          0          0        108   memseta.o
         0          0          0          8          0          0   mvars.o
      1142         54          0          0          0        352   printf8.o
         0          0          0          4          0          0   stdout.o
        98          0          0          0          0         92   uldiv.o

    ----------------------------------------------------------------------
      1770         90          0         12          0       1064   Library Totals
         6          0          0          0          0          0   (incl. Padding)

    ----------------------------------------------------------------------

      Code (inc. data)   RO Data    RW Data    ZI Data      Debug   Library Name

      1764         90          0         12          0       1064   mc_w.l

    ----------------------------------------------------------------------
      1770         90          0         12          0       1064   Library Totals

    ----------------------------------------------------------------------

==============================================================================


      Code (inc. data)   RO Data    RW Data    ZI Data      Debug   

     55308       9260       3904       1940      20684    1155282   Grand Totals
     55308       9260       3904        612      20684    1155282   ELF Image Totals (compressed)
     55308       9260       3904        612          0          0   ROM Totals

==============================================================================

    Total RO  Size (Code + RO Data)                59212 (  57.82kB)
    Total RW  Size (RW Data + ZI Data)             22624 (  22.09kB)
    Total ROM Size (Code + RO Data + RW Data)      59824 (  58.42kB)

==============================================================================

