<html>
<body>
<pre>
<h1>µVision Build Log</h1>
<h2>Tool Versions:</h2>
IDE-Version: £gVision V5.36.0.0
Copyright (C) 2021 ARM Ltd and ARM Germany GmbH. All rights reserved.
License Information: 000 000, 000, LIC=ATTQ1-C2ZBT-RA1DM-XA54U-AHNEM-6389R
 
Tool Versions:
Toolchain:       MDK-ARM Plus  Version: 5.36.0.0
Toolchain Path:  D:\Keil_C\ARM_Pack\ARM\ARMCC\Bin
C Compiler:      Armcc.exe V5.06 update 7 (build 960)
Assembler:       Armasm.exe V5.06 update 7 (build 960)
Linker/Locator:  ArmLink.exe V5.06 update 7 (build 960)
Library Manager: ArmAr.exe V5.06 update 7 (build 960)
Hex Converter:   FromElf.exe V5.06 update 7 (build 960)
CPU DLL:         SARMCM3.DLL V5.36.0.0
Dialog DLL:      DCM.DLL V1.17.3.0
Target DLL:      STLink\ST-LINKIII-KEIL_SWO.dll V3.0.9.0
Dialog DLL:      TCM.DLL V1.53.0.0
 
<h2>Project:</h2>
D:\DeskTop\MDK\mdk20231117_backup\mdk20231024\project\vatek_encoder\MDK-ARM\vatek_encoder.uvprojx
Project File Date:  11/24/2023

<h2>Output:</h2>
*** Using Compiler 'V5.06 update 7 (build 960)', folder: 'D:\Keil_C\ARM_Pack\ARM\ARMCC\Bin'
Build target 'vatek_encoder'
compiling vatek_sample_encoder_via_h1.c...
..\..\..\sample\inc\vatek_sample_encoder_via_h1.h(9): warning:  #1295-D: Deprecated declaration vatek_encoder_v1_polling - give arg types
  vatek_result vatek_encoder_v1_polling();
..\..\..\sample\inc\vatek_sample_modulator.h(7): warning:  #1-D: last line of file ends without a newline
  vatek_result b_modulator_select(Phbroadcast bc_handle, modulator_type m_type,uint32_t bandwidth);
..\..\..\sample\src\vatek_sample_encoder_via_h1.c(21): warning:  #1295-D: Deprecated declaration init_process - give arg types
  static vatek_result init_process();
..\..\..\sample\src\vatek_sample_encoder_via_h1.c(22): warning:  #1295-D: Deprecated declaration v1_set_logo - give arg types
  static vatek_result v1_set_logo();
..\..\..\sample\src\vatek_sample_encoder_via_h1.c(23): warning:  #1295-D: Deprecated declaration v1_set_phy - give arg types
  static vatek_result v1_set_phy();
..\..\..\sample\src\vatek_sample_encoder_via_h1.c(24): warning:  #1295-D: Deprecated declaration v1_process - give arg types
  static vatek_result v1_process();
..\..\..\sample\src\vatek_sample_encoder_via_h1.c(25): warning:  #1295-D: Deprecated declaration a3_process - give arg types
  static vatek_result a3_process();
..\..\..\sample\src\vatek_sample_encoder_via_h1.c(48): warning:  #177-D: variable "h1_status"  was declared but never referenced
  	phy_status h1_status = phy_status_unknown;
..\..\..\sample\src\vatek_sample_encoder_via_h1.c(205): warning:  #188-D: enumerated type mixed with another type
  	logo_input_parm logo_in = {0};
..\..\..\sample\src\vatek_sample_encoder_via_h1.c(222): warning:  #188-D: enumerated type mixed with another type
  	video_input_parm vi_parm = {0};
..\..\..\sample\src\vatek_sample_encoder_via_h1.c(223): warning:  #188-D: enumerated type mixed with another type
  	audio_input_parm ai_parm = {0};
..\..\..\sample\src\vatek_sample_encoder_via_h1.c(242): warning:  #188-D: enumerated type mixed with another type
  		phy_audio_info phy_ai = {0};
..\..\..\sample\src\vatek_sample_encoder_via_h1.c(243): warning:  #188-D: enumerated type mixed with another type
  		phy_video_info phy_vi = {0};
..\..\..\sample\src\vatek_sample_encoder_via_h1.c(296): warning:  #188-D: enumerated type mixed with another type
  	video_encode_v1_parm ve_parm = {0};
..\..\..\sample\src\vatek_sample_encoder_via_h1.c(297): warning:  #188-D: enumerated type mixed with another type
  	audio_encode_parm ae_parm = {0};
..\..\..\sample\src\vatek_sample_encoder_via_h1.c(310): warning:  #188-D: enumerated type mixed with another type
  	encoder_quality_parm eq_parm = {0};
..\..\..\sample\src\vatek_sample_encoder_via_h1.c(356): warning:  #550-D: variable "h1_info"  was set but never used
  		broadcast_infotype h1_info = bc_reg_600;
..\..\..\sample\src\vatek_sample_encoder_via_h1.c(293): warning:  #177-D: variable "start_tick"  was declared but never referenced
  	static uint32_t start_tick = 0, count_i = 0;
..\..\..\sample\src\vatek_sample_encoder_via_h1.c(293): warning:  #177-D: variable "count_i"  was declared but never referenced
  	static uint32_t start_tick = 0, count_i = 0;
..\..\..\sample\src\vatek_sample_encoder_via_h1.c(422): warning:  #1-D: last line of file ends without a newline
  }
..\..\..\sample\src\vatek_sample_encoder_via_h1.c(378): warning:  #177-D: variable "ep_status"  was declared but never referenced
  	phy_status ep_status = phy_status_unknown;
..\..\..\sample\src\vatek_sample_encoder_via_h1.c(202): warning:  #177-D: function "v1_set_logo"  was declared but never referenced
  static vatek_result v1_set_logo()
..\..\..\sample\src\vatek_sample_encoder_via_h1.c: 22 warnings, 0 errors
linking...
Program Size: Code=38608 RO-data=2120 RW-data=340 ZI-data=21052  
FromELF: creating hex file...
"vatek_encoder\vatek_encoder.axf" - 0 Error(s), 22 Warning(s).

<h2>Software Packages used:</h2>

Package Vendor: ARM
                http://www.keil.com/pack/ARM.CMSIS.5.8.0.pack
                ARM.CMSIS.5.8.0
                CMSIS (Common Microcontroller Software Interface Standard)
   * Component: CORE Version: 5.5.0

Package Vendor: Keil
                http://www.keil.com/pack/Keil.STM32F4xx_DFP.2.15.0.pack
                Keil.STM32F4xx_DFP.2.15.0
                STMicroelectronics STM32F4 Series Device Support, Drivers and Examples

<h2>Collection of Component include folders:</h2>
  .\RTE\_vatek_encoder
  D:\Keil_C\ARM_Pack\ARM\CMSIS\5.8.0\CMSIS\Core\Include
  D:\Keil_C\ARM_Pack\Keil\STM32F4xx_DFP\2.15.0\Drivers\CMSIS\Device\ST\STM32F4xx\Include

<h2>Collection of Component Files used:</h2>

   * Component: ARM::CMSIS:CORE:5.5.0
      Include file:  CMSIS\Core\Include\tz_context.h
Build Time Elapsed:  00:00:08
</pre>
</body>
</html>
